04-11 16:19:16.550  3000  3006 I artd    : GetBestInfo: /data/user_de/0/com.google.android.gms/app_chimera/m/0000000e/dl-PlayCloudSearch.optional_253434100000.apk has no usable artifacts
04-11 16:19:16.783  7814  7814 D nativeloader: Configuring clns-9 for other apk /data/app/~~AHCE5zqr0cbVR83VEnoMEg==/com.sysadmindoc.callshield-vRuJdOtkd_KMAdfbZ7QqZg==/base.apk. target_sdk_version=35, uses_libraries=, library_path=/data/app/~~AHCE5zqr0cbVR83VEnoMEg==/com.sysadmindoc.callshield-vRuJdOtkd_KMAdfbZ7QqZg==/lib/x86_64:/data/app/~~AHCE5zqr0cbVR83VEnoMEg==/com.sysadmindoc.callshield-vRuJdOtkd_KMAdfbZ7QqZg==/base.apk!/lib/x86_64, permitted_path=/data:/mnt/expand:/data/user/0/com.sysadmindoc.callshield
04-11 16:19:16.787  7814  7814 D CompatChangeReporter: Compat change id reported: 202956589; UID 10228; state: ENABLED
04-11 16:19:16.797  7814  7814 V GraphicsEnvironment: Currently set values for:
04-11 16:19:16.797  7814  7814 V GraphicsEnvironment:   angle_gl_driver_selection_pkgs=[]
04-11 16:19:16.797  7814  7814 V GraphicsEnvironment:   angle_gl_driver_selection_values=[]
04-11 16:19:16.797  7814  7814 V GraphicsEnvironment: com.sysadmindoc.callshield is not listed in per-application setting
04-11 16:19:16.797  7814  7814 V GraphicsEnvironment: ANGLE allowlist from config: com.dreamgames.royalmatch com.dts.freefiremax com.dxx.firenow com.gramgames.mergedragons com.ludo.king com.mojang.minecraftpe com.my.defense com.nintendo.zaka com.os.airforce com.playrix.fishdomdd.gplay io.teslatech.callbreak jp.konami.prospia net.peakgames.toonblast
04-11 16:19:16.797  7814  7814 V GraphicsEnvironment: No special selections for ANGLE, returning default driver choice
04-11 16:19:16.797  7814  7814 V GraphicsEnvironment: Neither updatable production driver nor prerelease driver is supported.
04-11 16:19:16.816  7814  7814 D WM-WrkMgrInitializer: Initializing WorkManager with default configuration.
04-11 16:19:16.898  7814  7814 D WM-PackageManagerHelper: Skipping component enablement for androidx.work.impl.background.systemjob.SystemJobService
04-11 16:19:16.898  7814  7814 D WM-Schedulers: Created SystemJobScheduler and enabled SystemJobService
04-11 16:19:16.956  7814  7831 D WM-ForceStopRunnable: The default process name was not specified.
04-11 16:19:16.958  7814  7831 D WM-ForceStopRunnable: Performing cleanup operations.
04-11 16:19:16.970  7814  7831 E ashmem  : Pinning is deprecated since Android Q. Please use trim or other methods.
04-11 16:19:17.003  1095  1163 V WindowManagerShell: Transition animation finished (aborted=false), notifying core (#27) android.os.BinderProxy@917352d@0
04-11 16:19:17.007  1095  1163 V WindowManagerShell: Track 0 became idle
04-11 16:19:17.007  1095  1163 V WindowManagerShell: All active transition animations finished
04-11 16:19:17.008   808   868 V WindowManager: Finish Transition (#27): created at 04-11 16:19:16.247 collect-started=0.096ms request-sent=18.387ms started=50.36ms ready=210.156ms sent=212.056ms commit=26.681ms finished=758.199ms
04-11 16:19:17.010  7215  7215 D VRI[MainActivity]: visibilityChanged oldVisibility=true newVisibility=false
04-11 16:19:17.014   808  1072 W ImageReader_JNI: Unable to acquire a buffer item, very likely client tried to acquire more than maxImages buffers
04-11 16:19:17.061  7814  7834 D WM-PackageManagerHelper: Skipping component enablement for androidx.work.impl.background.systemalarm.RescheduleReceiver
04-11 16:19:17.084   808  1145 D CompatChangeReporter: Compat change id reported: 324203798; UID 10228; state: ENABLED
04-11 16:19:17.089   808  1049 D BackgroundInstallControlService: Package event received: 0
04-11 16:19:17.089   808  1049 D BackgroundInstallControlService: Package event received: 0
04-11 16:19:17.096  7814  7838 I DisplayManager: Choreographer implicitly registered for the refresh rate.
04-11 16:19:17.129  7814  7814 D DesktopExperienceFlags: Toggle override initialized to: false
04-11 16:19:17.136  7814  7838 I GFXSTREAM: [eglDisplay.cpp(297)] Opening libGLESv1_CM_emulation.so
04-11 16:19:17.137  7814  7838 I GFXSTREAM: [eglDisplay.cpp(297)] Opening libGLESv2_emulation.so
04-11 16:19:17.155  7814  7838 W HWUI    : Failed to choose config with EGL_SWAP_BEHAVIOR_PRESERVED, retrying without...
04-11 16:19:17.156  7814  7838 W HWUI    : Failed to initialize 101010-2 format, error = EGL_SUCCESS
04-11 16:19:17.163  7814  7814 D CompatChangeReporter: Compat change id reported: 309578419; UID 10228; state: ENABLED
04-11 16:19:17.163  7814  7814 D DesktopModeFlags: Toggle override initialized to: OVERRIDE_UNSET
04-11 16:19:17.171  7389  7395 W id.apps.restore: userfaultfd: MOVE ioctl seems unsupported: Connection timed out
04-11 16:19:17.223  7389  7400 V ClearcutMetricXmitter: Transmission is done.
04-11 16:19:17.223  7389  7401 V ClearcutMetricXmitter: Transmission is done.
04-11 16:19:17.246  7814  7814 D CompatChangeReporter: Compat change id reported: 349153669; UID 10228; state: ENABLED
04-11 16:19:17.250  7814  7814 W HWUI    : Unknown dataspace 0
04-11 16:19:17.270  7814  7814 D WindowOnBackDispatcher: setTopOnBackInvokedCallback (unwrapped): android.app.Activity$$ExternalSyntheticLambda0@46a129f
04-11 16:19:17.271   808  1145 D CoreBackPreview: Window{69975b1 u0 com.sysadmindoc.callshield/com.sysadmindoc.callshield.ui.MainActivity}: Setting back callback OnBackInvokedCallbackInfo{mCallback=android.window.IOnBackInvokedCallback$Stub$Proxy@b5f5a04, mPriority=-1, mIsAnimationCallback=false, mOverrideBehavior=0}
04-11 16:19:17.608  7814  7822 I ndoc.callshield: Compiler allocated 5082KB to compile void android.view.ViewRootImpl.performTraversals()
04-11 16:19:17.748  7814  7814 D VRI[MainActivity]: WindowInsets changed: 1080x2400 statusBars:[0,63,0,0] navigationBars:[0,0,0,63] mandatorySystemGestures:[0,63,0,84] 
04-11 16:19:17.866  7852  7852 D AndroidRuntime: >>>>>> START com.android.internal.os.RuntimeInit uid 2000 <<<<<<
04-11 16:19:17.884  7852  7852 I AndroidRuntime: Using default boot image
04-11 16:19:17.884  7852  7852 I AndroidRuntime: Leaving lock profiling enabled
04-11 16:19:17.884  7814  7814 I HWUI    : Using FreeType backend (prop=Auto)
04-11 16:19:17.886  7852  7852 I app_process: Using CollectorTypeCMC GC.
04-11 16:19:17.993  7814  7814 W ndoc.callshield: Method boolean androidx.compose.runtime.snapshots.SnapshotStateList.conditionalUpdate(boolean, kotlin.jvm.functions.Function1) failed lock verification and will run slower.
04-11 16:19:17.993  7814  7814 W ndoc.callshield: Common causes for lock verification issues are non-optimized dex code
04-11 16:19:17.993  7814  7814 W ndoc.callshield: and incorrect proguard optimizations.
04-11 16:19:17.993  7814  7814 W ndoc.callshield: Method boolean androidx.compose.runtime.snapshots.SnapshotStateList.conditionalUpdate$default(androidx.compose.runtime.snapshots.SnapshotStateList, boolean, kotlin.jvm.functions.Function1, int, java.lang.Object) failed lock verification and will run slower.
04-11 16:19:17.994  7814  7814 W ndoc.callshield: Method java.lang.Object androidx.compose.runtime.snapshots.SnapshotStateList.mutate(kotlin.jvm.functions.Function1) failed lock verification and will run slower.
04-11 16:19:17.994  7814  7814 W ndoc.callshield: Method void androidx.compose.runtime.snapshots.SnapshotStateList.update(boolean, kotlin.jvm.functions.Function1) failed lock verification and will run slower.
04-11 16:19:17.994  7814  7814 W ndoc.callshield: Method void androidx.compose.runtime.snapshots.SnapshotStateList.update$default(androidx.compose.runtime.snapshots.SnapshotStateList, boolean, kotlin.jvm.functions.Function1, int, java.lang.Object) failed lock verification and will run slower.
04-11 16:19:18.026  7814  7814 D CompatChangeReporter: Compat change id reported: 303742236; UID 10228; state: ENABLED
04-11 16:19:18.064  7814  7814 D CompatChangeReporter: Compat change id reported: 270674727; UID 10228; state: ENABLED
04-11 16:19:18.096  7852  7852 D nativeloader: InitDefaultPublicLibraries for_preload=1: libandroid.so:libaaudio.so:libamidi.so:libbinder_ndk.so:libc.so:libcamera2ndk.so:libdl.so:libEGL.so:libGLESv1_CM.so:libGLESv2.so:libGLESv3.so:libicu.so:libicui18n.so:libicuuc.so:libjnigraphics.so:liblog.so:libmediandk.so:libm.so:libnativehelper.so:libnativewindow.so:libOpenMAXAL.so:libOpenSLES.so:libRS.so:libstdc++.so:libsync.so:libvulkan.so:libwebviewchromium_plat_support.so:libz.so
04-11 16:19:18.116  7852  7852 D nativeloader: Load libicu_jni.so using APEX ns com_android_art for caller /apex/com.android.art/javalib/core-oj.jar: ok
04-11 16:19:18.117  7852  7852 D app_process: u_setTimeZoneFilesDirectory("/apex/com.android.tzdata/etc/tz/versioned/9/icu") succeeded. 
04-11 16:19:18.117  7852  7852 D app_process: I18n APEX ICU file found: /apex/com.android.i18n/etc/icu/icudt76l.dat
04-11 16:19:18.120  7852  7852 D nativeloader: Load libjavacore.so using APEX ns com_android_art for caller /apex/com.android.art/javalib/core-oj.jar: ok
04-11 16:19:18.122  7852  7852 D nativeloader: Load libopenjdk.so using APEX ns com_android_art for caller /apex/com.android.art/javalib/core-oj.jar: ok
04-11 16:19:18.123  7852  7852 I app_process: Priority-to-niceness mapping: 19, 16, 13, 10, 0, -2, -4, -5, -6, -8
04-11 16:19:18.123  7852  7852 W app_process: Unexpected CPU variant for x86: x86_64.
04-11 16:19:18.123  7852  7852 W app_process: Known variants: atom, sandybridge, silvermont, goldmont, goldmont-plus, goldmont-without-sha-xsaves, tremont, kabylake, alderlake, default
04-11 16:19:18.129  7852  7852 W app_process: ClassLoaderContext shared library size mismatch. Expected=2, found=0 (PCL[]{PCL[/system/framework/android.test.base.jar*1947731759]#PCL[/system/framework/android.test.mock.jar*3673435773]} | PCL[])
04-11 16:19:18.131  7852  7852 W app_process: ClassLoaderContext classpath size mismatch. expected=0, found=1 (PCL[]{PCL[/system/framework/android.test.runner.jar*3527284906]{PCL[/system/framework/android.test.base.jar*1947731759]#PCL[/system/framework/android.test.mock.jar*3673435773]}#PCL[/system/framework/android.test.base.jar*1947731759]} | PCL[/system/framework/android.test.runner.jar*3527284906])
04-11 16:19:18.150  7852  7852 D nativeloader: Load libframework-connectivity-tiramisu-jni.so using APEX ns com_android_tethering for caller /apex/com.android.tethering/javalib/framework-connectivity-t.jar: ok
04-11 16:19:18.151  7852  7852 D AndroidRuntime: Calling main entry com.android.commands.uiautomator.Launcher
04-11 16:19:18.161  7852  7852 I AconfigPackage: android.media.swcodec.flags is mapped to com.android.media.swcodec
04-11 16:19:18.163  7852  7852 I AconfigPackage: com.android.permission.flags is mapped to com.android.permission
04-11 16:19:18.163  7852  7852 I AconfigPackage: com.android.permissioncontroller.flags is mapped to com.android.permission
04-11 16:19:18.164  7852  7852 I AconfigPackage: com.android.icu is mapped to com.android.i18n
04-11 16:19:18.165  7852  7852 I AconfigPackage: com.android.appsearch.flags is mapped to com.android.appsearch
04-11 16:19:18.166  7852  7852 I AconfigPackage: android.uprobestats.mainline.flags is mapped to com.android.uprobestats
04-11 16:19:18.167  7852  7852 I AconfigPackage: com.android.crashrecovery.flags is mapped to com.android.crashrecovery
04-11 16:19:18.168  7852  7852 I AconfigPackage: android.provider.flags is mapped to com.android.configinfrastructure
04-11 16:19:18.168  7852  7852 I AconfigPackage: com.android.server.deviceconfig is mapped to com.android.configinfrastructure
04-11 16:19:18.169  7852  7852 I AconfigPackage: com.android.compos.flags is mapped to com.android.compos
04-11 16:19:18.170  7852  7852 I AconfigPackage: com.android.art.flags is mapped to com.android.art
04-11 16:19:18.170  7852  7852 I AconfigPackage: com.android.art.rw.flags is mapped to com.android.art
04-11 16:19:18.170  7852  7852 I AconfigPackage: com.android.libcore is mapped to com.android.art
04-11 16:19:18.172  7852  7852 I AconfigPackage: com.android.telephony.flags is mapped to com.android.telephonycore
04-11 16:19:18.173  7852  7852 I AconfigPackage: com.android.media.extractor.flags is mapped to com.android.media
04-11 16:19:18.173  7852  7852 I AconfigPackage: com.android.media.mainline.flags is mapped to com.android.media
04-11 16:19:18.174  7852  7852 I AconfigPackage: com.android.wifi.flags is mapped to com.android.wifi
04-11 16:19:18.174  7852  7852 I AconfigPackage: com.android.org.conscrypt.flags is mapped to com.android.conscrypt
04-11 16:19:18.174  7852  7852 I AconfigPackage: com.android.org.conscrypt.net.flags is mapped to com.android.conscrypt
04-11 16:19:18.175  7852  7852 I AconfigPackage: com.android.healthfitness.flags is mapped to com.android.healthfitness
04-11 16:19:18.176  7852  7852 I AconfigPackage: com.android.ipsec.flags is mapped to com.android.ipsec
04-11 16:19:18.177  7852  7852 I AconfigPackage: com.android.nfc.module.flags is mapped to com.android.nfcservices
04-11 16:19:18.178  7852  7852 I AconfigPackage: com.android.adservices.ondevicepersonalization.flags is mapped to com.android.ondevicepersonalization
04-11 16:19:18.179  7852  7852 I AconfigPackage: com.android.adbd.flags is mapped to com.android.adbd
04-11 16:19:18.180  7852  7852 I AconfigPackage: com.android.bluetooth.flags is mapped to com.android.bt
04-11 16:19:18.181  7852  7852 I AconfigPackage: com.android.devicelock.flags is mapped to com.android.devicelock
04-11 16:19:18.183  7852  7852 I AconfigPackage: android.os.profiling is mapped to com.android.profiling
04-11 16:19:18.183  7852  7852 I AconfigPackage: android.os.profiling.anomaly.flags is mapped to com.android.profiling
04-11 16:19:18.184  7852  7852 I AconfigPackage: com.android.os.statsd.flags is mapped to com.android.os.statsd
04-11 16:19:18.185  7852  7852 I AconfigPackage: com.android.rkpd.flags is mapped to com.android.rkpd
04-11 16:19:18.186  7852  7852 I AconfigPackage: com.android.cellbroadcastreceiver.flags is mapped to com.android.cellbroadcast
04-11 16:19:18.187  7852  7852 I AconfigPackage: com.android.adservices.flags is mapped to com.android.adservices
04-11 16:19:18.187  7852  7852 I AconfigPackage: com.android.sdksandbox.flags is mapped to com.android.adservices
04-11 16:19:18.188  7852  7852 I AconfigPackage: com.android.uwb.flags is mapped to com.android.uwb
04-11 16:19:18.188  7852  7852 I AconfigPackage: com.android.ranging.flags is mapped to com.android.uwb
04-11 16:19:18.189  7852  7852 I AconfigPackage: android.graphics.pdf.flags is mapped to com.android.mediaprovider
04-11 16:19:18.189  7852  7852 I AconfigPackage: com.android.providers.media.flags is mapped to com.android.mediaprovider
04-11 16:19:18.189  7852  7852 I AconfigPackage: android.graphics.pdf.flags.readonly is mapped to com.android.mediaprovider
04-11 16:19:18.190  7852  7852 I AconfigPackage: com.android.tethering.mainline.beta is mapped to com.android.tethering
04-11 16:19:18.190  7852  7852 I AconfigPackage: android.net.http is mapped to com.android.tethering
04-11 16:19:18.190  7852  7852 I AconfigPackage: com.android.tethering.readonly.flags is mapped to com.android.tethering
04-11 16:19:18.190  7852  7852 I AconfigPackage: android.net.vcn is mapped to com.android.tethering
04-11 16:19:18.190  7852  7852 I AconfigPackage: com.android.net.flags is mapped to com.android.tethering
04-11 16:19:18.190  7852  7852 I AconfigPackage: com.android.tethering.beta.test is mapped to com.android.tethering
04-11 16:19:18.190  7852  7852 I AconfigPackage: com.android.nearby.flags is mapped to com.android.tethering
04-11 16:19:18.190  7852  7852 I AconfigPackage: com.android.net.ct.flags is mapped to com.android.tethering
04-11 16:19:18.190  7852  7852 I AconfigPackage: com.android.net.thread.flags is mapped to com.android.tethering
04-11 16:19:18.191  7852  7852 I AconfigPackage: com.android.system.virtualmachine.flags is mapped to com.android.virt
04-11 16:19:18.192  7852  7852 E FeatureFlagsImplExport: android.os.flagging.AconfigStorageReadException: ERROR_PACKAGE_NOT_FOUND: package android.xr cannot be found on the device
04-11 16:19:18.195  7852  7852 D UiAutomationConnection: Created on user UserHandle{0}
04-11 16:19:18.195  7852  7852 I UiAutomation: Initialized for user 0 on display 0
04-11 16:19:18.195  7852  7852 W UiAutomation: Created with deprecatead constructor, assumes DEFAULT_DISPLAY
04-11 16:19:18.199   808  1145 D AccessibilityManagerService: changeCurrentUserForTestAutomationIfNeededLocked(0): ignoring because device doesn't support visible background users
04-11 16:19:18.200   808  1145 I UiAutomationManager: Registering UiTestAutomationService (id=com.android.server.accessibility/UiAutomation, flags=0x0) when called by user 0
04-11 16:19:18.200   808  1145 V AccessibilityManagerService: onUserStateChangedLocked for userId: 0, forceUpdate: false
04-11 16:19:18.225   808  1145 V AccessibilityUserState: updateShortcutTargets: type:accessibility_shortcut_target_service, current:{}, new:{}
04-11 16:19:18.225   808  1145 V AccessibilityUserState: updateShortcutTargets: type:accessibility_button_targets, current:{}, new:{}
04-11 16:19:18.225   808  1145 V AccessibilityUserState: updateShortcutTargets: type:accessibility_gesture_targets, current:{}, new:{}
04-11 16:19:18.225   808  1145 V AccessibilityUserState: updateShortcutTargets: type:accessibility_qs_targets, current:{}, new:{}
04-11 16:19:18.225   808  1145 V AccessibilityUserState: updateShortcutTargets: type:accessibility_key_gesture_targets, current:{}, new:{}
04-11 16:19:18.226   808  1145 W MagnificationConnectionManager: requestConnection duplicated request: connect=false, mConnectionState=DISCONNECTED
04-11 16:19:18.230   808   808 W libbinder.IPCThreadState: Sending oneway calls to frozen process.
04-11 16:19:18.231   808   808 W libbinder.IPCThreadState: Sending oneway calls to frozen process.
04-11 16:19:18.234   808  2093 V AccessibilityManagerService: onUserStateChangedLocked for userId: 0, forceUpdate: false
04-11 16:19:18.236   808  2093 V AccessibilityUserState: updateShortcutTargets: type:accessibility_shortcut_target_service, current:{}, new:{}
04-11 16:19:18.236   808  2093 V AccessibilityUserState: updateShortcutTargets: type:accessibility_button_targets, current:{}, new:{}
04-11 16:19:18.236   808  2093 V AccessibilityUserState: updateShortcutTargets: type:accessibility_gesture_targets, current:{}, new:{}
04-11 16:19:18.236   808  2093 V AccessibilityUserState: updateShortcutTargets: type:accessibility_qs_targets, current:{}, new:{}
04-11 16:19:18.236   808  2093 V AccessibilityUserState: updateShortcutTargets: type:accessibility_key_gesture_targets, current:{}, new:{}
04-11 16:19:18.236   808  2093 W MagnificationConnectionManager: requestConnection duplicated request: connect=false, mConnectionState=DISCONNECTED
04-11 16:19:18.236   808   808 W libbinder.IPCThreadState: Sending oneway calls to frozen process.
04-11 16:19:18.238   808   808 W libbinder.IPCThreadState: Sending oneway calls to frozen process.
04-11 16:19:18.241   808   808 W libbinder.IPCThreadState: Sending oneway calls to frozen process.
04-11 16:19:18.244   808   808 D BatterySaverPolicy: accessibility changed to true, updating policy.
04-11 16:19:18.256   808  1700 D AccessibilityManagerService: .getAccessibilityShortcutTargets {shortcutType=32, userId=0}
04-11 16:19:18.263  1435  3003 D AccessibilitySourceService: enabled a11y services count 0
04-11 16:19:18.263  1435  3003 D AccessibilitySourceService: a11y source sending 0 issue to sc
04-11 16:19:18.263   808  2091 D SafetySourceDataValidat: No cert check requested for package com.google.android.permissioncontroller
04-11 16:19:18.264  1746  1755 I AiAiEcho: Settings changed for uri: content://settings/secure/accessibility_enabled
04-11 16:19:18.267  1746  1755 I AiAiEcho: Settings changed for uri: content://settings/secure/accessibility_enabled
04-11 16:19:18.271  1746  1947 I AiAiEcho: Predicting[0]:  [CONTEXT sampling_count=5 ]
04-11 16:19:18.271  1746  1947 I AiAiEcho: EchoTargets: 
04-11 16:19:18.271  1746  1947 I AiAiEcho: Filtered by AiAi flag check: 
04-11 16:19:18.271  1746  1947 I AiAiEcho: [CONTEXT ratelimit_period="10 SECONDS" ]
04-11 16:19:18.272  1746  1947 I AiAiEcho: #remoteViewsTwiddler: feature disabled.
04-11 16:19:18.272  1746  1947 I AiAiEcho: Predicting[0]:  [CONTEXT sampling_count=5 ]
04-11 16:19:18.273  1746  1947 I AiAiEcho: EchoTargets: 
04-11 16:19:18.273  1746  1947 I AiAiEcho: Filtered by AiAi flag check: 
04-11 16:19:18.273  1746  1947 I AiAiEcho: [CONTEXT ratelimit_period="10 SECONDS" ]
04-11 16:19:18.273  1746  1947 I AiAiEcho: #remoteViewsTwiddler: feature disabled.
04-11 16:19:18.273  1746  1947 I AiAiEcho: Predicting[0]:  [CONTEXT sampling_count=5 ]
04-11 16:19:18.273  1746  1947 I AiAiEcho: EchoTargets: 
04-11 16:19:18.273  1746  1947 I AiAiEcho: Filtered by AiAi flag check: 
04-11 16:19:18.273  1746  1947 I AiAiEcho: [CONTEXT ratelimit_period="10 SECONDS" ]
04-11 16:19:18.273  1746  1947 I AiAiEcho: #remoteViewsTwiddler: feature disabled.
04-11 16:19:18.273  1746  1947 I AiAiEcho: Predicting[0]:  [CONTEXT sampling_count=5 ]
04-11 16:19:18.273  1746  1947 I AiAiEcho: EchoTargets: 
04-11 16:19:18.273  1746  1947 I AiAiEcho: Filtered by AiAi flag check: 
04-11 16:19:18.273  1746  1947 I AiAiEcho: [CONTEXT ratelimit_period="10 SECONDS" ]
04-11 16:19:18.273  1746  1947 I AiAiEcho: #remoteViewsTwiddler: feature disabled.
04-11 16:19:18.273  1746  1947 I AiAiEcho: Predicting[0]:  [CONTEXT sampling_count=5 ]
04-11 16:19:18.273  1746  1947 I AiAiEcho: EchoTargets: 
04-11 16:19:18.273  1746  1947 I AiAiEcho: Filtered by AiAi flag check: 
04-11 16:19:18.273  1746  1947 I AiAiEcho: [CONTEXT ratelimit_period="10 SECONDS" ]
04-11 16:19:18.274  1746  1947 I AiAiEcho: #remoteViewsTwiddler: feature disabled.
04-11 16:19:18.274  1746  1947 I AiAiEcho: Predicting[0]:  [CONTEXT sampling_count=5 ]
04-11 16:19:18.274  1746  1947 I AiAiEcho: EchoTargets: 
04-11 16:19:18.274  1746  1947 I AiAiEcho: Filtered by AiAi flag check: 
04-11 16:19:18.274  1746  1947 I AiAiEcho: [CONTEXT ratelimit_period="10 SECONDS" ]
04-11 16:19:18.274  1746  1947 I AiAiEcho: #remoteViewsTwiddler: feature disabled.
04-11 16:19:18.278  1746  1947 I AiAiEcho: #postPredictionTargets: Sending updates to UISurface lockscreen with targets# 0 (types=[])
04-11 16:19:18.279  1746  1947 I AiAiEcho: #postPredictionTargets: Sending updates to UISurface ambientcue with targets# 0 (types=[])
04-11 16:19:18.280  1095  1095 W SsPagerDots: Total number of pages invalid: 0. Assuming 1 page.
04-11 16:19:18.280  1746  1947 I AiAiEcho: #postPredictionTargets: Sending updates to UISurface home with targets# 0 (types=[])
04-11 16:19:18.281  1095  1308 I AmbientCueRepository: Receiving SmartSpace targets # 0
04-11 16:19:18.281  1746  1947 I AiAiEcho: #postPredictionTargets: Sending updates to UISurface lockscreen with targets# 0 (types=[])
04-11 16:19:18.281  1746  1947 I AiAiEcho: #postPredictionTargets: Sending updates to UISurface ambientcue with targets# 0 (types=[])
04-11 16:19:18.281  1095  1095 W SsPagerDots: Total number of pages invalid: 0. Assuming 1 page.
04-11 16:19:18.282  1746  1947 I AiAiEcho: #postPredictionTargets: Sending updates to UISurface home with targets# 0 (types=[])
04-11 16:19:18.282  1095  1308 I AmbientCueRepository: Receiving SmartSpace targets # 0
04-11 16:19:18.353   808   868 I ActivityTaskManager: Displayed com.sysadmindoc.callshield/.ui.MainActivity for user 0: +2s111ms
04-11 16:19:18.353  7814  7829 I HWUI    : Davey! duration=1084ms; Flags=1, FrameTimelineVsyncId=57731, IntendedVsync=1429862941404, Vsync=1429862941404, InputEventId=0, HandleInputStart=1429865380600, AnimationStart=1429865393500, PerformTraversalsStart=1429865414300, DrawStart=1430866388500, FrameDeadline=1429879608070, FrameStartTime=1429865370100, FrameInterval=16666666, WorkloadTarget=16666666, SyncQueued=1430909611900, SyncStart=1430909952800, IssueDrawCommandsStart=1430910126900, SwapBuffers=1430934325200, FrameCompleted=1430947371800, DequeueBufferDuration=16000, QueueBufferDuration=614000, GpuCompleted=1430947371800, SwapBuffersCompleted=1430944583100, DisplayPresentTime=0, CommandSubmissionCompleted=1430934325200, 
04-11 16:19:18.380  7814  7814 I Choreographer: Skipped 63 frames!  The application may be doing too much work on its main thread.
04-11 16:19:18.403  7814  7827 I HWUI    : Davey! duration=1083ms; Flags=0, FrameTimelineVsyncId=57746, IntendedVsync=1429912941402, Vsync=1430962941360, InputEventId=0, HandleInputStart=1430976314500, AnimationStart=1430976351200, PerformTraversalsStart=1430990100300, DrawStart=1430991087300, FrameDeadline=1430979608026, FrameStartTime=1430976064100, FrameInterval=16666666, WorkloadTarget=16666666, SyncQueued=1430991761800, SyncStart=1430992092200, IssueDrawCommandsStart=1430992194800, SwapBuffers=1430992862400, FrameCompleted=1430996775100, DequeueBufferDuration=14500, QueueBufferDuration=165600, GpuCompleted=1430996775100, SwapBuffersCompleted=1430993530600, DisplayPresentTime=0, CommandSubmissionCompleted=1430992862400, 
04-11 16:19:18.416  1400  4626 I FontLog : (REDACTED) Received query %s, URI %s
04-11 16:19:18.419  1400  4626 I FontLog : (REDACTED) Query [%s] resolved to %s
04-11 16:19:18.439  1400  4626 I FontLog : (REDACTED) Fetch %s end status %s
04-11 16:19:18.445  1400  4626 I FontLog : (REDACTED) Pulling font file for id = %d, cache size = %d
04-11 16:19:18.453   808   962 I ImeTracker: com.sysadmindoc.callshield:69361875: onRequestHide at ORIGIN_SERVER reason HIDE_UNSPECIFIED_WINDOW fromUser false
04-11 16:19:18.455  7814  7814 D InsetsController: hide(ime())
04-11 16:19:18.456  7814  7814 I ImeTracker: com.sysadmindoc.callshield:69361875: onCancelled at PHASE_CLIENT_ALREADY_HIDDEN
04-11 16:19:18.461  1400  4626 I FontLog : (REDACTED) Pulling font file for id = %d, cache size = %d
04-11 16:19:18.461  7215  7215 D WindowOnBackDispatcher: setTopOnBackInvokedCallback (unwrapped): android.app.Activity$$ExternalSyntheticLambda0@4351d1d
04-11 16:19:18.462   808  2092 D CoreBackPreview: Window{ba051fb u0 com.novacut.editor/com.novacut.editor.MainActivity}: Setting back callback OnBackInvokedCallbackInfo{mCallback=android.window.IOnBackInvokedCallback$Stub$Proxy@57fa091, mPriority=-1, mIsAnimationCallback=false, mOverrideBehavior=0}
04-11 16:19:18.469   808  2093 I ImeTracker: system_server:33cdba5e: onRequestHide at ORIGIN_SERVER reason IME_REQUESTED_CHANGED_LISTENER fromUser false
04-11 16:19:18.469   808   871 I ImeTracker: system_server:33cdba5e: onCancelled at PHASE_SERVER_SHOULD_HIDE
04-11 16:19:18.474  1561  1561 I GoogleInputMethodService: GoogleInputMethodService.onFinishInput():2057 
04-11 16:19:18.486  1561  1561 I Module  : DeviceLockedStatusModuleProvider$Module.updateDeviceLockedStatus():100 repeatCheckTimes = 0, locked = false
04-11 16:19:18.492  1561  1561 I GoogleInputMethodService: GoogleInputMethodService.onStartInput():1318 onStartInput(EditorInfo{EditorInfo{packageName=com.sysadmindoc.callshield, inputType=0, inputTypeString=NULL, enableLearning=false, autoCorrection=false, autoComplete=false, imeOptions=0, privateImeOptions=null, actionName=UNSPECIFIED, actionLabel=null, initialSelStart=-1, initialSelEnd=-1, initialCapsMode=0, label=null, fieldId=0, fieldName=null, extras=null, hintText=null, hintLocales=[]}}, false)
04-11 16:19:18.501   808  1049 D BackgroundInstallControlService: Package event received: 0
04-11 16:19:18.511   808   994 I HalDevMgr: bestIfaceCreationProposal is null, requestIface=STA, existingIface=[name=wlan0 type=STA]
04-11 16:19:18.516  1561  1561 I Module  : DeviceLockedStatusModuleProvider$Module.updateDeviceLockedStatus():100 repeatCheckTimes = 1, locked = false
04-11 16:19:18.517   808  2093 W PackageConfigPersister: App-specific configuration not found for packageName: com.sysadmindoc.callshield and userId: 0
04-11 16:19:18.739   704  2354 W libbinder.IPCThreadState: Sending oneway calls to frozen process.
04-11 16:19:18.952  1095  1102 W System  : A resource failed to call release. 
04-11 16:19:18.953  1095  1102 W System  : A resource failed to call release. 
04-11 16:19:19.701  7852  7852 W AccessibilityNodeInfoDumper: Fetch time: 242ms
04-11 16:19:19.704   808  2093 V AccessibilityManagerService: onUserStateChangedLocked for userId: 0, forceUpdate: false
04-11 16:19:19.704   808  2093 V AccessibilityUserState: updateShortcutTargets: type:accessibility_shortcut_target_service, current:{}, new:{}
04-11 16:19:19.704   808  2093 V AccessibilityUserState: updateShortcutTargets: type:accessibility_button_targets, current:{}, new:{}
04-11 16:19:19.705   808  2093 V AccessibilityUserState: updateShortcutTargets: type:accessibility_gesture_targets, current:{}, new:{}
04-11 16:19:19.705   808  2093 V AccessibilityUserState: updateShortcutTargets: type:accessibility_qs_targets, current:{}, new:{}
04-11 16:19:19.705  1746  1755 I AiAiEcho: Settings changed for uri: content://settings/secure/accessibility_enabled
04-11 16:19:19.705   808  2093 V AccessibilityUserState: updateShortcutTargets: type:accessibility_key_gesture_targets, current:{}, new:{}
04-11 16:19:19.705   808  2093 W MagnificationConnectionManager: requestConnection duplicated request: connect=false, mConnectionState=DISCONNECTED
04-11 16:19:19.705   808  2093 D AccessibilityManagerService: restoreCurrentUserForTestAutomationIfNeededLocked(): ignoring because device doesn't support visible background users
04-11 16:19:19.705   808   808 W libbinder.IPCThreadState: Sending oneway calls to frozen process.
04-11 16:19:19.705  1746  1947 I AiAiEcho: Predicting[0]:  [CONTEXT sampling_count=5 ]
04-11 16:19:19.706  1746  1947 I AiAiEcho: EchoTargets: 
04-11 16:19:19.706  1746  1947 I AiAiEcho: Filtered by AiAi flag check: 
04-11 16:19:19.706  1746  1947 I AiAiEcho: [CONTEXT ratelimit_period="10 SECONDS" ]
04-11 16:19:19.706  1746  1947 I AiAiEcho: #remoteViewsTwiddler: feature disabled.
04-11 16:19:19.706  1746  1947 I AiAiEcho: Predicting[0]:  [CONTEXT sampling_count=5 ]
04-11 16:19:19.706  1746  1947 I AiAiEcho: EchoTargets: 
04-11 16:19:19.706  1746  1947 I AiAiEcho: Filtered by AiAi flag check: 
04-11 16:19:19.706  1746  1947 I AiAiEcho: [CONTEXT ratelimit_period="10 SECONDS" ]
04-11 16:19:19.706  1746  1947 I AiAiEcho: #remoteViewsTwiddler: feature disabled.
04-11 16:19:19.706   808   808 W libbinder.IPCThreadState: Sending oneway calls to frozen process.
04-11 16:19:19.707  1746  1947 I AiAiEcho: Predicting[0]:  [CONTEXT sampling_count=5 ]
04-11 16:19:19.707  1746  1947 I AiAiEcho: EchoTargets: 
04-11 16:19:19.707  1746  1947 I AiAiEcho: Filtered by AiAi flag check: 
04-11 16:19:19.707  1746  1947 I AiAiEcho: [CONTEXT ratelimit_period="10 SECONDS" ]
04-11 16:19:19.707  7852  7852 D AndroidRuntime: Shutting down VM
04-11 16:19:19.707  1746  1947 I AiAiEcho: #remoteViewsTwiddler: feature disabled.
04-11 16:19:19.707  1746  1947 I AiAiEcho: #postPredictionTargets: Sending updates to UISurface lockscreen with targets# 0 (types=[])
04-11 16:19:19.707   808   808 W libbinder.IPCThreadState: Sending oneway calls to frozen process.
04-11 16:19:19.707  7852  7862 W libbinder.IPCThreadState: call to talkWithDriver in joinThreadPool returned error: -9 (Bad file descriptor), FD: -1
04-11 16:19:19.707  7852  7861 W libbinder.IPCThreadState: call to talkWithDriver in joinThreadPool returned error: -9 (Bad file descriptor), FD: -1
04-11 16:19:19.708  7852  7874 W libbinder.IPCThreadState: call to talkWithDriver in joinThreadPool returned error: -9 (Bad file descriptor), FD: -1
04-11 16:19:19.708  1746  1947 I AiAiEcho: #postPredictionTargets: Sending updates to UISurface ambientcue with targets# 0 (types=[])
04-11 16:19:19.709  1746  1947 I AiAiEcho: #postPredictionTargets: Sending updates to UISurface home with targets# 0 (types=[])
04-11 16:19:19.709  1095  1308 I AmbientCueRepository: Receiving SmartSpace targets # 0
04-11 16:19:19.709   808   808 D BatterySaverPolicy: accessibility changed to false, updating policy.
04-11 16:19:19.710  7476  7481 W .android.dialer: userfaultfd: MOVE ioctl seems unsupported: Connection timed out
04-11 16:19:19.711  1095  1095 W SsPagerDots: Total number of pages invalid: 0. Assuming 1 page.
04-11 16:19:19.779  1232  1353 D SatelliteController: iisInCarrierRoamingNbIotNtn: satellite is disabled
04-11 16:19:19.782  1232  1353 D SatelliteController: getCarrierRoamingNtnConnectType: Falling back to global carrier config connect type: 0
04-11 16:19:19.842  1400  1400 D BoundBrokerSvc: onUnbind: Intent { act=com.google.android.gms.auth.aang.events.services.START dat=chimera-action:/... xflg=0x4 cmp=com.google.android.gms/.chimera.PersistentApiService }
04-11 16:19:20.274   808  1809 E TaskPersister: File error accessing recents directory (directory doesn't exist?).
04-11 16:19:21.120   808  1000 D InetDiagMessage: Destroyed 0 sockets, proto=IPPROTO_TCP, family=AF_INET, states=14
04-11 16:19:21.121   808  1000 D InetDiagMessage: Destroyed 0 sockets, proto=IPPROTO_TCP, family=AF_INET6, states=14
04-11 16:19:21.121   808  1000 D InetDiagMessage: Destroyed live tcp sockets for uids={10170} in 1ms
04-11 16:19:21.122   808  1000 D InetDiagMessage: Destroyed 0 sockets, proto=IPPROTO_TCP, family=AF_INET, states=14
04-11 16:19:21.122   808  1000 D InetDiagMessage: Destroyed 0 sockets, proto=IPPROTO_TCP, family=AF_INET6, states=14
04-11 16:19:21.122   808  1000 D InetDiagMessage: Destroyed live tcp sockets for uids={20170} in 1ms
04-11 16:19:21.122   808  1000 D InetDiagMessage: Destroyed 0 sockets, proto=IPPROTO_TCP, family=AF_INET, states=14
04-11 16:19:21.122   808  1000 D InetDiagMessage: Destroyed 0 sockets, proto=IPPROTO_TCP, family=AF_INET6, states=14
04-11 16:19:21.122   808  1000 D InetDiagMessage: Destroyed live tcp sockets for uids={10148} in 0ms
04-11 16:19:21.122   808  1000 D InetDiagMessage: Destroyed 0 sockets, proto=IPPROTO_TCP, family=AF_INET, states=14
04-11 16:19:21.123   808  1000 D InetDiagMessage: Destroyed 0 sockets, proto=IPPROTO_TCP, family=AF_INET6, states=14
04-11 16:19:21.123   808  1000 D InetDiagMessage: Destroyed live tcp sockets for uids={20148} in 1ms
04-11 16:19:21.161   808  1000 D InetDiagMessage: Destroyed 0 sockets, proto=IPPROTO_TCP, family=AF_INET, states=14
04-11 16:19:21.161   808  1000 D InetDiagMessage: Destroyed 0 sockets, proto=IPPROTO_TCP, family=AF_INET6, states=14
04-11 16:19:21.161   808  1000 D InetDiagMessage: Destroyed live tcp sockets for uids={10172} in 1ms
04-11 16:19:21.161   808  1000 D InetDiagMessage: Destroyed 0 sockets, proto=IPPROTO_TCP, family=AF_INET, states=14
04-11 16:19:21.161   808  1000 D InetDiagMessage: Destroyed 0 sockets, proto=IPPROTO_TCP, family=AF_INET6, states=14
04-11 16:19:21.161   808  1000 D InetDiagMessage: Destroyed live tcp sockets for uids={20172} in 0ms
04-11 16:19:21.171   808  1000 D InetDiagMessage: Destroyed 0 sockets, proto=IPPROTO_TCP, family=AF_INET, states=14
04-11 16:19:21.172   808  1000 D InetDiagMessage: Destroyed 0 sockets, proto=IPPROTO_TCP, family=AF_INET6, states=14
04-11 16:19:21.172   808  1000 D InetDiagMessage: Destroyed live tcp sockets for uids={10146} in 0ms
04-11 16:19:21.172   808  1000 D InetDiagMessage: Destroyed 0 sockets, proto=IPPROTO_TCP, family=AF_INET, states=14
04-11 16:19:21.172   808  1000 D InetDiagMessage: Destroyed 0 sockets, proto=IPPROTO_TCP, family=AF_INET6, states=14
04-11 16:19:21.172   808  1000 D InetDiagMessage: Destroyed live tcp sockets for uids={20146} in 1ms
04-11 16:19:21.177  7326  7427 I ForwardSyncCache: reclaimMemory: Clearing caches
04-11 16:19:21.180  7326  7427 W Bugle   : TextClassifierLibManagerImpl: Reclaiming memory at level: 40
04-11 16:19:21.254   808  1000 D InetDiagMessage: Destroyed 0 sockets, proto=IPPROTO_TCP, family=AF_INET, states=14
04-11 16:19:21.255   808  1000 D InetDiagMessage: Destroyed 0 sockets, proto=IPPROTO_TCP, family=AF_INET6, states=14
04-11 16:19:21.255   808  1000 D InetDiagMessage: Destroyed live tcp sockets for uids={10157} in 1ms
04-11 16:19:21.255   808  1000 D InetDiagMessage: Destroyed 0 sockets, proto=IPPROTO_TCP, family=AF_INET, states=14
04-11 16:19:21.255   808  1000 D InetDiagMessage: Destroyed 0 sockets, proto=IPPROTO_TCP, family=AF_INET6, states=14
04-11 16:19:21.255   808  1000 D InetDiagMessage: Destroyed live tcp sockets for uids={20157} in 0ms
04-11 16:19:21.266   808  1000 D InetDiagMessage: Destroyed 0 sockets, proto=IPPROTO_TCP, family=AF_INET, states=14
04-11 16:19:21.267   808  1000 D InetDiagMessage: Destroyed 0 sockets, proto=IPPROTO_TCP, family=AF_INET6, states=14
04-11 16:19:21.267   808  1000 D InetDiagMessage: Destroyed live tcp sockets for uids={10165} in 1ms
04-11 16:19:21.267   808  1000 D InetDiagMessage: Destroyed 0 sockets, proto=IPPROTO_TCP, family=AF_INET, states=14
04-11 16:19:21.267   808  1000 D InetDiagMessage: Destroyed 0 sockets, proto=IPPROTO_TCP, family=AF_INET6, states=14
04-11 16:19:21.267   808  1000 D InetDiagMessage: Destroyed live tcp sockets for uids={20165} in 0ms
04-11 16:19:21.518   808   994 I HalDevMgr: bestIfaceCreationProposal is null, requestIface=STA, existingIface=[name=wlan0 type=STA]
04-11 16:19:21.685  1400  1400 D BoundBrokerSvc: onUnbind: Intent { act=com.google.android.gms.libs.gmscorelogger.service.START dat=chimera-action:/... xflg=0x4 cmp=com.google.android.gms/.chimera.PersistentDirectBootAwareApiService }
04-11 16:19:22.205  7814  7875 D ProfileInstaller: Installing profile for com.sysadmindoc.callshield
04-11 16:19:22.332   808   942 D ActivityManager: freezing 4215 com.android.vending:background
04-11 16:19:22.439   808   942 D ActivityManager: freezing 4445 com.android.vending
04-11 16:19:22.441   808  1000 D InetDiagMessage: Destroyed 0 sockets, proto=IPPROTO_TCP, family=AF_INET, states=14
04-11 16:19:22.442   808  1000 D InetDiagMessage: Destroyed 2 sockets, proto=IPPROTO_TCP, family=AF_INET6, states=14
04-11 16:19:22.442   808  1000 D InetDiagMessage: Destroyed live tcp sockets for uids={10153} in 2ms
04-11 16:19:23.470   808  1000 D InetDiagMessage: Destroyed 0 sockets, proto=IPPROTO_TCP, family=AF_INET, states=14
04-11 16:19:23.470   808  1000 D InetDiagMessage: Destroyed 0 sockets, proto=IPPROTO_TCP, family=AF_INET6, states=14
04-11 16:19:23.470   808  1000 D InetDiagMessage: Destroyed live tcp sockets for uids={10227} in 1ms
04-11 16:19:23.470   808  1000 D InetDiagMessage: Destroyed 0 sockets, proto=IPPROTO_TCP, family=AF_INET, states=14
04-11 16:19:23.470   808  1000 D InetDiagMessage: Destroyed 0 sockets, proto=IPPROTO_TCP, family=AF_INET6, states=14
04-11 16:19:23.470   808  1000 D InetDiagMessage: Destroyed live tcp sockets for uids={20227} in 0ms
04-11 16:19:23.783   808  1000 D InetDiagMessage: Destroyed 0 sockets, proto=IPPROTO_TCP, family=AF_INET, states=14
04-11 16:19:23.783   808  1000 D InetDiagMessage: Destroyed 0 sockets, proto=IPPROTO_TCP, family=AF_INET6, states=14
04-11 16:19:23.783   808  1000 D InetDiagMessage: Destroyed live tcp sockets for uids={10159} in 0ms
04-11 16:19:23.783   808  1000 D InetDiagMessage: Destroyed 0 sockets, proto=IPPROTO_TCP, family=AF_INET, states=14
04-11 16:19:23.783   808  1000 D InetDiagMessage: Destroyed 0 sockets, proto=IPPROTO_TCP, family=AF_INET6, states=14
04-11 16:19:23.783   808  1000 D InetDiagMessage: Destroyed live tcp sockets for uids={20159} in 0ms
04-11 16:19:23.980  7663  7667 W droid.bluetooth: userfaultfd: MOVE ioctl seems unsupported: Connection timed out
04-11 16:19:23.983  7663  7669 W System  : A resource failed to call close. 
04-11 16:19:23.983  7663  7669 W System  : A resource failed to call close. 
04-11 16:19:24.037  1625  1625 D BoundBrokerSvc: onUnbind: Intent { act=com.google.android.gms.notifications.capping.api.NotificationsCappingApiService.START dat=chimera-action:/... xflg=0x4 cmp=com.google.android.gms/.chimera.GmsApiService }
04-11 16:19:24.115  1625  1625 D BoundBrokerSvc: onUnbind: Intent { act=com.google.android.mobstore.service.START xflg=0x4 pkg=com.google.android.gms }
04-11 16:19:24.522   808   994 I HalDevMgr: bestIfaceCreationProposal is null, requestIface=STA, existingIface=[name=wlan0 type=STA]
