--------- beginning of main
04-11 16:19:11.722   808   808 W binder:808_D: type=1400 audit(0.0:52): avc:  denied  { getopt } for  scontext=u:r:system_server:s0 tcontext=u:r:shell:s0 tclass=unix_stream_socket permissive=0
04-11 16:19:11.730   808  1680 E SystemServiceRegistry: No service published for: persistent_data_block
04-11 16:19:11.730   808  1680 E SystemServiceRegistry: android.os.ServiceManager$ServiceNotFoundException: No service published for: persistent_data_block
04-11 16:19:11.730   808  1680 E SystemServiceRegistry: 	at android.os.ServiceManager.getServiceOrThrow(ServiceManager.java:203)
04-11 16:19:11.730   808  1680 E SystemServiceRegistry: 	at android.app.SystemServiceRegistry$86.createService(SystemServiceRegistry.java:1201)
04-11 16:19:11.730   808  1680 E SystemServiceRegistry: 	at android.app.SystemServiceRegistry$86.createService(SystemServiceRegistry.java:1198)
04-11 16:19:11.730   808  1680 E SystemServiceRegistry: 	at android.app.SystemServiceRegistry$StaticServiceFetcher.getService(SystemServiceRegistry.java:2610)
04-11 16:19:11.730   808  1680 E SystemServiceRegistry: 	at android.app.SystemServiceRegistry.getSystemService(SystemServiceRegistry.java:2063)
04-11 16:19:11.730   808  1680 E SystemServiceRegistry: 	at android.app.ContextImpl.getSystemService(ContextImpl.java:2434)
04-11 16:19:11.730   808  1680 E SystemServiceRegistry: 	at android.content.Context.getSystemService(Context.java:4901)
04-11 16:19:11.730   808  1680 E SystemServiceRegistry: 	at com.android.server.pm.PackageInstallerSession.markAsSealed(PackageInstallerSession.java:2573)
04-11 16:19:11.730   808  1680 E SystemServiceRegistry: 	at com.android.server.pm.PackageInstallerSession.commit(PackageInstallerSession.java:2323)
04-11 16:19:11.730   808  1680 E SystemServiceRegistry: 	at android.content.pm.PackageInstaller$Session.commit(PackageInstaller.java:2343)
04-11 16:19:11.730   808  1680 E SystemServiceRegistry: 	at com.android.server.pm.PackageManagerShellCommand.doCommitSession(PackageManagerShellCommand.java:4390)
04-11 16:19:11.730   808  1680 E SystemServiceRegistry: 	at com.android.server.pm.PackageManagerShellCommand.doRunInstall(PackageManagerShellCommand.java:1651)
04-11 16:19:11.730   808  1680 E SystemServiceRegistry: 	at com.android.server.pm.PackageManagerShellCommand.runInstall(PackageManagerShellCommand.java:1572)
04-11 16:19:11.730   808  1680 E SystemServiceRegistry: 	at com.android.server.pm.PackageManagerShellCommand.onCommand(PackageManagerShellCommand.java:246)
04-11 16:19:11.730   808  1680 E SystemServiceRegistry: 	at com.android.modules.utils.BasicShellCommandHandler.exec(BasicShellCommandHandler.java:97)
04-11 16:19:11.730   808  1680 E SystemServiceRegistry: 	at android.os.ShellCommand.exec(ShellCommand.java:38)
04-11 16:19:11.730   808  1680 E SystemServiceRegistry: 	at com.android.server.pm.PackageManagerService$IPackageManagerImpl.onShellCommand(PackageManagerService.java:6721)
04-11 16:19:11.730   808  1680 E SystemServiceRegistry: 	at android.os.Binder.shellCommand(Binder.java:1183)
04-11 16:19:11.730   808  1680 E SystemServiceRegistry: 	at android.os.Binder.onTransact(Binder.java:961)
04-11 16:19:11.730   808  1680 E SystemServiceRegistry: 	at android.content.pm.IPackageManager$Stub.onTransact(IPackageManager.java:4666)
04-11 16:19:11.730   808  1680 E SystemServiceRegistry: 	at com.android.server.pm.PackageManagerService$IPackageManagerImpl.onTransact(PackageManagerService.java:6705)
04-11 16:19:11.730   808  1680 E SystemServiceRegistry: 	at android.os.Binder.execTransactInternal(Binder.java:1478)
04-11 16:19:11.730   808  1680 E SystemServiceRegistry: 	at android.os.Binder.execTransact(Binder.java:1418)
--------- beginning of system
04-11 16:19:11.731   808  1680 E SystemServiceRegistry: Manager wrapper not available: persistent_data_block
04-11 16:19:11.764   808  7755 D FileSystemUtils: Total number of LOAD segments 2
04-11 16:19:11.764   808  7755 D FileSystemUtils: Size before punching holes st_blocks: 130520, st_blksize: 4096, st_size: 66818788
04-11 16:19:11.764   808  7755 D FileSystemUtils: Size after punching holes st_blocks: 130520, st_blksize: 4096, st_size: 66818788
04-11 16:19:11.764   808  7755 D FileSystemUtils: Extra field length: 5553,  Size before punching holes st_blocks: 130520, st_blksize: 4096, st_size: 66818788
04-11 16:19:11.764   808  7755 D FileSystemUtils: Extra field length: 5553 content near offset: 00000000000000000000000000000000000000000000000000000000000000000000000000000000000000000000000000000000000000000000000000000000000000000000000000000000000000000000000000000000000000000000000000000000000000000000000000000000000000000000000000000000000000000000000000000000000000000000000000000000000000000000000000000000000000000000000000000000000000000000000000000000000000000000000000000000000000000000000000000000000000000000000000000000000000000000000000000000000000000000000000000000000000000000000000000000000000000000000000000000000000000000000000000000000000000000000000000000000000000000000000000000000000000000000000000000000000000000000000000000000000000000000000000000000000000000000000000000000000000000000000000000000000000000000000000000000000000000000000000000000000000000000000000000000000000000000000000000000000000000000000000000000000000000000000000000000000000000000000000000000000000000000000000000000000000000000000000000000000000000000000000000000000000
04-11 16:19:11.764   808  7755 D FileSystemUtils: Punching hole in file - start: 64598016 len:4096
04-11 16:19:11.764   808  7755 D FileSystemUtils: punchHolesInApk:: Size after punching holes st_blocks: 130512, st_blksize: 4096, st_size: 66818788
04-11 16:19:11.764   808  7755 D FileSystemUtils: Total number of LOAD segments 3
04-11 16:19:11.764   808  7755 D FileSystemUtils: Size before punching holes st_blocks: 130512, st_blksize: 4096, st_size: 66818788
04-11 16:19:11.764   808  7755 D FileSystemUtils: Size after punching holes st_blocks: 130512, st_blksize: 4096, st_size: 66818788
04-11 16:19:11.764   808  7755 D FileSystemUtils: Extra field length: 11167,  Size before punching holes st_blocks: 130512, st_blksize: 4096, st_size: 66818788
04-11 16:19:11.764   808  7755 D FileSystemUtils: Extra field length: 11167 content near offset: 0000000000000000000000000000000000000000000000000000000000000000000000000000000000000000000000000000000000000000000000000000000000000000000000000000000000000000000000000000000000000000000000000000000000000000000000000000000000000000000000000000000000000000000000000000000000000000000000000000000000000000000000000000000000000000000000000000000000000000000000000000000000000000000000000000000000000000000000000000000000000000000000000000000000000000000000000000000000000000000000000000000000000000000000000000000000000000000000000000000000000000000000000000000000000000000000000000000000000000000000000000000000000000000000000000000000000000000000000000000000000000000000000000000000000000000000000000000000000000000000000000000000000000000000000000000000000000000000000000000000000000000000000000000000000000000000000000000000000000000000000000000000000000000000000000000000000000000000000000000000000000000000000000000000000000000000000000000000000000000000000000000000000000
04-11 16:19:11.764   808  7755 D FileSystemUtils: Punching hole in file - start: 64577536 len:8192
04-11 16:19:11.764   808  7755 D FileSystemUtils: punchHolesInApk:: Size after punching holes st_blocks: 130496, st_blksize: 4096, st_size: 66818788
04-11 16:19:11.770   808   905 V Configuration: Updating configuration, locales updated from [] to [en_US]
04-11 16:19:11.775   808   905 I PackageManager: Update package com.sysadmindoc.callshield code path from /data/app/~~9mmXQU-twMCbDbaEjDXvPQ==/com.sysadmindoc.callshield-WbMswS89dO2WLtRnKTBDWQ== to /data/app/vmdl262419706.tmp; Retain data and using new
04-11 16:19:11.818   808   905 I AppsFilter: interaction: PackageSetting{6dd31cd com.android.microdroid.empty_payload/10217} -> PackageSetting{7554ddc com.sysadmindoc.callshield/10228} BLOCKED
04-11 16:19:11.818   808   905 I AppsFilter: interaction: PackageSetting{f1a2b1 com.novacut.editor/10227} -> PackageSetting{7554ddc com.sysadmindoc.callshield/10228} BLOCKED
04-11 16:19:11.818   808   905 I AppsFilter: interaction: PackageSetting{6dd31cd com.android.microdroid.empty_payload/10217} -> PackageSetting{8b918a0 com.sysadmindoc.callshield/10228} BLOCKED
04-11 16:19:11.818   808   905 I AppsFilter: interaction: PackageSetting{f1a2b1 com.novacut.editor/10227} -> PackageSetting{8b918a0 com.sysadmindoc.callshield/10228} BLOCKED
04-11 16:19:11.842   808   878 I ActivityManager: Force stopping com.sysadmindoc.callshield appid=10228 user=-1: installPackageLI
04-11 16:19:11.845   808   878 I ActivityManager: Killing 6385:com.sysadmindoc.callshield/u0a228 (adj 700): stop com.sysadmindoc.callshield due to installPackageLI
04-11 16:19:11.845   808   905 I PackageManager: installation completed for package:com.sysadmindoc.callshield. Final code path: /data/app/~~AHCE5zqr0cbVR83VEnoMEg==/com.sysadmindoc.callshield-vRuJdOtkd_KMAdfbZ7QqZg==
04-11 16:19:11.845   808   905 I AppsFilter: interaction: PackageSetting{742a4d1 com.android.microdroid.empty_payload/10217} -> PackageSetting{e355a6c com.sysadmindoc.callshield/10228} BLOCKED
04-11 16:19:11.845   808   905 I AppsFilter: interaction: PackageSetting{e2a7745 com.novacut.editor/10227} -> PackageSetting{e355a6c com.sysadmindoc.callshield/10228} BLOCKED
04-11 16:19:11.846   808   878 D CompatChangeReporter: Compat change id reported: 151861875; UID 10228; state: ENABLED
04-11 16:19:11.847   808   878 W ActivityTaskManager: Force removing ActivityRecord{206649510 u0 com.sysadmindoc.callshield/.ui.MainActivity t48 f}}: app died, no saved state
04-11 16:19:11.847   808   878 E TransitionChain: Can't collect into a chain with no transition
04-11 16:19:11.847   808   878 E TransitionChain: Can't collect into a chain with no transition
04-11 16:19:11.848   808   931 W UsageStatsService: Unexpected activity event reported! (com.sysadmindoc.callshield/com.sysadmindoc.callshield.ui.MainActivity event : 23 instanceId : 38547092)
04-11 16:19:11.855  1244  1244 D RecentsView: onTaskRemoved: 48, not handling task stack changes
04-11 16:19:11.856  1244  1244 D RecentsView: onTaskRemoved: 48, not handling task stack changes
04-11 16:19:11.856  1095  1163 V ShellTaskOrganizer: Task vanished taskId=48
04-11 16:19:11.859   808   905 I ActivityManager: Force stopping com.sysadmindoc.callshield appid=10228 user=0: pkg removed
04-11 16:19:11.861  1095  1163 V ShellTaskOrganizer: Fullscreen Task Vanished: #48
04-11 16:19:11.862   808   905 W libbinder.IPCThreadState: Sending oneway calls to frozen process.
04-11 16:19:11.863   808   905 W libbinder.IPCThreadState: Sending oneway calls to frozen process.
04-11 16:19:11.863   808   905 W libbinder.IPCThreadState: Sending oneway calls to frozen process.
04-11 16:19:11.863   808   905 W libbinder.IPCThreadState: Sending oneway calls to frozen process.
04-11 16:19:11.863   808   905 W libbinder.IPCThreadState: Sending oneway calls to frozen process.
04-11 16:19:11.863   808   905 W libbinder.IPCThreadState: Sending oneway calls to frozen process.
04-11 16:19:11.863   808   905 W libbinder.IPCThreadState: Sending oneway calls to frozen process.
04-11 16:19:11.863   808   905 W libbinder.IPCThreadState: Sending oneway calls to frozen process.
04-11 16:19:11.863   808   905 W libbinder.IPCThreadState: Sending oneway calls to frozen process.
04-11 16:19:11.871  1095  1163 V ShellDesktopMode: Task Vanished: #48 closed=true
04-11 16:19:11.872   808  1047 D ShortcutService: received package broadcast intent: Intent { act=android.intent.action.PACKAGE_REMOVED dat=package: flg=0x4000010 (has extras) }
04-11 16:19:11.876  1095  1163 D ShellDesktopMode: AppToWebRepository: Task 48 is vanishing. Removing task data from repository
04-11 16:19:11.878  1095  1163 V AppCompat: SingleSurfaceLetterboxController: []
04-11 16:19:11.878  1095  1163 V AppCompat: MultiSurfaceLetterboxController: []
04-11 16:19:11.878  1095  1163 V AppCompat: LetterboxInputController: []
04-11 16:19:11.878  1095  1163 V AppCompat: RoundedCornersLetterboxController: {}
04-11 16:19:11.878  1244  1244 D b/417220811: invalidateLoadedTasks - previous requestLoadId: -1
04-11 16:19:11.892   808  1049 D BackgroundInstallControlService: Package event received: 0
04-11 16:19:11.893   808   808 I Telecom : CarModeTracker: Package com.sysadmindoc.callshield is not tracked.: SSH.oR@APc
04-11 16:19:11.893   808   808 I Telecom : InCallController: updateCarModeForConnections: car mode apps: : SSH.oR@APc
04-11 16:19:11.893   808   808 I Telecom : InCallController: update carmode current:UserHandle{0} parent:null: SSH.oR@APc
04-11 16:19:11.893   808  1005 E AppOps  : attributionTag VCN not declared in manifest of android
04-11 16:19:11.894  1095  1095 D ControlsListingControllerImpl: ServiceConfig reloaded, count: 0
04-11 16:19:11.899   808  1049 D BackgroundInstallControlService: Package event received: 0
04-11 16:19:11.903   808   969 W PackageConfigPersister: App-specific configuration not found for packageName: com.sysadmindoc.callshield and userId: 0
04-11 16:19:11.907   808   966 V AccessibilityUserState: updateShortcutTargets: type:accessibility_shortcut_target_service, current:{}, new:{}
04-11 16:19:11.907   808   966 V AccessibilityUserState: updateShortcutTargets: type:accessibility_qs_targets, current:{}, new:{}
04-11 16:19:11.907   808   966 V AccessibilityUserState: updateShortcutTargets: type:accessibility_button_targets, current:{}, new:{}
04-11 16:19:11.907   808   966 V AccessibilityUserState: updateShortcutTargets: type:accessibility_gesture_targets, current:{}, new:{}
04-11 16:19:11.907   808   966 V AccessibilityUserState: updateShortcutTargets: type:accessibility_key_gesture_targets, current:{}, new:{}
04-11 16:19:11.907   808   966 V AccessibilityManagerService: onUserStateChangedLocked for userId: 0, forceUpdate: false
04-11 16:19:11.910  7215  7215 D ActivityThread: Package [com.sysadmindoc.callshield] reported as REPLACED, but missing application info. Assuming REMOVED.
04-11 16:19:11.910  5688  5688 D ActivityThread: Package [com.sysadmindoc.callshield] reported as REPLACED, but missing application info. Assuming REMOVED.
04-11 16:19:11.910  7326  7326 D ActivityThread: Package [com.sysadmindoc.callshield] reported as REPLACED, but missing application info. Assuming REMOVED.
04-11 16:19:11.910  5224  5224 D ActivityThread: Package [com.sysadmindoc.callshield] reported as REPLACED, but missing application info. Assuming REMOVED.
04-11 16:19:11.911  1095  1095 D ControlsListingControllerImpl: ServiceConfig reloaded, count: 0
04-11 16:19:11.911  1232  1353 I SatelliteAppTracker: onPackageUpdateFinished : com.sysadmindoc.callshield
04-11 16:19:11.911  1232  1353 I SatelliteAppTracker: onPackageModified : com.sysadmindoc.callshield
04-11 16:19:11.913   808  1029 D AppWidgetServiceImpl: Trying to notify widget providers changed
04-11 16:19:11.913  1561  1561 D ActivityThread: Package [com.sysadmindoc.callshield] reported as REPLACED, but missing application info. Assuming REMOVED.
04-11 16:19:11.913  1400  1400 D ActivityThread: Package [com.sysadmindoc.callshield] reported as REPLACED, but missing application info. Assuming REMOVED.
04-11 16:19:11.913  4562  4562 D ActivityThread: Package [com.sysadmindoc.callshield] reported as REPLACED, but missing application info. Assuming REMOVED.
04-11 16:19:11.913  1232  1232 E SmsApplication: com.google.android.apps.messaging lost android:read_cell_broadcasts:  (fixing)
04-11 16:19:11.913  7389  7389 D ActivityThread: Package [com.sysadmindoc.callshield] reported as REPLACED, but missing application info. Assuming REMOVED.
04-11 16:19:11.913  7421  7421 D ActivityThread: Package [com.sysadmindoc.callshield] reported as REPLACED, but missing application info. Assuming REMOVED.
04-11 16:19:11.913  6593  6593 D ActivityThread: Package [com.sysadmindoc.callshield] reported as REPLACED, but missing application info. Assuming REMOVED.
04-11 16:19:11.913  5368  5368 D ActivityThread: Package [com.sysadmindoc.callshield] reported as REPLACED, but missing application info. Assuming REMOVED.
04-11 16:19:11.913  1722  1722 D ActivityThread: Package [com.sysadmindoc.callshield] reported as REPLACED, but missing application info. Assuming REMOVED.
04-11 16:19:11.914  1625  1625 D ActivityThread: Package [com.sysadmindoc.callshield] reported as REPLACED, but missing application info. Assuming REMOVED.
04-11 16:19:11.914  5260  5260 D ActivityThread: Package [com.sysadmindoc.callshield] reported as REPLACED, but missing application info. Assuming REMOVED.
04-11 16:19:11.914  1702  1702 D ActivityThread: Package [com.sysadmindoc.callshield] reported as REPLACED, but missing application info. Assuming REMOVED.
04-11 16:19:11.915  7476  7476 D ActivityThread: Package [com.sysadmindoc.callshield] reported as REPLACED, but missing application info. Assuming REMOVED.
04-11 16:19:11.916   808   905 W libbinder.IPCThreadState: Sending oneway calls to frozen process.
04-11 16:19:11.916   808   905 W libbinder.IPCThreadState: Sending oneway calls to frozen process.
04-11 16:19:11.916   808   905 W libbinder.IPCThreadState: Sending oneway calls to frozen process.
04-11 16:19:11.916   808   905 W libbinder.IPCThreadState: Sending oneway calls to frozen process.
04-11 16:19:11.916   808   905 W libbinder.IPCThreadState: Sending oneway calls to frozen process.
04-11 16:19:11.916   808   905 W libbinder.IPCThreadState: Sending oneway calls to frozen process.
04-11 16:19:11.916   808   905 W libbinder.IPCThreadState: Sending oneway calls to frozen process.
04-11 16:19:11.916   808   905 W libbinder.IPCThreadState: Sending oneway calls to frozen process.
04-11 16:19:11.916   808   905 W libbinder.IPCThreadState: Sending oneway calls to frozen process.
04-11 16:19:11.916   808  2091 W AppOpService: Ignored setUidMode call for runtime permission app op: uid = 10154, code = READ_CELL_BROADCASTS, mode = allow, callingUid = 1001, oldMode = allow
04-11 16:19:11.917  1095  1095 D ActivityThread: Package [com.sysadmindoc.callshield] reported as REPLACED, but missing application info. Assuming REMOVED.
04-11 16:19:11.918  5463  5463 D ActivityThread: Package [com.sysadmindoc.callshield] reported as REPLACED, but missing application info. Assuming REMOVED.
04-11 16:19:11.918  5290  5290 D ActivityThread: Package [com.sysadmindoc.callshield] reported as REPLACED, but missing application info. Assuming REMOVED.
04-11 16:19:11.918  1435  1435 D ActivityThread: Package [com.sysadmindoc.callshield] reported as REPLACED, but missing application info. Assuming REMOVED.
04-11 16:19:11.919  1164  1164 D ActivityThread: Package [com.sysadmindoc.callshield] reported as REPLACED, but missing application info. Assuming REMOVED.
04-11 16:19:11.919  1764  1764 D ActivityThread: Package [com.sysadmindoc.callshield] reported as REPLACED, but missing application info. Assuming REMOVED.
04-11 16:19:11.921  1746  1746 D ActivityThread: Package [com.sysadmindoc.callshield] reported as REPLACED, but missing application info. Assuming REMOVED.
04-11 16:19:11.921  1712  1712 D ActivityThread: Package [com.sysadmindoc.callshield] reported as REPLACED, but missing application info. Assuming REMOVED.
04-11 16:19:11.922  1095  1095 D ControlsListingControllerImpl: ServiceConfig reloaded, count: 0
04-11 16:19:11.923   808  1055 I SdkSandboxManager: No SDKs used. Skipping SDK data reconcilation for CallingInfo{mUid=10228, mPackageName='com.sysadmindoc.callshield, mAppProcessToken='null'}
04-11 16:19:11.925   808  1047 D ShortcutService: received package broadcast intent: Intent { act=android.intent.action.PACKAGE_ADDED dat=package: flg=0x4000010 (has extras) }
04-11 16:19:11.925   808  1047 D ShortcutService: replacing package: com.sysadmindoc.callshield userId=0
04-11 16:19:11.926   808  1047 E system_server: No package ID 7f found for resource ID 0x7f050007.
04-11 16:19:11.926   808  1047 E system_server: No package ID 7f found for resource ID 0x7f0b0272.
04-11 16:19:11.926   808  1047 E system_server: No package ID 7f found for resource ID 0x7f0b0273.
04-11 16:19:11.926   808  1047 E system_server: No package ID 7f found for resource ID 0x7f050007.
04-11 16:19:11.926   808  1047 E system_server: No package ID 7f found for resource ID 0x7f0b0274.
04-11 16:19:11.926   808  1047 E system_server: No package ID 7f found for resource ID 0x7f0b0275.
04-11 16:19:11.926   808  1047 E system_server: No package ID 7f found for resource ID 0x7f050007.
04-11 16:19:11.926   808  1047 E system_server: No package ID 7f found for resource ID 0x7f0b0276.
04-11 16:19:11.926   808  1047 E system_server: No package ID 7f found for resource ID 0x7f0b0277.
04-11 16:19:11.926  1216  1216 D ActivityThread: Package [com.sysadmindoc.callshield] reported as REPLACED, but missing application info. Assuming REMOVED.
04-11 16:19:11.929   808   808 D AS.AudioService: received android.intent.action.PACKAGE_ADDED replacing: true archival: false for package com.sysadmindoc.callshield with uid 10228
04-11 16:19:11.929  1795  1795 D ActivityThread: Package [com.sysadmindoc.callshield] reported as REPLACED, but missing application info. Assuming REMOVED.
04-11 16:19:11.932  4445  4445 D ActivityThread: Package [com.sysadmindoc.callshield] reported as REPLACED, but missing application info. Assuming REMOVED.
04-11 16:19:11.937  1435  1675 I PermissionControllerServiceImpl: Updating user sensitive for uid 10228
04-11 16:19:11.933   808  2094 W AppOpService: Ignored setUidMode call for runtime permission app op: uid = 1001, code = READ_SMS, mode = allow, callingUid = 1001, oldMode = allow
04-11 16:19:11.938   808   808 D AppSearchAppsIndexerManagerS: userid in package receiver: 10228
04-11 16:19:11.938   808   878 D ActivityManager: sync unfroze 4445 com.android.vending for 3
04-11 16:19:11.939   808   808 D ActivityThread: Package [com.sysadmindoc.callshield] reported as REPLACED, but missing application info. Assuming REMOVED.
04-11 16:19:11.940  1244  1244 D ActivityThread: Package [com.sysadmindoc.callshield] reported as REPLACED, but missing application info. Assuming REMOVED.
04-11 16:19:11.943   808   808 W AlarmManager: Package com.sysadmindoc.callshield, uid 10228 lost permission to set exact alarms!
04-11 16:19:11.948   808   919 W ParceledListSlice: Element #26 is 18668 bytes.
04-11 16:19:11.949   808   919 W ParceledListSlice: Element #27 is 18848 bytes.
04-11 16:19:11.949   808   919 W ParceledListSlice: Element #28 is 19108 bytes.
04-11 16:19:11.949   808   919 W ParceledListSlice: Element #29 is 18572 bytes.
04-11 16:19:11.949   808  2094 W AppOpService: Ignored setUidMode call for runtime permission app op: uid = 1001, code = RECEIVE_SMS, mode = allow, callingUid = 1001, oldMode = allow
04-11 16:19:11.949   808   878 D ActivityManager: sync unfroze 4215 com.android.vending:background for 3
04-11 16:19:11.949   808  2094 W AppOpService: Ignored setUidMode call for runtime permission app op: uid = 1001, code = RECEIVE_WAP_PUSH, mode = allow, callingUid = 1001, oldMode = allow
04-11 16:19:11.949   808  2094 W AppOpService: Ignored setUidMode call for runtime permission app op: uid = 1001, code = SEND_SMS, mode = allow, callingUid = 1001, oldMode = allow
04-11 16:19:11.949   808  2094 W AppOpService: Ignored setUidMode call for runtime permission app op: uid = 1001, code = READ_CELL_BROADCASTS, mode = allow, callingUid = 1001, oldMode = allow
04-11 16:19:11.951   808  1055 I SdkSandboxManager: No SDKs used. Skipping SDK data reconcilation for CallingInfo{mUid=10228, mPackageName='com.sysadmindoc.callshield, mAppProcessToken='null'}
04-11 16:19:11.953  4445  4445 I Finsky  : [2] onSubscriptionsChanged
04-11 16:19:11.953  1095  1332 I PluginActionManager[com.android.systemui.action.FALSING_PLUGIN]: Found 0 plugins
04-11 16:19:11.954  1095  1332 I PluginActionManager[com.android.systemui.action.PLUGIN_SENSOR_MANAGER]: Found 0 plugins
04-11 16:19:11.954  1095  1332 I PluginActionManager[com.android.systemui.action.PLUGIN_AUTH_CONTEXT]: Found 0 plugins
04-11 16:19:11.956  5546  5546 D ActivityThread: Package [com.sysadmindoc.callshield] reported as REPLACED, but missing application info. Assuming REMOVED.
04-11 16:19:11.958  7215  7215 D ActivityThread: Package [com.sysadmindoc.callshield] reported as REPLACED, but missing application info. Assuming REMOVED.
04-11 16:19:11.958  4215  4215 I Finsky:background: [2] onSubscriptionsChanged
04-11 16:19:11.959  1244  1244 D ActivityThread: Package [com.sysadmindoc.callshield] reported as REPLACED, but missing application info. Assuming REMOVED.
04-11 16:19:11.959  1400  1400 D BoundBrokerSvc: onUnbind: Intent { act=com.google.android.gms.findmydevice.spot.service.locationreport.START dat=chimera-action:/... xflg=0x4 cmp=com.google.android.gms/.chimera.PersistentApiService }
04-11 16:19:11.960  1232  1232 D CarrierSvcBindHelper: onPackageUpdateFinished: com.sysadmindoc.callshield
04-11 16:19:11.960  1702  1702 D ActivityThread: Package [com.sysadmindoc.callshield] reported as REPLACED, but missing application info. Assuming REMOVED.
04-11 16:19:11.960  5688  5688 D ActivityThread: Package [com.sysadmindoc.callshield] reported as REPLACED, but missing application info. Assuming REMOVED.
04-11 16:19:11.960  1746  7601 I AiAiEcho: AppIndexer Package:[com.sysadmindoc.callshield] UserProfile:[0] Enabled:[true].
04-11 16:19:11.960  1746  7601 I AiAiEcho: AppFetcherImplV2 updateApps package:[com.sysadmindoc.callshield], userId:[0], reason:[package is updated.].
04-11 16:19:11.960  1625  1625 D ActivityThread: Package [com.sysadmindoc.callshield] reported as REPLACED, but missing application info. Assuming REMOVED.
04-11 16:19:11.960  7326  7326 D ActivityThread: Package [com.sysadmindoc.callshield] reported as REPLACED, but missing application info. Assuming REMOVED.
04-11 16:19:11.961  1764  1764 D ActivityThread: Package [com.sysadmindoc.callshield] reported as REPLACED, but missing application info. Assuming REMOVED.
04-11 16:19:11.961  5224  5224 D ActivityThread: Package [com.sysadmindoc.callshield] reported as REPLACED, but missing application info. Assuming REMOVED.
04-11 16:19:11.961   808   944 I RoleService: Granting default roles...
04-11 16:19:11.962  1712  1712 D ActivityThread: Package [com.sysadmindoc.callshield] reported as REPLACED, but missing application info. Assuming REMOVED.
04-11 16:19:11.962  5260  5260 D ActivityThread: Package [com.sysadmindoc.callshield] reported as REPLACED, but missing application info. Assuming REMOVED.
04-11 16:19:11.962  1561  1561 D ActivityThread: Package [com.sysadmindoc.callshield] reported as REPLACED, but missing application info. Assuming REMOVED.
04-11 16:19:11.962  5368  5368 D ActivityThread: Package [com.sysadmindoc.callshield] reported as REPLACED, but missing application info. Assuming REMOVED.
04-11 16:19:11.962  1251  1251 D ActivityThread: Package [com.sysadmindoc.callshield] reported as REPLACED, but missing application info. Assuming REMOVED.
04-11 16:19:11.962  1095  1332 I PluginActionManager[com.android.systemui.action.PLUGIN_VOLUME]: Found 0 plugins
04-11 16:19:11.962  5463  5463 D ActivityThread: Package [com.sysadmindoc.callshield] reported as REPLACED, but missing application info. Assuming REMOVED.
04-11 16:19:11.962  1746  1746 D ActivityThread: Package [com.sysadmindoc.callshield] reported as REPLACED, but missing application info. Assuming REMOVED.
04-11 16:19:11.962  7476  7476 D ActivityThread: Package [com.sysadmindoc.callshield] reported as REPLACED, but missing application info. Assuming REMOVED.
04-11 16:19:11.962  6593  6593 D ActivityThread: Package [com.sysadmindoc.callshield] reported as REPLACED, but missing application info. Assuming REMOVED.
04-11 16:19:11.962  1722  1722 D ActivityThread: Package [com.sysadmindoc.callshield] reported as REPLACED, but missing application info. Assuming REMOVED.
04-11 16:19:11.962  5546  5546 D ActivityThread: Package [com.sysadmindoc.callshield] reported as REPLACED, but missing application info. Assuming REMOVED.
04-11 16:19:11.962  4562  4562 D ActivityThread: Package [com.sysadmindoc.callshield] reported as REPLACED, but missing application info. Assuming REMOVED.
04-11 16:19:11.963  7389  7389 D ActivityThread: Package [com.sysadmindoc.callshield] reported as REPLACED, but missing application info. Assuming REMOVED.
04-11 16:19:11.963  5290  5290 D ActivityThread: Package [com.sysadmindoc.callshield] reported as REPLACED, but missing application info. Assuming REMOVED.
04-11 16:19:11.963   808   966 V AccessibilityUserState: updateShortcutTargets: type:accessibility_shortcut_target_service, current:{}, new:{}
04-11 16:19:11.963   808   966 V AccessibilityUserState: updateShortcutTargets: type:accessibility_button_targets, current:{}, new:{}
04-11 16:19:11.963   808   966 V AccessibilityUserState: updateShortcutTargets: type:accessibility_gesture_targets, current:{}, new:{}
04-11 16:19:11.963   808   966 V AccessibilityUserState: updateShortcutTargets: type:accessibility_qs_targets, current:{}, new:{}
04-11 16:19:11.963  7421  7421 D ActivityThread: Package [com.sysadmindoc.callshield] reported as REPLACED, but missing application info. Assuming REMOVED.
04-11 16:19:11.963   808   966 V AccessibilityUserState: updateShortcutTargets: type:accessibility_key_gesture_targets, current:{}, new:{}
04-11 16:19:11.963  1251  1251 D ActivityThread: Package [com.sysadmindoc.callshield] reported as REPLACED, but missing application info. Assuming REMOVED.
04-11 16:19:11.963  1095  1332 I PluginActionManager[com.android.systemui.action.PLUGIN_TOAST]: Found 0 plugins
04-11 16:19:11.964   808   905 W libbinder.IPCThreadState: Sending oneway calls to frozen process.
04-11 16:19:11.964   808   905 W libbinder.IPCThreadState: Sending oneway calls to frozen process.
04-11 16:19:11.964   808   905 W libbinder.IPCThreadState: Sending oneway calls to frozen process.
04-11 16:19:11.964   808   905 W libbinder.IPCThreadState: Sending oneway calls to frozen process.
04-11 16:19:11.964   808   905 W libbinder.IPCThreadState: Sending oneway calls to frozen process.
04-11 16:19:11.964   808   905 W libbinder.IPCThreadState: Sending oneway calls to frozen process.
04-11 16:19:11.964   808   905 W libbinder.IPCThreadState: Sending oneway calls to frozen process.
04-11 16:19:11.964  1795  1795 D ActivityThread: Package [com.sysadmindoc.callshield] reported as REPLACED, but missing application info. Assuming REMOVED.
04-11 16:19:11.964  1095  1095 D ActivityThread: Package [com.sysadmindoc.callshield] reported as REPLACED, but missing application info. Assuming REMOVED.
04-11 16:19:11.964  1216  1216 D ActivityThread: Package [com.sysadmindoc.callshield] reported as REPLACED, but missing application info. Assuming REMOVED.
04-11 16:19:11.964  1164  1164 D ActivityThread: Package [com.sysadmindoc.callshield] reported as REPLACED, but missing application info. Assuming REMOVED.
04-11 16:19:11.964  1095  1332 I PluginActionManager[com.android.systemui.action.PLUGIN_GLOBAL_ACTIONS]: Found 0 plugins
04-11 16:19:11.965  1095  1332 I PluginActionManager[com.android.systemui.action.PLUGIN_QS]: Found 0 plugins
04-11 16:19:11.965  1232  1232 D CarrierSvcBindHelper: No carrier app for: 0
04-11 16:19:11.966   808   905 D PackageInstallerSession: Marking session 262419706 as applied
04-11 16:19:11.966  1095  1332 I PluginActionManager[com.android.systemui.action.PLUGIN_NOTIFICATION_ASSISTANT]: Found 0 plugins
04-11 16:19:11.967  1095  1332 I PluginActionManager[com.android.systemui.action.PLUGIN_OVERLAY]: Found 0 plugins
04-11 16:19:11.967  1232  1232 D CarrierSvcBindHelper: onPackageModified: com.sysadmindoc.callshield
04-11 16:19:11.968  1095  1332 I PluginActionManager[com.android.systemui.action.PLUGIN_NOTIFICATION_MENU_ROW]: Found 0 plugins
04-11 16:19:11.968  1232  1232 D CarrierSvcBindHelper: No carrier app for: 0
04-11 16:19:11.968  1095  1332 I PluginActionManager[com.android.systemui.action.PLUGIN_NOTIFICATION_MENU_ROW]: Found 0 plugins
04-11 16:19:11.968  1095  1332 I PluginActionManager[com.android.systemui.action.PLUGIN_NOTIFICATION_MENU_ROW]: Found 0 plugins
04-11 16:19:11.968  1095  1332 I PluginActionManager[com.android.systemui.action.PLUGIN_NOTIFICATION_MENU_ROW]: Found 0 plugins
04-11 16:19:11.969   808   966 W MagnificationConnectionManager: requestConnection duplicated request: connect=false, mConnectionState=DISCONNECTED
04-11 16:19:11.969   808   966 V AccessibilityUserState: updateShortcutTargets: type:accessibility_button_targets, current:{}, new:{}
04-11 16:19:11.969   808   966 V AccessibilityUserState: updateShortcutTargets: type:accessibility_qs_targets, current:{}, new:{}
04-11 16:19:11.974  1095  1332 I PluginActionManager[com.android.systemui.action.FALSING_PLUGIN]: Found 0 plugins
04-11 16:19:11.974  1400  1400 D ActivityThread: Package [com.sysadmindoc.callshield] reported as REPLACED, but missing application info. Assuming REMOVED.
04-11 16:19:11.975  1095  1332 I PluginActionManager[com.android.systemui.action.PLUGIN_SENSOR_MANAGER]: Found 0 plugins
04-11 16:19:11.977   808   966 V AccessibilityUserState: updateShortcutTargets: type:accessibility_shortcut_target_service, current:{}, new:{}
04-11 16:19:11.977   808   966 V AccessibilityUserState: updateShortcutTargets: type:accessibility_qs_targets, current:{}, new:{}
04-11 16:19:11.977   808   966 V AccessibilityUserState: updateShortcutTargets: type:accessibility_button_targets, current:{}, new:{}
04-11 16:19:11.977   808   966 V AccessibilityUserState: updateShortcutTargets: type:accessibility_gesture_targets, current:{}, new:{}
04-11 16:19:11.977   808   966 V AccessibilityUserState: updateShortcutTargets: type:accessibility_key_gesture_targets, current:{}, new:{}
04-11 16:19:11.978  1095  1332 I PluginActionManager[com.android.systemui.action.PLUGIN_AUTH_CONTEXT]: Found 0 plugins
04-11 16:19:11.978   808   966 V AccessibilityManagerService: onUserStateChangedLocked for userId: 0, forceUpdate: false
04-11 16:19:11.980  1435  1435 I SafetyLabelChangedBroadcastReceiver: received broadcast packageName: com.sysadmindoc.callshield, current user: UserHandle{0}, packageChangeEvent: UPDATE, intent user: UserHandle{0}
04-11 16:19:11.983   808   966 V AccessibilityUserState: updateShortcutTargets: type:accessibility_shortcut_target_service, current:{}, new:{}
04-11 16:19:11.983   808   966 V AccessibilityUserState: updateShortcutTargets: type:accessibility_button_targets, current:{}, new:{}
04-11 16:19:11.983   808   966 V AccessibilityUserState: updateShortcutTargets: type:accessibility_gesture_targets, current:{}, new:{}
04-11 16:19:11.983   808   966 V AccessibilityUserState: updateShortcutTargets: type:accessibility_qs_targets, current:{}, new:{}
04-11 16:19:11.983   808   966 V AccessibilityUserState: updateShortcutTargets: type:accessibility_key_gesture_targets, current:{}, new:{}
04-11 16:19:11.983   808   966 W MagnificationConnectionManager: requestConnection duplicated request: connect=false, mConnectionState=DISCONNECTED
04-11 16:19:11.983  1435  1435 D ActivityThread: Package [com.sysadmindoc.callshield] reported as REPLACED, but missing application info. Assuming REMOVED.
04-11 16:19:11.983  1095  1332 I PluginActionManager[com.android.systemui.action.PLUGIN_VOLUME]: Found 0 plugins
04-11 16:19:11.987   808   808 D BackupManagerConstants: getFullBackupIntervalMilliseconds(...) returns 86400000
04-11 16:19:11.987   808   808 D BackupManagerConstants: getFullBackupRequiredNetworkType(...) returns 2
04-11 16:19:11.987   808   808 D BackupManagerConstants: getFullBackupRequireCharging(...) returns true
04-11 16:19:11.988  1095  1332 I PluginActionManager[com.android.systemui.action.PLUGIN_TOAST]: Found 0 plugins
04-11 16:19:11.992   808  2382 V ActivityManager: Got obituary of 6385:com.sysadmindoc.callshield
04-11 16:19:11.992   808   871 W ActivityManager: setHasOverlayUi called on unknown pid: 6385
04-11 16:19:11.992   808   915 E AtomicFile: Failed to rename /data/system/install_sessions.xml.new to /data/system/install_sessions.xml
04-11 16:19:11.993   660   660 I adbd    : Remote process closed the socket (on MSG_PEEK)
04-11 16:19:11.970   808   808 W binder:808_D: type=1400 audit(0.0:53): avc:  denied  { getopt } for  scontext=u:r:system_server:s0 tcontext=u:r:shell:s0 tclass=unix_stream_socket permissive=0
04-11 16:19:11.994   808  3415 W SignedPackage: Package doesn't have required signing certificate: com.google.android.retaildemo
04-11 16:19:11.996  1095  1332 I PluginActionManager[com.android.systemui.action.PLUGIN_GLOBAL_ACTIONS]: Found 0 plugins
04-11 16:19:11.997  1095  1332 I PluginActionManager[com.android.systemui.action.PLUGIN_QS]: Found 0 plugins
04-11 16:19:11.997  1095  1332 I PluginActionManager[com.android.systemui.action.PLUGIN_NOTIFICATION_ASSISTANT]: Found 0 plugins
04-11 16:19:11.997  1095  1332 I PluginActionManager[com.android.systemui.action.PLUGIN_OVERLAY]: Found 0 plugins
04-11 16:19:11.997  1095  1332 I PluginActionManager[com.android.systemui.action.PLUGIN_NOTIFICATION_MENU_ROW]: Found 0 plugins
04-11 16:19:11.997  1095  1332 I PluginActionManager[com.android.systemui.action.PLUGIN_NOTIFICATION_MENU_ROW]: Found 0 plugins
04-11 16:19:11.999  1095  1332 I PluginActionManager[com.android.systemui.action.PLUGIN_NOTIFICATION_MENU_ROW]: Found 0 plugins
04-11 16:19:11.999  1232  1232 E SmsApplication: com.google.android.apps.messaging lost android:read_cell_broadcasts:  (fixing)
04-11 16:19:11.999   808  1680 W AppOpService: Ignored setUidMode call for runtime permission app op: uid = 10154, code = READ_CELL_BROADCASTS, mode = allow, callingUid = 1001, oldMode = allow
04-11 16:19:11.999  1095  1332 I PluginActionManager[com.android.systemui.action.PLUGIN_NOTIFICATION_MENU_ROW]: Found 0 plugins
04-11 16:19:12.002  4445  4445 I Finsky  : [2] onSubscriptionsChanged
04-11 16:19:12.002  4445  4445 I Finsky  : [2] onSubscriptionsChanged
04-11 16:19:12.002  4445  4445 I Finsky  : [2] onSubscriptionsChanged
04-11 16:19:12.004   808  1680 W AppOpService: Ignored setUidMode call for runtime permission app op: uid = 1001, code = READ_SMS, mode = allow, callingUid = 1001, oldMode = allow
04-11 16:19:12.005   808  2024 W AppOpService: Ignored setUidMode call for runtime permission app op: uid = 1001, code = RECEIVE_SMS, mode = allow, callingUid = 1001, oldMode = allow
04-11 16:19:12.005   808  2024 W AppOpService: Ignored setUidMode call for runtime permission app op: uid = 1001, code = RECEIVE_WAP_PUSH, mode = allow, callingUid = 1001, oldMode = allow
04-11 16:19:12.005   808  2024 W AppOpService: Ignored setUidMode call for runtime permission app op: uid = 1001, code = SEND_SMS, mode = allow, callingUid = 1001, oldMode = allow
04-11 16:19:12.006   808  2093 W AppOpService: Ignored setUidMode call for runtime permission app op: uid = 1001, code = READ_CELL_BROADCASTS, mode = allow, callingUid = 1001, oldMode = allow
04-11 16:19:12.006  4215  4215 I Finsky:background: [2] onSubscriptionsChanged
04-11 16:19:12.006  4215  4215 I Finsky:background: [2] onSubscriptionsChanged
04-11 16:19:12.006  4215  4215 I Finsky:background: [2] onSubscriptionsChanged
04-11 16:19:12.007  4215  4215 D ActivityThread: Package [com.sysadmindoc.callshield] reported as REPLACED, but missing application info. Assuming REMOVED.
04-11 16:19:12.013   808  3415 E RoleControllerServiceImpl: Default/fallback role holder package doesn't qualify for the role, package: com.google.android.gms.supervision, role: android.app.role.SYSTEM_SUPERVISION, user: 0
04-11 16:19:12.014   808  3415 W SignedPackage: Package doesn't have required signing certificate: com.google.android.apps.work.clouddpc
04-11 16:19:12.017   582   582 I Zygote  : Process 6385 exited due to signal 9 (Killed)
04-11 16:19:12.017   808   880 I libprocessgroup: Removed cgroup /sys/fs/cgroup/apps/uid_10228/pid_6385
04-11 16:19:12.018  4445  4445 I Finsky  : [2] Memory trim requested to level 40
04-11 16:19:12.021  4215  4215 I Finsky:background: [2] Memory trim requested to level 40
04-11 16:19:12.029  4215  4215 I Finsky:background: [2] Memory trim requested to level 40
04-11 16:19:12.032  4445  4445 I Finsky  : [2] Flushing in-memory image cache
04-11 16:19:12.037  4445  4445 I Finsky  : [2] Memory trim requested to level 40
04-11 16:19:12.037  4445  4445 I Finsky  : [2] Flushing in-memory image cache
04-11 16:19:12.041  4215  4215 I Finsky:background: [2] aisq - Received: android.intent.action.PACKAGE_REMOVED, [_M8udIDRt1jCC3KNl4SofOPcKFBBeR70vDOApDvHylU]
04-11 16:19:12.044   808   942 D ActivityManager: freezing 5368 com.google.android.cellbroadcastreceiver
04-11 16:19:12.047  4445  4445 I Finsky  : [2] aita - Received: android.intent.action.PACKAGE_REMOVED, [_M8udIDRt1jCC3KNl4SofOPcKFBBeR70vDOApDvHylU]
04-11 16:19:12.055  1435  1440 I ssioncontroller: Background concurrent mark compact GC freed 3036KB AllocSpace bytes, 12(496KB) LOS objects, 49% free, 5704KB/11MB, paused 1.938ms,1.012ms total 178.860ms
04-11 16:19:12.058  1232  1232 E SmsApplication: com.google.android.apps.messaging lost android:read_cell_broadcasts:  (fixing)
04-11 16:19:12.058   808  2094 W AppOpService: Ignored setUidMode call for runtime permission app op: uid = 10154, code = READ_CELL_BROADCASTS, mode = allow, callingUid = 1001, oldMode = allow
04-11 16:19:12.063   808  2091 W AppOpService: Ignored setUidMode call for runtime permission app op: uid = 1001, code = READ_SMS, mode = allow, callingUid = 1001, oldMode = allow
04-11 16:19:12.065   808   808 D AS.AudioService: received android.intent.action.PACKAGE_REPLACED replacing: true archival: false for package com.sysadmindoc.callshield with uid 10228
04-11 16:19:12.066   808   808 D AppSearchAppsIndexerManagerS: userid in package receiver: 10228
04-11 16:19:12.067   808   808 D ActivityThread: Package [com.sysadmindoc.callshield] reported as REPLACED, but missing application info. Assuming REMOVED.
04-11 16:19:12.067   808   808 W libbinder.IPCThreadState: Sending oneway calls to frozen process.
04-11 16:19:12.075   808   808 W libbinder.IPCThreadState: Sending oneway calls to frozen process.
04-11 16:19:12.076   808  2038 W AppOpService: Ignored setUidMode call for runtime permission app op: uid = 1001, code = RECEIVE_SMS, mode = allow, callingUid = 1001, oldMode = allow
04-11 16:19:12.077   808  1000 D InetDiagMessage: Destroyed 0 sockets, proto=IPPROTO_TCP, family=AF_INET, states=14
04-11 16:19:12.078   808  1000 D InetDiagMessage: Destroyed 0 sockets, proto=IPPROTO_TCP, family=AF_INET6, states=14
04-11 16:19:12.078   808  5016 V Configuration: Updating configuration, locales updated from [] to [en_US]
04-11 16:19:12.078   808  5016 V Configuration: Updating configuration, locales updated from [] to [en_US]
04-11 16:19:12.078   808  5016 V Configuration: Updating configuration, locales updated from [] to [en_US]
04-11 16:19:12.078   808  5016 V Configuration: Updating configuration, locales updated from [] to [en_US]
04-11 16:19:12.078   808  5016 V Configuration: Updating configuration, locales updated from [] to [en_US]
04-11 16:19:12.078   808  5016 V Configuration: Updating configuration, locales updated from [] to [en_US]
04-11 16:19:12.078   808  5016 V Configuration: Updating configuration, locales updated from [] to [en_US]
04-11 16:19:12.080   808  2038 W AppOpService: Ignored setUidMode call for runtime permission app op: uid = 1001, code = RECEIVE_WAP_PUSH, mode = allow, callingUid = 1001, oldMode = allow
04-11 16:19:12.080   808  1000 D InetDiagMessage: Destroyed live tcp sockets for uids={10224} in 3ms
04-11 16:19:12.082   808  2038 W AppOpService: Ignored setUidMode call for runtime permission app op: uid = 1001, code = SEND_SMS, mode = allow, callingUid = 1001, oldMode = allow
04-11 16:19:12.085   808  2038 W AppOpService: Ignored setUidMode call for runtime permission app op: uid = 1001, code = READ_CELL_BROADCASTS, mode = allow, callingUid = 1001, oldMode = allow
04-11 16:19:12.091   808  3415 I Role    : com.google.android.gms not qualified for android.app.role.SYSTEM_DEPENDENCY_INSTALLER due to missing RequiredComponent{mIntentFilterData=IntentFilterData{mAction='android.content.pm.action.INSTALL_DEPENDENCY', mCategories='[]', mDataScheme='null', mDataType='null'}, mMinTargetSdkVersion=1, mFlags='0', mPermission='android.permission.BIND_DEPENDENCY_INSTALLER', mQueryFlags=0, mMetaData=[]}
04-11 16:19:12.091   808  3415 E RoleControllerServiceImpl: Default/fallback role holder package doesn't qualify for the role, package: com.google.android.gms, role: android.app.role.SYSTEM_DEPENDENCY_INSTALLER, user: 0
04-11 16:19:12.094  1232  1432 D ImsResolver: maybeAddedImsService, packageName: com.sysadmindoc.callshield
04-11 16:19:12.094  1232  1432 V ImsResolver: searchForImsServices: package=com.sysadmindoc.callshield, users=[UserHandle{0}]
04-11 16:19:12.096  1232  1432 V ImsResolver: searchForImsServices: package=com.sysadmindoc.callshield, users=[UserHandle{0}]
04-11 16:19:12.097  1232  1232 W VvmPkgInstalledRcvr: carrierVvmPkgAdded: carrier vvm packages doesn't contain com.sysadmindoc.callshield
04-11 16:19:12.097  1232  1232 D ActivityThread: Package [com.sysadmindoc.callshield] reported as REPLACED, but missing application info. Assuming REMOVED.
04-11 16:19:12.100  1232  1232 D SatelliteController: packageStateChanged: package:com.sysadmindoc.callshield defaultSmsPackageName: com.google.android.apps.messaging satelliteGatewayServicePackageName: 
04-11 16:19:12.101  1232  1232 D ActivityThread: Package [com.sysadmindoc.callshield] reported as REPLACED, but missing application info. Assuming REMOVED.
04-11 16:19:12.123  1244  1320 D AlphabeticIndexCompat: computeSectionName: cs: Settings sectionName: S
04-11 16:19:12.124  1244  1320 D AlphabeticIndexCompat: computeSectionName: cs: Photos sectionName: P
04-11 16:19:12.125  1244  1320 D AlphabeticIndexCompat: computeSectionName: cs: Battery sectionName: B
04-11 16:19:12.126  1244  1320 D AlphabeticIndexCompat: computeSectionName: cs: Chrome sectionName: C
04-11 16:19:12.126   808   826 I system_server: Background concurrent mark compact GC freed 14MB AllocSpace bytes, 25(1376KB) LOS objects, 39% free, 36MB/60MB, paused 6.351ms,3.449ms total 259.316ms
04-11 16:19:12.126  1244  1320 D AlphabeticIndexCompat: computeSectionName: cs: Gmail sectionName: G
04-11 16:19:12.126  1244  1320 D AlphabeticIndexCompat: computeSectionName: cs: Drive sectionName: D
04-11 16:19:12.126  1244  1320 D AlphabeticIndexCompat: computeSectionName: cs: Clock sectionName: C
04-11 16:19:12.127  1244  1320 D AlphabeticIndexCompat: computeSectionName: cs: Contacts sectionName: C
04-11 16:19:12.127  1244  1320 D AlphabeticIndexCompat: computeSectionName: cs: Calendar sectionName: C
04-11 16:19:12.128  1244  1320 D AlphabeticIndexCompat: computeSectionName: cs: Maps sectionName: M
04-11 16:19:12.128  1244  1320 D AlphabeticIndexCompat: computeSectionName: cs: YouTube Music sectionName: Y
04-11 16:19:12.128  1244  1320 D AlphabeticIndexCompat: computeSectionName: cs: YouTube sectionName: Y
04-11 16:19:12.129  1244  1320 D AlphabeticIndexCompat: computeSectionName: cs: Google sectionName: G
04-11 16:19:12.129   808  3415 E RoleControllerServiceImpl: Default/fallback role holder package doesn't qualify for the role, package: com.google.android.gms, role: android.app.role.WALLET, user: 0
04-11 16:19:12.129  1244  1320 D AlphabeticIndexCompat: computeSectionName: cs: Android System Intelligence sectionName: A
04-11 16:19:12.129  1244  1320 D AlphabeticIndexCompat: computeSectionName: cs: CallShield sectionName: C
04-11 16:19:12.130  1244  1320 D AlphabeticIndexCompat: computeSectionName: cs: Digital Wellbeing sectionName: D
04-11 16:19:12.130  1244  1320 D AlphabeticIndexCompat: computeSectionName: cs: Conversations sectionName: C
04-11 16:19:12.137   808   831 W System  : A resource failed to call close. 
04-11 16:19:12.140   808  3415 W SignedPackage: Cannot get ApplicationInfo for package: com.google.android.devicelockcontroller
04-11 16:19:12.150  4215  7765 I Finsky:background: [123] Wrote row to frosting DB: 702
04-11 16:19:12.166  4215  7765 I Finsky:background: [123] Wrote row to frosting DB: 703
04-11 16:19:12.169  4215  4215 I Finsky:background: [2] aisq - Received: android.intent.action.PACKAGE_ADDED, [_M8udIDRt1jCC3KNl4SofOPcKFBBeR70vDOApDvHylU]
04-11 16:19:12.192  1244  1320 D AlphabeticIndexCompat: computeSectionName: cs: CallShield sectionName: C
04-11 16:19:12.192  1244  1244 D AllAppsStore: setApps: apps.length=21
04-11 16:19:12.192  1244  1244 D AllAppsStore: notifyUpdate: notifying listeners
04-11 16:19:12.192  1244  1244 D ActivityAllAppsContainerView: onAppsUpdated; number of apps: 21
04-11 16:19:12.192  1244  1244 D ActivityAllAppsContainerView: rebindAdapters: force: false
04-11 16:19:12.192  1244  1244 D ActivityAllAppsContainerView: rebindAdapters: Not needed.
04-11 16:19:12.192  1244  1244 D StatsLog: LAUNCHER_ALLAPPS_COUNT
04-11 16:19:12.192  1244  1244 D AlphabeticalAppsList: Clearing FastScrollerSections.
04-11 16:19:12.192  1244  1244 D AlphabeticalAppsList: Adding apps with sections. HasPrivateApps: false
04-11 16:19:12.192  1244  1244 D AlphabeticalAppsList: addAppsWithSections: adding sectionName: C with appInfoTitle: Calendar
04-11 16:19:12.192  1244  1244 D AlphabeticalAppsList: addAppsWithSections: adding sectionName: D with appInfoTitle: Drive
04-11 16:19:12.192  1244  1244 D AlphabeticalAppsList: addAppsWithSections: adding sectionName: F with appInfoTitle: Files
04-11 16:19:12.192  1244  1244 D AlphabeticalAppsList: addAppsWithSections: adding sectionName: G with appInfoTitle: Gmail
04-11 16:19:12.192  1244  1244 D AlphabeticalAppsList: addAppsWithSections: adding sectionName: M with appInfoTitle: Maps
