04-11 16:19:12.192  1244  1244 D AlphabeticalAppsList: addAppsWithSections: adding sectionName: N with appInfoTitle: NovaCut
04-11 16:19:12.192  1244  1244 D AlphabeticalAppsList: addAppsWithSections: adding sectionName: P with appInfoTitle: Phone
04-11 16:19:12.192  1244  1244 D AlphabeticalAppsList: addAppsWithSections: adding sectionName: S with appInfoTitle: Safety
04-11 16:19:12.192  1244  1244 D AlphabeticalAppsList: addAppsWithSections: adding sectionName: T with appInfoTitle: TMoble
04-11 16:19:12.192  1244  1244 D AlphabeticalAppsList: addAppsWithSections: adding sectionName: Y with appInfoTitle: YouTube
04-11 16:19:12.192  1244  1244 D AlphabeticalAppsList: Adding FastScrollSection duplicate to scroll to the bottom.
04-11 16:19:12.192  1244  1244 D AlphabeticalAppsList: Clearing FastScrollerSections.
04-11 16:19:12.192  1244  1244 D AlphabeticalAppsList: Adding apps with sections. HasPrivateApps: false
04-11 16:19:12.192  1244  1244 D AlphabeticalAppsList: addAppsWithSections: adding sectionName: C with appInfoTitle: Calendar
04-11 16:19:12.192  1244  1244 D AlphabeticalAppsList: addAppsWithSections: adding sectionName: D with appInfoTitle: Drive
04-11 16:19:12.192  1244  1244 D AlphabeticalAppsList: addAppsWithSections: adding sectionName: F with appInfoTitle: Files
04-11 16:19:12.192  1244  1244 D AlphabeticalAppsList: addAppsWithSections: adding sectionName: G with appInfoTitle: Gmail
04-11 16:19:12.192  1244  1244 D AlphabeticalAppsList: addAppsWithSections: adding sectionName: M with appInfoTitle: Maps
04-11 16:19:12.192  1244  1244 D AlphabeticalAppsList: addAppsWithSections: adding sectionName: N with appInfoTitle: NovaCut
04-11 16:19:12.192  1244  1244 D AlphabeticalAppsList: addAppsWithSections: adding sectionName: P with appInfoTitle: Phone
04-11 16:19:12.192  1244  1244 D AlphabeticalAppsList: addAppsWithSections: adding sectionName: S with appInfoTitle: Safety
04-11 16:19:12.192  1244  1244 D AlphabeticalAppsList: addAppsWithSections: adding sectionName: T with appInfoTitle: TMoble
04-11 16:19:12.192  1244  1244 D AlphabeticalAppsList: addAppsWithSections: adding sectionName: Y with appInfoTitle: YouTube
04-11 16:19:12.193  1244  1244 D AlphabeticalAppsList: Adding FastScrollSection duplicate to scroll to the bottom.
04-11 16:19:12.197  4215  4284 I Finsky:background: [52] IQ:PSL: skipping onPackageRemoved(replacing=true) for untracked package=com.sysadmindoc.callshield
04-11 16:19:12.198  4215  4215 I Finsky:background: [2] aisq - Received: android.intent.action.PACKAGE_ADDED, [_M8udIDRt1jCC3KNl4SofOPcKFBBeR70vDOApDvHylU]
04-11 16:19:12.203  4215  4215 I Finsky:background: [2] aisq - Deduping intent android.intent.action.PACKAGE_ADDED
04-11 16:19:12.210  4215  7765 I Finsky:background: [123] Wrote row to frosting DB: 704
04-11 16:19:12.218  4215  4215 I Finsky:background: [2] aisq - Received: android.intent.action.PACKAGE_ADDED, [_M8udIDRt1jCC3KNl4SofOPcKFBBeR70vDOApDvHylU]
04-11 16:19:12.221  4215  4215 I Finsky:background: [2] aisq - Deduping intent android.intent.action.PACKAGE_ADDED
04-11 16:19:12.221  4215  4215 D ActivityThread: Package [com.sysadmindoc.callshield] reported as REPLACED, but missing application info. Assuming REMOVED.
04-11 16:19:12.222  4215  7765 I Finsky:background: [123] Wrote row to frosting DB: 705
04-11 16:19:12.225  4215  4311 I Finsky:background: [63] RECEIVER_PACKAGE_MONITOR_BACKGROUND#logWorkEndAndFinishGoAsync: SUCCESS
04-11 16:19:12.240  4215  7765 I Finsky:background: [123] Wrote row to frosting DB: 706
04-11 16:19:12.245  4215  7765 I Finsky:background: [123] Wrote row to frosting DB: 707
04-11 16:19:12.274  4445  4489 I Finsky  : [58] AIM: AppInfoManager-Perf > OnDeviceAppInfo > cacheHitCount=0, cacheMissCount=1. Missed  in cache (limit 10) : [com.sysadmindoc.callshield]
04-11 16:19:12.282  4445  4486 I Finsky  : [55] AIM: Got app ownership map. App counts: . Unique apps: 0
04-11 16:19:12.282  4445  4486 E Finsky  : [55] [Counters] attempted to use a non-positive increment for: 4752
04-11 16:19:12.285  4215  4215 I Finsky:background: [2] Memory trim requested to level 40
04-11 16:19:12.293  4445  4486 E Finsky  : [55] [Counters] attempted to use a non-positive increment for: 4753
04-11 16:19:12.300  4445  7770 I Finsky  : [212] SCH: Received scheduling request: Id: 12-1, Constraints: [{ L: 15000, D: 86400000, C: CHARGING_NONE, I: IDLE_NONE, N: NET_ANY, B: BATTERY_ANY }]
04-11 16:19:12.300  4445  4445 I Finsky  : [2] aita - Received: android.intent.action.PACKAGE_ADDED, [_M8udIDRt1jCC3KNl4SofOPcKFBBeR70vDOApDvHylU]
04-11 16:19:12.304  4445  4445 I Finsky  : [2] DTU: Received onPackageAdded, replacing: true
04-11 16:19:12.312  4445  4489 I Finsky  : [58] AIM: AppInfoManager-Perf > OnDeviceAppInfo > cacheHitCount=0, cacheMissCount=1. Missed  in cache (limit 10) : [com.sysadmindoc.callshield]
04-11 16:19:12.312  4445  4489 I Finsky  : [58] AIM: Got app ownership map. App counts: . Unique apps: 0
04-11 16:19:12.312  4445  4489 E Finsky  : [58] [Counters] attempted to use a non-positive increment for: 4752
04-11 16:19:12.312  4445  4489 E Finsky  : [58] [Counters] attempted to use a non-positive increment for: 4753
04-11 16:19:12.316  4445  4485 I Finsky  : [54] AIM: AppInfoManager-Perf > ItemModel > CacheSize=0, cacheHitCount=0, cacheMissCount=1, total appsWithNoServerDataCount=0. Missed  in cache (limit 10) : [com.sysadmindoc.callshield]
04-11 16:19:12.323  4445  4486 I Finsky  : [55] AIM: AppInfoManager-Perf > ItemModel > CacheSize=0, cacheHitCount=0, cacheMissCount=1, total appsWithNoServerDataCount=0. Missed  in cache (limit 10) : [com.sysadmindoc.callshield]
04-11 16:19:12.333  4445  4486 I Finsky  : [55] AIM: AppInfoManager-Perf > ItemModel > ItemStore Called 1 apps cacheOptions = USE_CACHE
04-11 16:19:12.333  4445  4485 I Finsky  : [54] AIM: AppInfoManager-Perf > ItemModel > ItemStore Called 1 apps cacheOptions = USE_CACHE
04-11 16:19:12.340  4445  4488 I Finsky  : [57] ItemStore: Not cached: com.sysadmindoc.callshield
04-11 16:19:12.341  4445  4488 I Finsky  : [57] ItemStore: Not cached: com.sysadmindoc.callshield
04-11 16:19:12.346  4445  4486 I Finsky  : [55] AIM: ItemModel fetch - unauth(1), auth()
04-11 16:19:12.346  4445  4485 I Finsky  : [54] AIM: ItemModel fetch - unauth(1), auth()
04-11 16:19:12.355  4445  7770 I Finsky  : [212] SCH: Received scheduling request: Id: 12-1, Constraints: [{ L: 15000, D: 86400000, C: CHARGING_NONE, I: IDLE_NONE, N: NET_ANY, B: BATTERY_ANY }]
04-11 16:19:12.356  4445  4445 I Finsky  : [2] aita - Received: android.intent.action.PACKAGE_ADDED, [_M8udIDRt1jCC3KNl4SofOPcKFBBeR70vDOApDvHylU]
04-11 16:19:12.360  4445  4445 I Finsky  : [2] aita - Deduping intent android.intent.action.PACKAGE_ADDED
04-11 16:19:12.365  1702  1702 W MediaProvider: WorkProfileOwnerApps cache is empty
04-11 16:19:12.365  1702  1702 D PickerSyncLockManager: Trying to acquire lock com.android.providers.media.photopicker.sync.CloseableReentrantLock@98ccae9[Unlocked]. Lock Name = CLOUD_PROVIDER_LOCK. Threads that may be waiting to acquire this lock = []
04-11 16:19:12.365  1702  1702 D CloseableReentrantLock: Successfully acquired lock com.android.providers.media.photopicker.sync.CloseableReentrantLock@98ccae9[Locked by thread main]. Lock Name = CLOUD_PROVIDER_LOCK. Threads that may be waiting to acquire this lock = []
04-11 16:19:12.365  1702  1702 D CloseableReentrantLock: Successfully released lock com.android.providers.media.photopicker.sync.CloseableReentrantLock@98ccae9[Unlocked]. Lock Name = CLOUD_PROVIDER_LOCK. Threads that may be waiting to acquire this lock = []
04-11 16:19:12.368  1244  2344 D WellbeingModel: Changes in apps: intent = [Intent { act=android.intent.action.PACKAGE_REMOVED dat=package: flg=0x4000010 (has extras) }]
04-11 16:19:12.368  1244  2344 D WellbeingModel: Changes in apps: intent = [Intent { act=android.intent.action.PACKAGE_ADDED dat=package: flg=0x4000010 (has extras) }]
04-11 16:19:12.368  1244  2344 I WellbeingModel: updateActionsWithRetry(); retryCount: 0, package: com.sysadmindoc.callshield
04-11 16:19:12.368  1244  2344 D WellbeingModel: retrieveActions() called with: packageNames = [com.sysadmindoc.callshield]
04-11 16:19:12.369  1244  1320 I PluginActionManager[com.android.systemui.action.ICON_WRAPPER_PLUGIN]: Found 0 plugins
04-11 16:19:12.369  1244  1320 I PluginActionManager[com.android.systemui.action.PLUGIN_CUSTOM_WIDGET]: Found 0 plugins
04-11 16:19:12.370  1244  1320 I PluginActionManager[com.android.systemui.action.PLUGIN_NETWORK_FETCHER_ACTIONS]: Found 0 plugins
04-11 16:19:12.371  4445  4445 I Finsky  : [2] aita - Received: android.intent.action.PACKAGE_ADDED, [_M8udIDRt1jCC3KNl4SofOPcKFBBeR70vDOApDvHylU]
04-11 16:19:12.371  1244  1320 I PluginActionManager[com.android.systemui.action.PLUGIN_LAUNCHER_OVERLAY]: Found 0 plugins
04-11 16:19:12.373  1244  1320 I PluginActionManager[com.android.systemui.action.PLUGIN_BC_SMARTSPACE_DATA]: Found 0 plugins
04-11 16:19:12.373  1244  1320 I PluginActionManager[com.android.systemui.action.PLUGIN_ALL_APPS_ACTIONS]: Found 0 plugins
04-11 16:19:12.374  1244  1320 I PluginActionManager[com.android.launcher3.action.PLUGIN_DYNAMIC_RESOURCE]: Found 0 plugins
04-11 16:19:12.375  1244  1320 I PluginActionManager[com.android.systemui.action.ICON_WRAPPER_PLUGIN]: Found 0 plugins
04-11 16:19:12.375   808  1049 D BackgroundInstallControlService: Package event received: 0
04-11 16:19:12.375  1244  1320 I PluginActionManager[com.android.systemui.action.PLUGIN_CUSTOM_WIDGET]: Found 0 plugins
04-11 16:19:12.376  4445  4445 I Finsky  : [2] aita - Deduping intent android.intent.action.PACKAGE_ADDED
04-11 16:19:12.376  4445  4445 D ActivityThread: Package [com.sysadmindoc.callshield] reported as REPLACED, but missing application info. Assuming REMOVED.
04-11 16:19:12.377  4445  4474 I Finsky  : [43] RECEIVER_PACKAGE_MONITOR#logWorkEndAndFinishGoAsync: SUCCESS
04-11 16:19:12.377  1244  1320 I PluginActionManager[com.android.systemui.action.PLUGIN_NETWORK_FETCHER_ACTIONS]: Found 0 plugins
04-11 16:19:12.379  1244  1320 I PluginActionManager[com.android.systemui.action.PLUGIN_LAUNCHER_OVERLAY]: Found 0 plugins
04-11 16:19:12.379  1244  1320 I PluginActionManager[com.android.systemui.action.PLUGIN_BC_SMARTSPACE_DATA]: Found 0 plugins
04-11 16:19:12.380  1244  1320 I PluginActionManager[com.android.systemui.action.PLUGIN_ALL_APPS_ACTIONS]: Found 0 plugins
04-11 16:19:12.381  1244  1320 I PluginActionManager[com.android.launcher3.action.PLUGIN_DYNAMIC_RESOURCE]: Found 0 plugins
04-11 16:19:12.439  4445  4445 I Finsky  : [2] Memory trim requested to level 40
04-11 16:19:12.439  4445  4445 I Finsky  : [2] Flushing in-memory image cache
04-11 16:19:12.462  1400  7777 I ProximityAuth: [RecentAppsMediator] Package added: (user=UserHandle{0}) com.sysadmindoc.callshield
04-11 16:19:12.462   808  2057 V SafetySourceDataValidat: Package: com.android.vending has expected signature
04-11 16:19:12.462   808  2057 V SafetySourceDataValidat: Package: com.android.vending has expected signature
04-11 16:19:12.463  1625  7782 I AppBackupPkgRemovedIO: Backup state cleanup on uninstall is disabled. [CONTEXT service_id=229 ]
04-11 16:19:12.467  1400  7789 I FontLog : (REDACTED) Package %s has no metadata
04-11 16:19:12.467  1400  7778 I Fitness : (REDACTED) FitCleanupIntentOperation received Intent %s
04-11 16:19:12.496   808   994 I HalDevMgr: bestIfaceCreationProposal is null, requestIface=STA, existingIface=[name=wlan0 type=STA]
04-11 16:19:12.498  1625  1625 D BoundBrokerSvc: onBind: Intent { act=com.google.android.gms.common.BIND_SHARED_PREFS xflg=0x4 pkg=com.google.android.gms }
04-11 16:19:12.498  1625  1625 D BoundBrokerSvc: Loading bound service for intent: Intent { act=com.google.android.gms.common.BIND_SHARED_PREFS xflg=0x4 pkg=com.google.android.gms }
04-11 16:19:12.552  1625  7794 I Auth    : (REDACTED) [SupervisedAccountIntentOperation] onHandleIntent: %s
04-11 16:19:12.562  1625  7794 I NearbyDiscovery: (REDACTED) processGrantSlicePermission: %s
04-11 16:19:12.596  1625  7782 W SQLiteLog: (28) double-quoted string literal: "com.sysadmindoc.callshield"
04-11 16:19:12.610  1625  2226 I Icing   : IndexChimeraService.getServiceInterface callingPackage=com.google.android.gms componentName=AppsCorpus serviceId=36
04-11 16:19:12.622   808  1049 D BackgroundInstallControlService: Package event received: 0
04-11 16:19:12.628  1625  5082 I Icing   : IndexChimeraService.getServiceInterface callingPackage=com.google.android.gms componentName=null serviceId=30
04-11 16:19:12.635   808  1145 V Configuration: Updating configuration, locales updated from [] to [en_US]
04-11 16:19:12.635   808  1145 V Configuration: Updating configuration, locales updated from [] to [en_US]
04-11 16:19:12.635   808  1145 V Configuration: Updating configuration, locales updated from [] to [en_US]
04-11 16:19:12.635   808  1145 V Configuration: Updating configuration, locales updated from [] to [en_US]
04-11 16:19:12.635   808  1145 V Configuration: Updating configuration, locales updated from [] to [en_US]
04-11 16:19:12.635   808  1145 V Configuration: Updating configuration, locales updated from [] to [en_US]
04-11 16:19:12.635   808  1145 V Configuration: Updating configuration, locales updated from [] to [en_US]
04-11 16:19:12.635   808  1145 V Configuration: Updating configuration, locales updated from [] to [en_US]
04-11 16:19:12.644  4445  4480 I Finsky  : [49] WM::SCH: Logging work initialize for 12-1
04-11 16:19:12.653  4445  4480 I Finsky  : [49] WM::SCH: Logging work initialize for 12-1
04-11 16:19:12.654  1625  7799 I Icing   : Usage reports ok 8, Failed Usage reports 0, indexed 0, rejected 0
04-11 16:19:12.657  4445  4489 I Finsky  : [58] SCH: Scheduling phonesky job Id: 12-1, CT: 1775938752300, Constraints: [{ L: 15000, D: 86400000, C: CHARGING_NONE, I: IDLE_NONE, N: NET_ANY, B: BATTERY_ANY }]
04-11 16:19:12.661  4445  4488 I Finsky  : [57] SCH: Scheduling 1 system job(s)
04-11 16:19:12.662  4445  4488 I Finsky  : [57] SCH: Scheduling system job Id: 9809, L: 14639, D: 69949980, C: false, I: false, N: 1
04-11 16:19:12.670  4445  4489 I Finsky  : [58] SCH: Scheduling phonesky job Id: 12-1, CT: 1775938752355, Constraints: [{ L: 15000, D: 86400000, C: CHARGING_NONE, I: IDLE_NONE, N: NET_ANY, B: BATTERY_ANY }]
04-11 16:19:12.671  4445  4482 I Finsky  : [51] [ContentSync] finished, scheduled=true
04-11 16:19:12.675  4445  4486 I Finsky  : [55] SCH: Scheduling 0 system job(s)
04-11 16:19:12.676  4445  4486 I Finsky  : [55] [ContentSync] finished, scheduled=true
04-11 16:19:12.685  1625  7799 I Icing   : Usage reports ok 0, Failed Usage reports 0, indexed 0, rejected 0
04-11 16:19:12.695  1625  7799 I Icing   : Indexing com.google.android.gms-apps from com.google.android.gms
04-11 16:19:12.717  1625  7799 I Icing   : Indexing done com.google.android.gms-apps
04-11 16:19:12.772  1244  2344 D WellbeingModel: ....actionId: pause, packages: com.sysadmindoc.callshield
04-11 16:19:12.772  1244  2344 I WellbeingModel: retrieveActions(): finished
04-11 16:19:12.837  4445  4485 E Finsky  : [54] ItemStore: getItems RPC failed for item com.sysadmindoc.callshield
04-11 16:19:12.885   808  1700 E AppOps  : attributionTag VCN not declared in manifest of android
04-11 16:19:12.925  4445  4489 E Finsky  : [58] ItemStore: getItems RPC failed for item com.sysadmindoc.callshield
04-11 16:19:13.265  7807  7807 W libbinder.BackendUnifiedServiceManager: Thread Pool max thread count is 0. Cannot cache binder as linkToDeath cannot be implemented. serviceName: SurfaceFlingerAIDL
04-11 16:19:13.267  7807  7807 W libbinder.BpBinder: Linking to death on android.gui.ISurfaceComposer but there are no threads (yet?) listening to incoming transactions. See ProcessState::startThreadPool and ProcessState::setThreadPoolMaxThreadCount. Generally you should setup the binder threadpool before other initialization steps.
04-11 16:19:13.269  7807  7807 W libbinder.ProcessState: Extra binder thread started, but 0 threads requested. Do not use *startThreadPool when zero threads are requested.
04-11 16:19:14.062  1400  1400 D BoundBrokerSvc: onUnbind: Intent { act=com.google.android.gms.common.telemetry.service.START dat=chimera-action:/... xflg=0x4 cmp=com.google.android.gms/.chimera.PersistentApiService }
04-11 16:19:14.592   308  7543 I keystore2: system/security/keystore2/watchdog/src/lib.rs:371 - Watchdog thread idle -> terminating. Have a great day.
04-11 16:19:14.867   808  1809 E TaskPersister: File error accessing recents directory (directory doesn't exist?).
04-11 16:19:14.908  7326  7326 I BugleDataModel: ActionExecutorImpl: ACTION_EXECUTE_QUEUED_FixupMessageStatusOnStartupAction
04-11 16:19:14.910  7326  7408 I BugleDataModel: ExecuteActionRunnable: running action FixupMessageStatusOnStartupAction
04-11 16:19:14.910  7326  7326 I BugleDataModel: ActionExecutorImpl: ACTION_EXECUTE_QUEUED_ProcessPendingMessagesAction
04-11 16:19:14.921  7326  7326 I BugleDataModel: ActionExecutorImpl: ACTION_EXECUTE_QUEUED_SelfParticipantsRefreshAction
04-11 16:19:14.941  7326  7408 I BugleDataModel: FixupMessageStatusOnStartupAction: sendFailedCnt: 0, downloadFailedCnt: 0, partsProcessingFailedCnt: 0
04-11 16:19:14.942  7326  7424 W BugleDataModel: 0 fallback attempts are cancelled or failed, with 8 and APP_RESTART
04-11 16:19:14.965  7326  7408 I BugleDataModel: PendingMessagesProcessor process from FixupMessageStatusOnStartupAction due to process restarts throttled  with delay 0s with queues smsMessagesToSend:0 mmsMessagesToSend:0 rcsMessagesToSend:0 rcsFTMessagesToSend:0 messagesToDownload:0
04-11 16:19:14.966  7326  7408 I BugleDataModel: Cleared next retry time for channel: sms_send 
04-11 16:19:14.966  7326  7408 I BugleDataModel: Cleared next retry time for channel: mms_send 
04-11 16:19:14.966  7326  7408 I BugleDataModel: Cleared next retry time for channel: mms_download 
04-11 16:19:14.967  7326  7408 I BugleDataModel: Cleared next retry time for channel: rcs_send 
04-11 16:19:14.967  7326  7408 I BugleDataModel: Cleared next retry time for channel: rcs_ft_upload 
04-11 16:19:14.967  7326  7408 I BugleDataModel: Cleared next retry time for channel: rcs_ft_download 
04-11 16:19:14.967  7326  7408 I BugleDataModel: Cleared next retry time for channel: cloud_sync_send 
04-11 16:19:14.967  7326  7408 I BugleDataModel: Cleared next retry time for channel: cloud_sync_attachment_download 
04-11 16:19:14.968  7326  7408 I BugleDataModel: ExecuteActionRunnable: running action ProcessPendingMessagesAction
04-11 16:19:14.971  7326  7408 I BugleDataModel: PendingMessagesProcessor process from ProcessPendingMessagesAction due to scheduled processing  with delay 0s with queues smsMessagesToSend:0 mmsMessagesToSend:0 rcsMessagesToSend:0 rcsFTMessagesToSend:0 messagesToDownload:0
04-11 16:19:14.972  7326  7408 I BugleDataModel: ExecuteActionRunnable: running action SelfParticipantsRefreshAction
04-11 16:19:14.973  7326  7408 I BugleDataModel: ActionExecutorImpl: ACTION_BACKGROUND_QUEUED_SelfParticipantsRefreshAction
04-11 16:19:14.977  7326  7442 I BugleDataModel: ParticipantRefresh: ContactContentObserver created
04-11 16:19:14.978  7326  7442 I BugleDataModel: ParticipantFullRefresh: Start participant refresh. refreshMode: SELF_ONLY
04-11 16:19:14.978  7326  7326 I BugleDataModel: ActionExecutorImpl: ACTION_EXECUTE_QUEUED_GenericWorkerQueueAction
04-11 16:19:14.978  7326  7440 I BugleDataModel: ExecuteActionRunnable: running action GenericWorkerQueueAction
04-11 16:19:14.979  7326  7440 I BugleDataModel: ActionExecutorImpl: ACTION_BACKGROUND_QUEUED_GenericWorkerQueueAction
04-11 16:19:14.979  7326  7442 I BugleDataModel: SubscriptionsTracker#refreshSelfParticipantList([1])
04-11 16:19:14.989  7326  7442 I Bugle   : getRawTelephonyPhoneNumber redacted-pii[12-chars] [CONTEXT sub_id=1 ]
04-11 16:19:14.990  7326  7442 I Bugle   : SubscriptionUtils.getCanonicalForSelf: self=redacted-pii[12-chars], country=US [CONTEXT sub_id=1 ]
04-11 16:19:14.991  7326  7442 I Bugle   : CountryCodeDetector: updateSmsNetworkCountry from default subscription network country. detected country: us
04-11 16:19:15.000  7326  7442 I Bugle   : getRawTelephonyPhoneNumber redacted-pii[12-chars] [CONTEXT sub_id=1 ]
04-11 16:19:15.007  7326  7442 I Bugle   : getRawTelephonyPhoneNumber redacted-pii[12-chars] [CONTEXT sub_id=1 ]
04-11 16:19:15.007  7326  7442 I Bugle   : SubscriptionUtils.getCanonicalForSelf: self=redacted-pii[12-chars], country=US [CONTEXT sub_id=1 ]
04-11 16:19:15.009  7326  7442 I BugleSelfIdentity: Phone number for MyIdentity 4f779c10-524f-4f47-96d4-60539f21a66f does not change [CONTEXT sub_id=1 icc_id="89860318640220133897" messaging_identity="redacted-pii[12-chars]" rcs_provisioning_id="redacted-pii[0-chars]" ]
04-11 16:19:15.011  7326  7442 I Bugle   : getRawTelephonyPhoneNumber redacted-pii[12-chars] [CONTEXT sub_id=1 ]
04-11 16:19:15.015  7326  7442 I BugleDataModel: SubscriptionsTracker bindToTrackingMap bound participants: [ParticipantId=1 subId=-1, ParticipantId=2 subId=1]
04-11 16:19:15.015  7326  7442 I BugleDataModel: set orderedRowIdAndTokenPairs: [rowId=2 subId= 1 token=4f779c10-524f-4f47-96d4-60539f21a66f, rowId=1 subId= -1 token=aeda8001-e198-4e06-ada1-e923a2cbd6d1]
04-11 16:19:15.016  7326  7430 I BugleDataModel: SubscriptionsTracker bindToTrackingMap bound participants: [ParticipantId=1 subId=-1, ParticipantId=2 subId=1]
04-11 16:19:15.021  7326  7442 I Bugle   : getRawTelephonyPhoneNumber redacted-pii[12-chars] [CONTEXT sub_id=1 ]
04-11 16:19:15.022  7326  7442 I Bugle   : SubscriptionUtils.getCanonicalForSelf: self=redacted-pii[12-chars], country=US [CONTEXT sub_id=1 ]
04-11 16:19:15.070  7326  7442 I Bugle   : getRawTelephonyPhoneNumber redacted-pii[12-chars] [CONTEXT sub_id=1 ]
04-11 16:19:15.070  7326  7442 I Bugle   : SubscriptionUtils.getCanonicalForSelf: self=redacted-pii[12-chars], country=US [CONTEXT sub_id=1 ]
04-11 16:19:15.080  5224  5228 W d.process.acore: Cleared Reference was only reachable from finalizer (only reported once)
04-11 16:19:15.084  7326  7442 I BugleDataModel: ParticipantFullRefresh: Number of participants refreshed: 0
04-11 16:19:15.088  7326  7442 I BugleDataModel: ActionExecutorImpl: ACTION_RESPONSE_QUEUED_SelfParticipantsRefreshAction
04-11 16:19:15.091  7326  7442 I BugleJobs: GenericWorkerQueueAction: Bailing early, no work found, no failed work found
04-11 16:19:15.091  7326  7442 I BugleDataModel: ActionExecutorImpl: ACTION_RESPONSE_QUEUED_GenericWorkerQueueAction
04-11 16:19:15.092  7326  7382 I Bugle   : getRawTelephonyPhoneNumber redacted-pii[12-chars] [CONTEXT sub_id=1 ]
04-11 16:19:15.093  7326  7382 I Bugle   : SubscriptionUtils.getCanonicalForSelf: self=redacted-pii[12-chars], country=US [CONTEXT sub_id=1 ]
04-11 16:19:15.094  7326  7382 I BugleSelfIdentity: Phone number for MyIdentity 4f779c10-524f-4f47-96d4-60539f21a66f does not change [CONTEXT sub_id=1 icc_id="89860318640220133897" messaging_identity="redacted-pii[12-chars]" rcs_provisioning_id="redacted-pii[0-chars]" ]
04-11 16:19:15.099  7326  7382 I Bugle   : getRawTelephonyPhoneNumber redacted-pii[12-chars] [CONTEXT sub_id=1 ]
04-11 16:19:15.099  7326  7382 I Bugle   : SubscriptionUtils.getCanonicalForSelf: self=redacted-pii[12-chars], country=US [CONTEXT sub_id=1 ]
04-11 16:19:15.100  7326  7382 I BugleSelfIdentity: Phone number for MyIdentity 4f779c10-524f-4f47-96d4-60539f21a66f does not change [CONTEXT sub_id=1 icc_id="89860318640220133897" messaging_identity="redacted-pii[12-chars]" rcs_provisioning_id="redacted-pii[0-chars]" ]
04-11 16:19:15.264  1625  1684 I SharingClientImpl: client com.google.android.gms disconnecting
04-11 16:19:15.267  1400  1414 I NearbySharing: Package com.google.android.gms has requested to unsuspend Quick Share
04-11 16:19:15.268  1625  1637 E SharingClientImpl: Unsuspend failed: null
04-11 16:19:15.501   808   994 I HalDevMgr: bestIfaceCreationProposal is null, requestIface=STA, existingIface=[name=wlan0 type=STA]
04-11 16:19:16.241   808  2057 W ActivityTaskManager: callingPackage for (uid=2000, pid=7811) has no WPC
04-11 16:19:16.242   808  2057 V WindowManager: DesktopModeLaunchParamsModifier: phase= 0 task=null activity=null display-area-from-current-params=null display-area-from-default-fallback=DefaultTaskDisplayArea@187976659 display-id=0 task-display-area-windowing-mode=1 suggested-display-area=DefaultTaskDisplayArea@187976659 task null, skipping
04-11 16:19:16.242   808  2057 V WindowManager: TaskLaunchParamsModifier:phase=0 task=null activity=null display-area-from-current-params=null display-area-from-default-fallback=DefaultTaskDisplayArea@187976659 display-id=0 task-display-area-windowing-mode=1 suggested-display-area=DefaultTaskDisplayArea@187976659
04-11 16:19:16.245   808  2057 V GrammaticalInflectionUtils: AttributionSource: android.content.AttributionSource@635f6d2f does not have READ_SYSTEM_GRAMMATICAL_GENDER permission.
04-11 16:19:16.247   808  2057 V WindowManager: DesktopModeLaunchParamsModifier: phase= 0 task=null activity=ActivityRecord{21898353 u0 com.sysadmindoc.callshield/.ui.MainActivity display-area-from-current-params=null display-area-from-default-fallback=DefaultTaskDisplayArea@187976659 display-id=0 task-display-area-windowing-mode=1 suggested-display-area=DefaultTaskDisplayArea@187976659 task null, skipping
04-11 16:19:16.248   808  2057 V WindowManager: TaskLaunchParamsModifier:phase=0 task=null activity=ActivityRecord{21898353 u0 com.sysadmindoc.callshield/.ui.MainActivity t-1} display-area-from-current-params=null display-area-from-default-fallback=DefaultTaskDisplayArea@187976659 display-id=0 task-display-area-windowing-mode=1 suggested-display-area=DefaultTaskDisplayArea@187976659
04-11 16:19:16.248   808  2057 V WindowManager: DesktopModeLaunchParamsModifier: phase= 3 task=null activity=ActivityRecord{21898353 u0 com.sysadmindoc.callshield/.ui.MainActivity t-1} display-area-from-current-params=null display-area-from-default-fallback=DefaultTaskDisplayArea@187976659 display-id=0 task-display-area-windowing-mode=1 suggested-display-area=DefaultTaskDisplayArea@187976659 task null, skipping
04-11 16:19:16.248   808  2057 V WindowManager: TaskLaunchParamsModifier:phase=3 task=null activity=ActivityRecord{21898353 u0 com.sysadmindoc.callshield/.ui.MainActivity t-1} display-area-from-current-params=null display-area-from-default-fallback=DefaultTaskDisplayArea@187976659 display-id=0 task-display-area-windowing-mode=1 suggested-display-area=DefaultTaskDisplayArea@187976659 non-freeform-task-display-area display-area=DefaultTaskDisplayArea@187976659 skip-bounds-fullscreen
04-11 16:19:16.253   808  2057 V WindowManager: DesktopModeLaunchParamsModifier: phase= 3 task=Task{dc62256 #52 type=standard A=10228:com.sysadmindoc.callshield} activity=ActivityRecord{21898353 u0 com.sysadmindoc.callshield/.ui.MainActivity t-1} display-from-task=0 display-id=0 task-display-area-windowing-mode=1 suggested-display-area=DefaultTaskDisplayArea@187976659 not entering desktop mode, skipping
04-11 16:19:16.253   808  2057 V WindowManager: TaskLaunchParamsModifier:phase=3 task=Task{dc62256 #52 type=standard A=10228:com.sysadmindoc.callshield} activity=ActivityRecord{21898353 u0 com.sysadmindoc.callshield/.ui.MainActivity t-1} display-from-task=0 display-id=0 task-display-area-windowing-mode=1 suggested-display-area=DefaultTaskDisplayArea@187976659 inherit-from-task=fullscreen non-freeform-task-display-area display-area=DefaultTaskDisplayArea@187976659 skip-bounds-fullscreen
04-11 16:19:16.264   652  1351 I libbinder.BpBinder: onLastStrongRef automatically unlinking death recipients for descriptor: '(not cached)'
04-11 16:19:16.266   808  2057 I ActivityTaskManager: START u0 {flg=0x10000000 xflg=0x5 cmp=com.sysadmindoc.callshield/.ui.MainActivity} with LAUNCH_MULTIPLE from uid 2000 (com.android.shell) (BAL_ALLOW_PERMISSION) result code=0
04-11 16:19:16.268  1095  1163 V WindowManagerShell: Transition requested (#27): android.os.BinderProxy@917352d TransitionRequestInfo { type = OPEN, triggerTask = TaskInfo{userId=0 taskId=52 effectiveUid=10228 displayId=0 isRunning=true baseIntent=Intent { flg=0x10000000 cmp=com.sysadmindoc.callshield/.ui.MainActivity } baseActivity=ComponentInfo{com.sysadmindoc.callshield/com.sysadmindoc.callshield.ui.MainActivity} topActivity=ComponentInfo{com.sysadmindoc.callshield/com.sysadmindoc.callshield.ui.MainActivity} origActivity=null realActivity=ComponentInfo{com.sysadmindoc.callshield/com.sysadmindoc.callshield.ui.MainActivity} numActivities=1 lastActiveTime=1428861 supportsMultiWindow=true resizeMode=1 isResizeable=true minWidth=-1 minHeight=-1 defaultMinSize=220 token=WCT{android.os.BinderProxy@ee38a62} topActivityType=1 pictureInPictureParams=null shouldDockBigOverlays=false launchIntoPipHostTaskId=-1 lastParentTaskIdBeforePip=-1 displayCutoutSafeInsets=Rect(0, 0 - 0, 0) topActivityInfo=ActivityInfo{4d7f7f3 com.sysadmindoc.callshield.ui.MainActivity} launchCookies=[] positionInParent=Point(0, 0) parentTaskId=-1 isFocused=false isVisible=false isVisibleRequested=false isTopActivityNoDisplay=false isSleeping=false locusId=null displayAreaFeatureId=1 isTopActivityTransparent=false isActivityStackTransparent=false lastNonFullscreenBounds=null capturedLink=null capturedLinkTimestamp=0 requestedVisibleTypes=503 topActivityRequestOpenInBrowserEducationTimestamp=0 appCompatTaskInfo=AppCompatTaskInfo { topActivityInSizeCompat=false isLeafTask= true eligibleForLetterboxEducation= false isLetterboxEducationEnabled= true isLetterboxDoubleTapEnabled= false eligibleForUserAspectRatioButton= false topActivityBoundsLetterboxed= false isFromLetterboxDoubleTap= false topActivityLetterboxVerticalPosition= -1 topActivityLetterboxHorizontalPosition= -1 topActivityLetterboxWidth=-1 topActivityLetterboxHeight=-1 topActivityAppBounds=Rect(0, 0 - 1080, 2400) isUserFullscreenOverrideEnabled=false isSystemFullscreenOverrideEnabled=false hasMinAspectRatioOverride=false topActivityLetterboxBounds=null cameraCompatTaskInfo=CameraCompatTaskInfo { cameraCompatMode=undefinedundefined} topNonResizableActivityAspectRatio=-1.0} topActivityMainWindowFrame=null isAppBubble=false}, pipChange = null, remoteTransition = null, displayChange = null, requestedLocation = null, userChange = null, windowingLayerChange = null, flags = 0, debugId = 27 }
04-11 16:19:16.270  1244  1244 D RecentsView: onTaskDisplayChanged: 52, new displayId = 0
04-11 16:19:16.271   808   871 V GrammaticalInflectionUtils: AttributionSource: android.content.AttributionSource@635f6d2f does not have READ_SYSTEM_GRAMMATICAL_GENDER permission.
04-11 16:19:16.281  1095  1163 D ShellSplitScreen: logExit: no-op, mLoggerSessionId is null
04-11 16:19:16.281  1095  1163 V ShellDesktopMode: DesktopTasksController: handleRequest request=TransitionRequestInfo { type = OPEN, triggerTask = TaskInfo{userId=0 taskId=52 effectiveUid=10228 displayId=0 isRunning=true baseIntent=Intent { flg=0x10000000 cmp=com.sysadmindoc.callshield/.ui.MainActivity } baseActivity=ComponentInfo{com.sysadmindoc.callshield/com.sysadmindoc.callshield.ui.MainActivity} topActivity=ComponentInfo{com.sysadmindoc.callshield/com.sysadmindoc.callshield.ui.MainActivity} origActivity=null realActivity=ComponentInfo{com.sysadmindoc.callshield/com.sysadmindoc.callshield.ui.MainActivity} numActivities=1 lastActiveTime=1428861 supportsMultiWindow=true resizeMode=1 isResizeable=true minWidth=-1 minHeight=-1 defaultMinSize=220 token=WCT{android.os.BinderProxy@ee38a62} topActivityType=1 pictureInPictureParams=null shouldDockBigOverlays=false launchIntoPipHostTaskId=-1 lastParentTaskIdBeforePip=-1 displayCutoutSafeInsets=Rect(0, 0 - 0, 0) topActivityInfo=ActivityInfo{4d7f7f3 com.sysadmindoc.callshield.ui.MainActivity} launchCookies=[] positionInParent=Point(0, 0) parentTaskId=-1 isFocused=false isVisible=false isVisibleRequested=false isTopActivityNoDisplay=false isSleeping=false locusId=null displayAreaFeatureId=1 isTopActivityTransparent=false isActivityStackTransparent=false lastNonFullscreenBounds=null capturedLink=null capturedLinkTimestamp=0 requestedVisibleTypes=503 topActivityRequestOpenInBrowserEducationTimestamp=0 appCompatTaskInfo=AppCompatTaskInfo { topActivityInSizeCompat=false isLeafTask= true eligibleForLetterboxEducation= false isLetterboxEducationEnabled= true isLetterboxDoubleTapEnabled= false eligibleForUserAspectRatioButton= false topActivityBoundsLetterboxed= false isFromLetterboxDoubleTap= false topActivityLetterboxVerticalPosition= -1 topActivityLetterboxHorizontalPosition= -1 topActivityLetterboxWidth=-1 topActivityLetterboxHeight=-1 topActivityAppBounds=Rect(0, 0 - 1080, 2400) isUserFullscreenOverrideEnabled=false isSystemFullscreenOverrideEnabled=false hasMinAspectRatioOverride=false topActivityLetterboxBounds=null cameraCompatTaskInfo=CameraCompatTaskInfo { cameraCompatMode=undefinedundefined} topNonResizableActivityAspectRatio=-1.0} topActivityMainWindowFrame=null isAppBubble=false}, pipChange = null, remoteTransition = null, displayChange = null, requestedLocation = null, userChange = null, windowingLayerChange = null, flags = 0, debugId = 27 }
04-11 16:19:16.282  1095  1163 V ShellDesktopMode: DesktopTasksController: skipping handleRequest reason=triggerTask's display doesn't support desktop mode
04-11 16:19:16.282   808  2057 D CompatChangeReporter: Compat change id reported: 309578419; UID 10228; state: ENABLED
04-11 16:19:16.282   582   582 D Zygote  : Forked child process 7814
04-11 16:19:16.283   808   879 I ActivityManager: Start proc 7814:com.sysadmindoc.callshield/u0a228 for next-top-activity {com.sysadmindoc.callshield/com.sysadmindoc.callshield.ui.MainActivity}
04-11 16:19:16.300  1095  1163 D ShellDesktopMode: DesktopRepository: Removes freeform task: taskId=48
04-11 16:19:16.300  1095  1163 W ShellDesktopMode: DesktopRepository: No display id found for task: taskId=48
04-11 16:19:16.301  1244  1244 D b/417220811: invalidateLoadedTasks - previous requestLoadId: -1
04-11 16:19:16.301  1244  1244 D b/417220811: invalidateLoadedTasks - previous requestLoadId: -1
04-11 16:19:16.303  7815  7815 W libbinder.BackendUnifiedServiceManager: Thread Pool max thread count is 0. Cannot cache binder as linkToDeath cannot be implemented. serviceName: package
04-11 16:19:16.306   704   704 W libbinder.IPCThreadState: Sending oneway calls to frozen process.
04-11 16:19:16.310   808  1049 D BackgroundInstallControlService: Package event received: 0
04-11 16:19:16.324  7814  7814 I Zygote  : Process 7814 created for com.sysadmindoc.callshield
04-11 16:19:16.324  7814  7814 I ndoc.callshield: Late-enabling -Xcheck:jni
04-11 16:19:16.344  1400  1400 D BoundBrokerSvc: onUnbind: Intent { act=com.google.android.gms.clearcut.bootcount.service.START dat=chimera-action:/... xflg=0x4 cmp=com.google.android.gms/.chimera.PersistentBoundBrokerService }
04-11 16:19:16.390  3000  3007 I artd    : GetBestInfo: odex next to the dex file (/data/app/~~YiRBA2aqT-jrgoUEQOLnCA==/com.google.android.gms-v5AS6X_wu1iX6L_G0ZqBAA==/oat/x86_64/base.odex) is kOatUpToDate with filter 'speed-profile' executable 'false'
04-11 16:19:16.401  3000  3007 I artd    : GetBestInfo: odex next to the dex file (/data/app/~~YiRBA2aqT-jrgoUEQOLnCA==/com.google.android.gms-v5AS6X_wu1iX6L_G0ZqBAA==/oat/x86_64/split_AdsDynamite_installtime.odex) is kOatUpToDate with filter 'speed' executable 'false'
04-11 16:19:16.410  3000  3007 I artd    : GetBestInfo: odex next to the dex file (/data/app/~~YiRBA2aqT-jrgoUEQOLnCA==/com.google.android.gms-v5AS6X_wu1iX6L_G0ZqBAA==/oat/x86_64/split_CronetDynamite_installtime.odex) is kOatUpToDate with filter 'speed' executable 'false'
04-11 16:19:16.411  1244  1244 D b/417220811: invalidateLoadedTasks - previous requestLoadId: -1
04-11 16:19:16.413  7814  7814 I ndoc.callshield: Using CollectorTypeCMC GC.
04-11 16:19:16.414  3000  3007 I artd    : GetBestInfo: odex next to the dex file (/data/app/~~YiRBA2aqT-jrgoUEQOLnCA==/com.google.android.gms-v5AS6X_wu1iX6L_G0ZqBAA==/oat/x86_64/split_DynamiteLoader_installtime.odex) is kOatUpToDate with filter 'speed' executable 'false'
04-11 16:19:16.416  7814  7814 W ndoc.callshield: Unexpected CPU variant for x86: x86_64.
04-11 16:19:16.416  7814  7814 W ndoc.callshield: Known variants: atom, sandybridge, silvermont, goldmont, goldmont-plus, goldmont-without-sha-xsaves, tremont, kabylake, alderlake, default
04-11 16:19:16.426  3000  3007 I artd    : GetBestInfo: odex next to the dex file (/data/app/~~YiRBA2aqT-jrgoUEQOLnCA==/com.google.android.gms-v5AS6X_wu1iX6L_G0ZqBAA==/oat/x86_64/split_DynamiteModulesA_installtime.odex) is kOatUpToDate with filter 'speed' executable 'false'
04-11 16:19:16.439  3000  3007 I artd    : GetBestInfo: odex next to the dex file (/data/app/~~YiRBA2aqT-jrgoUEQOLnCA==/com.google.android.gms-v5AS6X_wu1iX6L_G0ZqBAA==/oat/x86_64/split_DynamiteModulesC_installtime.odex) is kOatUpToDate with filter 'speed' executable 'false'
04-11 16:19:16.448   660   692 I adbd    : jdwp connection from 7814
04-11 16:19:16.449  3000  3007 I artd    : GetBestInfo: odex next to the dex file (/data/app/~~YiRBA2aqT-jrgoUEQOLnCA==/com.google.android.gms-v5AS6X_wu1iX6L_G0ZqBAA==/oat/x86_64/split_GoogleCertificates_installtime.odex) is kOatUpToDate with filter 'speed' executable 'false'
04-11 16:19:16.458  7814  7814 D nativeloader: Load libframework-connectivity-tiramisu-jni.so using APEX ns com_android_tethering for caller /apex/com.android.tethering/javalib/framework-connectivity-t.jar: ok
04-11 16:19:16.463  1095  1321 V WindowManagerShell: onTransitionReady(transaction=3470333577607)
04-11 16:19:16.463  1095  1163 V WindowManagerShell: onTransitionReady (#27) android.os.BinderProxy@917352d: {id=27 t=OPEN f=0x0 trk=0 r=[0@Point(0, 0)] c=[
04-11 16:19:16.463  1095  1163 V WindowManagerShell:         {m=OPEN f=NONE leash=Surface(name=Task=52#321)/@0x7865b5e sb=Rect(0, 0 - 1080, 2400) eb=Rect(0, 0 - 1080, 2400) epz=Point(1080, 2400) d=0 taskParent=-1 winMode=1 userId=0},
04-11 16:19:16.463  1095  1163 V WindowManagerShell:         {m=TO_BACK f=NONE leash=Surface(name=Task=51#297)/@0xcbfbb3f sb=Rect(0, 0 - 1080, 2400) eb=Rect(0, 0 - 1080, 2400) epz=Point(1080, 2400) d=0 taskParent=-1 winMode=1 userId=0}
04-11 16:19:16.463  1095  1163 V WindowManagerShell:     ]}
04-11 16:19:16.467  3000  3007 I artd    : GetBestInfo: odex next to the dex file (/data/app/~~YiRBA2aqT-jrgoUEQOLnCA==/com.google.android.gms-v5AS6X_wu1iX6L_G0ZqBAA==/oat/x86_64/split_MapsDynamite_installtime.odex) is kOatUpToDate with filter 'speed' executable 'false'
04-11 16:19:16.469  1095  1163 V WindowManagerShell: Playing animation for (#27) android.os.BinderProxy@917352d@0
04-11 16:19:16.469  1095  1163 V ShellRecents: RecentsTransitionHandler.startAnimation: no controller found
04-11 16:19:16.470  1095  1163 V ShellDesktopMode: DesktopMixedTransitionHandler: No pending desktop transition
04-11 16:19:16.470  1095  1163 V WindowManagerShell: Transition doesn't have explicit remote, search filters for match for {id=27 t=OPEN f=0x0 trk=0 r=[0@Point(0, 0)] c=[{m=OPEN f=NONE leash=Surface(name=Task=52#321)/@0x7865b5e sb=Rect(0, 0 - 1080, 2400) eb=Rect(0, 0 - 1080, 2400) epz=Point(1080, 2400) d=0 taskParent=-1 winMode=1 userId=0},{m=TO_BACK f=NONE leash=Surface(name=Task=51#297)/@0xcbfbb3f sb=Rect(0, 0 - 1080, 2400) eb=Rect(0, 0 - 1080, 2400) epz=Point(1080, 2400) d=0 taskParent=-1 winMode=1 userId=0}]}
04-11 16:19:16.470  1095  1163 V WindowManagerShell:  Checking filter Pair{{types=[] flags=0x0] notFlags=0x0 checks=[{atype=undefined independent=true modes=[CLOSE,TO_BACK] flags=IN_TASK_WITH_EMBEDDED_ACTIVITY mustBeTask=false order=ANY topActivity=null launchCookie=null taskFragmentToken=android.os.BinderProxy@c1ec0ce windowingMode=undefined isCrossDisplayMove=false}]} RemoteTransition { remoteTransition = android.window.IRemoteTransition$Stub$Proxy@52b0bef, appThread = android.app.IApplicationThread$Stub$Proxy@ad116fc, debugName = overlayBackTransition }}
04-11 16:19:16.470  1095  1163 V WindowManagerShell:  Checking filter Pair{{types=[] flags=0x0] notFlags=0x0 checks=[{atype=dream independent=true modes=[OPEN,TO_FRONT] flags=NONE mustBeTask=false order=ANY topActivity=null launchCookie=null windowingMode=undefined isCrossDisplayMove=false},{atype=home independent=true modes=[CLOSE,TO_BACK] flags=NONE mustBeTask=false order=ANY topActivity=null launchCookie=null windowingMode=undefined isCrossDisplayMove=false}]} RemoteTransition { remoteTransition = android.window.IRemoteTransition$Stub$Proxy@2efc185, appThread = android.app.IApplicationThread$Stub$Proxy@eea1bda, debugName = LauncherToDream }}
04-11 16:19:16.470  1095  1163 V WindowManagerShell:  Checking filter Pair{{types=[] flags=0x0] notFlags=0x100 checks=[{atype=home independent=true modes=[OPEN,TO_FRONT] flags=NONE mustBeTask=false order=TOP topActivity=ComponentInfo{com.google.android.apps.nexuslauncher/com.google.android.apps.nexuslauncher.NexusLauncherActivity} launchCookie=null windowingMode=undefined isCrossDisplayMove=false},{atype=standard independent=true modes=[CLOSE,TO_BACK] flags=NONE mustBeTask=false order=ANY topActivity=null launchCookie=null windowingMode=undefined isCrossDisplayMove=false},{NOT atype=undefined independent=true modes=[] flags=NONE mustBeTask=true order=ANY topActivity=null launchCookie=null customAnim=true windowingMode=undefined isCrossDisplayMove=false}]} RemoteTransition { remoteTransition = android.window.IRemoteTransition$Stub$Proxy@2c6780b, appThread = android.app.IApplicationThread$Stub$Proxy@a96a6e8, debugName = QuickstepLaunchHome }}
04-11 16:19:16.470  1095  1163 V WindowManagerShell:  Checking filter Pair{{types=[OPEN,TO_FRONT] flags=0x0] notFlags=0x0 checks=[{atype=standard independent=true modes=[OPEN,TO_FRONT] flags=NONE mustBeTask=true order=ANY topActivity=null launchCookie=null windowingMode=freeform isCrossDisplayMove=false}]} RemoteTransition { remoteTransition = android.window.IRemoteTransition$Stub$Proxy@d1f27f6, appThread = null, debugName = DesktopWindowLimitUnminimize }}
04-11 16:19:16.470  1095  1163 V WindowManagerShell:  Delegate animation for (#27) to null
04-11 16:19:16.470  1095  1163 V WindowManagerShell: start default transition animation, info = {id=27 t=OPEN f=0x0 trk=0 r=[0@Point(0, 0)] c=[{m=OPEN f=NONE leash=Surface(name=Task=52#321)/@0x7865b5e sb=Rect(0, 0 - 1080, 2400) eb=Rect(0, 0 - 1080, 2400) epz=Point(1080, 2400) d=0 taskParent=-1 winMode=1 userId=0},{m=TO_BACK f=NONE leash=Surface(name=Task=51#297)/@0xcbfbb3f sb=Rect(0, 0 - 1080, 2400) eb=Rect(0, 0 - 1080, 2400) epz=Point(1080, 2400) d=0 taskParent=-1 winMode=1 userId=0}]}
04-11 16:19:16.471  1095  1163 V WindowManagerShell: loadAnimation: anim=android.view.animation.AnimationSet@101c955 animAttr=0x9 type=OPEN isEntrance=false
04-11 16:19:16.473  1095  1163 V WindowManagerShell: loadAnimation: anim=android.view.animation.AnimationSet@5d8cf6a animAttr=0x8 type=OPEN isEntrance=true
04-11 16:19:16.475  1095  1163 V WindowManagerShell:  animated by com.android.wm.shell.transition.DefaultTransitionHandler@ac5fc37
04-11 16:19:16.479  3000  3006 I artd    : GetBestInfo: odex next to the dex file (/data/app/~~YiRBA2aqT-jrgoUEQOLnCA==/com.google.android.gms-v5AS6X_wu1iX6L_G0ZqBAA==/oat/x86_64/split_MeasurementDynamite_installtime.odex) is kOatUpToDate with filter 'speed' executable 'false'
04-11 16:19:16.483  1095  1163 V ShellTaskOrganizer: Task appeared taskId=52 listener=FullscreenTaskListener
04-11 16:19:16.483  1095  1163 V ShellTaskOrganizer: Fullscreen Task Appeared: #52
04-11 16:19:16.484   808   868 V WindowManager: Sent Transition (#27) createdAt=04-11 16:19:16.247 via request=TransitionRequestInfo { type = OPEN, triggerTask = TaskInfo{userId=0 taskId=52 effectiveUid=10228 displayId=0 isRunning=true baseIntent=Intent { flg=0x10000000 cmp=com.sysadmindoc.callshield/.ui.MainActivity } baseActivity=ComponentInfo{com.sysadmindoc.callshield/com.sysadmindoc.callshield.ui.MainActivity} topActivity=ComponentInfo{com.sysadmindoc.callshield/com.sysadmindoc.callshield.ui.MainActivity} origActivity=null realActivity=ComponentInfo{com.sysadmindoc.callshield/com.sysadmindoc.callshield.ui.MainActivity} numActivities=1 lastActiveTime=1428861 supportsMultiWindow=true resizeMode=1 isResizeable=true minWidth=-1 minHeight=-1 defaultMinSize=220 token=WCT{RemoteToken{ad1f037 Task{dc62256 #52 type=standard A=10228:com.sysadmindoc.callshield}}} topActivityType=1 pictureInPictureParams=null shouldDockBigOverlays=false launchIntoPipHostTaskId=-1 lastParentTaskIdBeforePip=-1 displayCutoutSafeInsets=Rect(0, 0 - 0, 0) topActivityInfo=ActivityInfo{41e39a4 com.sysadmindoc.callshield.ui.MainActivity} launchCookies=[] positionInParent=Point(0, 0) parentTaskId=-1 isFocused=false isVisible=false isVisibleRequested=false isTopActivityNoDisplay=false isSleeping=false locusId=null displayAreaFeatureId=1 isTopActivityTransparent=false isActivityStackTransparent=false lastNonFullscreenBounds=null capturedLink=null capturedLinkTimestamp=0 requestedVisibleTypes=503 topActivityRequestOpenInBrowserEducationTimestamp=0 appCompatTaskInfo=AppCompatTaskInfo { topActivityInSizeCompat=false isLeafTask= true eligibleForLetterboxEducation= false isLetterboxEducationEnabled= true isLetterboxDoubleTapEnabled= false eligibleForUserAspectRatioButton= false topActivityBoundsLetterboxed= false isFromLetterboxDoubleTap= false topActivityLetterboxVerticalPosition= -1 topActivityLetterboxHorizontalPosition= -1 topActivityLetterboxWidth=-1 topActivityLetterboxHeight=-1 topActivityAppBounds=Rect(0, 0 - 1080, 2400) isUserFullscreenOverrideEnabled=false isSystemFullscreenOverrideEnabled=false hasMinAspectRatioOverride=false topActivityLetterboxBounds=null cameraCompatTaskInfo=CameraCompatTaskInfo { cameraCompatMode=undefinedundefined} topNonResizableActivityAspectRatio=-1.0} topActivityMainWindowFrame=null isAppBubble=false}, pipChange = null, remoteTransition = null, displayChange = null, requestedLocation = null, userChange = null, windowingLayerChange = null, flags = 0, debugId = 27 }
04-11 16:19:16.484   808   868 V WindowManager:     startWCT=WindowContainerTransaction { changes= {} hops= [] errorCallbackToken=null taskFragmentOrganizer=null }
04-11 16:19:16.484   808   868 V WindowManager:     info={id=27 t=OPEN f=0x0 trk=0 r=[0@Point(0, 0)] c=[
04-11 16:19:16.484   808   868 V WindowManager:         {WCT{RemoteToken{ad1f037 Task{dc62256 #52 type=standard A=10228:com.sysadmindoc.callshield}}} m=OPEN f=NONE leash=Surface(name=Task=52#321)/@0x104550c sb=Rect(0, 0 - 1080, 2400) eb=Rect(0, 0 - 1080, 2400) epz=Point(1080, 2400) d=0 taskParent=-1 winMode=1 userId=0},
04-11 16:19:16.484   808   868 V WindowManager:         {WCT{RemoteToken{b6f424a Task{ebbab89 #51 type=standard A=10227:com.novacut.editor}}} m=TO_BACK f=NONE leash=Surface(name=Task=51#297)/@0xf9d0e9f sb=Rect(0, 0 - 1080, 2400) eb=Rect(0, 0 - 1080, 2400) epz=Point(1080, 2400) d=0 taskParent=-1 winMode=1 userId=0}
04-11 16:19:16.484   808   868 V WindowManager:     ]}
04-11 16:19:16.485  1244  1244 D b/417220811: invalidateLoadedTasks - previous requestLoadId: -1
04-11 16:19:16.489   808  1049 D BackgroundInstallControlService: Package event received: 0
04-11 16:19:16.510  3000  3006 I artd    : GetBestInfo: /data/user_de/0/com.google.android.gms/app_chimera/m/0000000b/dl-MlkitBarcodeUi.optional_253434100800.apk has no usable artifacts
04-11 16:19:16.511  3000  3006 I artd    : GetBestInfo: /data/user_de/0/com.google.android.gms/app_chimera/m/00000001/CronetDynamite.apk has no usable artifacts
04-11 16:19:16.511  3000  3006 I artd    : GetBestInfo: /data/user_de/0/com.google.android.gms/app_chimera/m/00000002/DynamiteLoader.apk has no usable artifacts
04-11 16:19:16.513  3000  3006 I artd    : GetBestInfo: /data/user_de/0/com.google.android.gms/app_chimera/m/0000000f/dl-MlkitOcrCommon.optional_261233100800.apk has no usable artifacts
04-11 16:19:16.515  3000  3006 I artd    : GetBestInfo: /data/user_de/0/com.google.android.gms/app_chimera/m/00000005/GoogleCertificates.apk has no usable artifacts
04-11 16:19:16.516  3000  3006 I artd    : GetBestInfo: /data/user_de/0/com.google.android.gms/app_chimera/m/0000000a/dl-VisionOcr.optional_253434100000.apk has no usable artifacts
04-11 16:19:16.518  3000  3006 I artd    : GetBestInfo: /data/user_de/0/com.google.android.gms/app_chimera/m/00000014/dl-Appsearch.optional_261233100800.apk has no usable artifacts
04-11 16:19:16.521  3000  3006 I artd    : GetBestInfo: /data/user_de/0/com.google.android.gms/app_chimera/m/00000011/dl-MlkitBarcodeUi.optional_261233100800.apk has no usable artifacts
04-11 16:19:16.532  3000  3006 I artd    : GetBestInfo: /data/user_de/0/com.google.android.gms/app_chimera/m/00000008/dl-TfliteDynamiteDynamite.integ_252130102100800.apk has no usable artifacts
04-11 16:19:16.535  3000  3006 I artd    : GetBestInfo: /data/user_de/0/com.google.android.gms/app_chimera/m/00000012/dl-PlayCloudSearch.optional_261233100000.apk has no usable artifacts
04-11 16:19:16.540  3000  3006 I artd    : GetBestInfo: /data/user_de/0/com.google.android.gms/app_chimera/m/00000009/dl-MlkitOcrCommon.optional_253434100800.apk has no usable artifacts
04-11 16:19:16.541  3000  3006 I artd    : GetBestInfo: /data/user_de/0/com.google.android.gms/app_chimera/m/00000013/dl-VisionOcr.optional_261233100000.apk has no usable artifacts
04-11 16:19:16.544  3000  3006 I artd    : GetBestInfo: /data/user_de/0/com.google.android.gms/app_chimera/m/0000000d/dl-Appsearch.optional_253434100800.apk has no usable artifacts
04-11 16:19:16.546  3000  3006 I artd    : GetBestInfo: vdex next to the dex file (/data/user/0/com.google.android.gms/app_dg_cache/BB2AE5A47BB198AF36C19CFD2B6407061A1BAF30/oat/x86_64/the.vdex) is kOatUpToDate with filter 'verify' executable 'false'
04-11 16:19:16.548  3000  3006 I artd    : GetBestInfo: /data/user_de/0/com.google.android.gms/app_chimera/m/00000007/MeasurementDynamite.apk has no usable artifacts
