--------- beginning of main
04-15 12:37:40.519  1396  1561 I NetworkScheduler.Stats: (REDACTED) Task %s/%s started execution. cause:%s exec_start_elapsed_seconds: %s
04-15 12:37:40.539  1396  1882 I NetworkScheduler.Stats: (REDACTED) Task %s/%s finished executing. cause:%s result: %s elapsed_millis: %s uptime_millis: %s exec_start_elapsed_seconds: %s
04-15 12:37:40.594  3418  3418 D BoundBrokerSvc: onBind: Intent { act=com.google.android.gms.droidguard.DroidGuardFastRefreshGmsTaskBoundService.ACTION_TASK_READY dat=chimera-action:/... xflg=0x4 cmp=com.google.android.gms/.chimera.UnstableInternalBoundBrokerService }
04-15 12:37:40.594  3418  3418 D BoundBrokerSvc: Loading bound service for intent: Intent { act=com.google.android.gms.droidguard.DroidGuardFastRefreshGmsTaskBoundService.ACTION_TASK_READY dat=chimera-action:/... xflg=0x4 cmp=com.google.android.gms/.chimera.UnstableInternalBoundBrokerService }
04-15 12:37:40.601  1396  1561 I NetworkScheduler.Stats: (REDACTED) Task %s/%s started execution. cause:%s exec_start_elapsed_seconds: %s
04-15 12:37:40.688   805   964 D InetDiagMessage: Destroyed 0 sockets, proto=IPPROTO_TCP, family=AF_INET, states=14
04-15 12:37:40.688   805   964 D InetDiagMessage: Destroyed 0 sockets, proto=IPPROTO_TCP, family=AF_INET6, states=14
04-15 12:37:40.688   805   964 D InetDiagMessage: Destroyed live tcp sockets for uids={10143} in 2ms
04-15 12:37:40.688   805   964 D InetDiagMessage: Destroyed 0 sockets, proto=IPPROTO_TCP, family=AF_INET, states=14
04-15 12:37:40.689   805   964 D InetDiagMessage: Destroyed 0 sockets, proto=IPPROTO_TCP, family=AF_INET6, states=14
04-15 12:37:40.689   805   964 D InetDiagMessage: Destroyed live tcp sockets for uids={20143} in 1ms
--------- beginning of system
04-15 12:37:40.705   805   879 I ActivityManager: Force stopping com.novacut.editor appid=10227 user=0: from pid 4548
04-15 12:37:40.739   805  1011 D BackgroundInstallControlService: Package event received: 0
04-15 12:37:40.739   805  1011 D BackgroundInstallControlService: Package event received: 0
04-15 12:37:40.739   805  1011 D BackgroundInstallControlService: Package event received: 0
04-15 12:37:40.739   805  1011 D BackgroundInstallControlService: Package event received: 0
04-15 12:37:40.873   805   879 I AppsFilter: interaction: PackageSetting{1d27fb8 com.android.microdroid.empty_payload/10217} -> PackageSetting{1046f8f com.novacut.editor/10227} BLOCKED
04-15 12:37:40.873   805   879 I AppsFilter: interaction: PackageSetting{67728f6 com.sysadmindoc.callshield/10228} -> PackageSetting{1046f8f com.novacut.editor/10227} BLOCKED
04-15 12:37:40.909  1199  1199 D CarrierSvcBindHelper: onHandleForceStop: [com.novacut.editor]
04-15 12:37:40.910  1199  1199 D CarrierSvcBindHelper: No carrier app for: 0
04-15 12:37:40.989  1396  1396 D BoundBrokerSvc: onUnbind: Intent { act=com.google.android.gms.nearby.fastpair.START dat=chimera-action:/... xflg=0x4 cmp=com.google.android.gms/.chimera.PersistentApiServiceNoInstantApps }
04-15 12:37:41.014   805   879 W ActivityTaskManager: callingPackage for (uid=2000, pid=4554) has no WPC
04-15 12:37:41.033   805   879 V WindowManager: DesktopModeLaunchParamsModifier: phase= 0 task=null activity=null display-area-from-current-params=null display-area-from-default-fallback=DefaultTaskDisplayArea@261887918 display-id=0 task-display-area-windowing-mode=1 suggested-display-area=DefaultTaskDisplayArea@261887918 task null, skipping
04-15 12:37:41.033   805   879 V WindowManager: TaskLaunchParamsModifier:phase=0 task=null activity=null display-area-from-current-params=null display-area-from-default-fallback=DefaultTaskDisplayArea@261887918 display-id=0 task-display-area-windowing-mode=1 suggested-display-area=DefaultTaskDisplayArea@261887918
04-15 12:37:41.042   805   879 D CompatChangeReporter: Compat change id reported: 151861875; UID 10227; state: ENABLED
04-15 12:37:41.051  1396  4522 I PhenotypeResourceReader: unable to find any Phenotype resource metadata for com.android.settings
04-15 12:37:41.072   805   879 V GrammaticalInflectionUtils: AttributionSource: android.content.AttributionSource@56ba4cd5 does not have READ_SYSTEM_GRAMMATICAL_GENDER permission.
04-15 12:37:41.083   805   879 V WindowManager: DesktopModeLaunchParamsModifier: phase= 0 task=null activity=ActivityRecord{223335755 u0 com.novacut.editor/.MainActivity display-area-from-current-params=null display-area-from-default-fallback=DefaultTaskDisplayArea@261887918 display-id=0 task-display-area-windowing-mode=1 suggested-display-area=DefaultTaskDisplayArea@261887918 task null, skipping
04-15 12:37:41.084   805   879 V WindowManager: TaskLaunchParamsModifier:phase=0 task=null activity=ActivityRecord{223335755 u0 com.novacut.editor/.MainActivity t-1} display-area-from-current-params=null display-area-from-default-fallback=DefaultTaskDisplayArea@261887918 display-id=0 task-display-area-windowing-mode=1 suggested-display-area=DefaultTaskDisplayArea@261887918
04-15 12:37:41.084   805   879 V WindowManager: DesktopModeLaunchParamsModifier: phase= 3 task=null activity=ActivityRecord{223335755 u0 com.novacut.editor/.MainActivity t-1} display-area-from-current-params=null display-area-from-default-fallback=DefaultTaskDisplayArea@261887918 display-id=0 task-display-area-windowing-mode=1 suggested-display-area=DefaultTaskDisplayArea@261887918 task null, skipping
04-15 12:37:41.086   805   879 V WindowManager: TaskLaunchParamsModifier:phase=3 task=null activity=ActivityRecord{223335755 u0 com.novacut.editor/.MainActivity t-1} display-area-from-current-params=null display-area-from-default-fallback=DefaultTaskDisplayArea@261887918 display-id=0 task-display-area-windowing-mode=1 suggested-display-area=DefaultTaskDisplayArea@261887918 non-freeform-task-display-area display-area=DefaultTaskDisplayArea@261887918 skip-bounds-fullscreen
04-15 12:37:41.115   805  2092 I RemoteProvisionSysSvc: getRegistration(android.hardware.security.keymint.IRemotelyProvisionedComponent/default)
04-15 12:37:41.119   805  1011 D BackgroundInstallControlService: Package event received: 0
04-15 12:37:41.119   805  1011 D BackgroundInstallControlService: Package event received: 0
04-15 12:37:41.129   805   805 I RegistrationProxy: onServiceConnected: com.android.rkpdapp.service.RemoteProvisioningService
04-15 12:37:41.137   805  2092 I RegistrationProxy: IGetRegistrationCallback.onSuccess
04-15 12:37:41.162   805   879 V WindowManager: DesktopModeLaunchParamsModifier: phase= 3 task=Task{a25e740 #80 type=standard A=10227:com.novacut.editor} activity=ActivityRecord{223335755 u0 com.novacut.editor/.MainActivity t-1} display-from-task=0 display-id=0 task-display-area-windowing-mode=1 suggested-display-area=DefaultTaskDisplayArea@261887918 not entering desktop mode, skipping
04-15 12:37:41.162   805   879 V WindowManager: TaskLaunchParamsModifier:phase=3 task=Task{a25e740 #80 type=standard A=10227:com.novacut.editor} activity=ActivityRecord{223335755 u0 com.novacut.editor/.MainActivity t-1} display-from-task=0 display-id=0 task-display-area-windowing-mode=1 suggested-display-area=DefaultTaskDisplayArea@261887918 inherit-from-task=fullscreen non-freeform-task-display-area display-area=DefaultTaskDisplayArea@261887918 skip-bounds-fullscreen
04-15 12:37:41.180   805   823 I RemoteProvisionSysSvc: Fetching key 10155 for client 17067966
04-15 12:37:41.180   805   823 I RegistrationProxy: getKeyAsync operation started with callback 65251359
04-15 12:37:41.182  4482  4557 I RkpdRegistrationBinder: Key requested for : android.hardware.security.keymint.IRemotelyProvisionedComponent/default, clientUid: 1017, keyId: 10155, callback: 30186738
04-15 12:37:41.184  4482  4557 I RkpdRegistrationBinder: Key successfully assigned to client
04-15 12:37:41.185   805   805 I RemoteProvisionSysSvc: Successfully fetched key for client 17067966
04-15 12:37:41.227   651   912 I libbinder.BpBinder: onLastStrongRef automatically unlinking death recipients for descriptor: '(not cached)'
04-15 12:37:41.230  1396  1396 D BoundBrokerSvc: onUnbind: Intent { act=com.google.android.gms.common.telemetry.service.START dat=chimera-action:/... xflg=0x4 cmp=com.google.android.gms/.chimera.PersistentApiService }
04-15 12:37:41.233   805   879 I ActivityTaskManager: START u0 {flg=0x10000000 xflg=0x5 cmp=com.novacut.editor/.MainActivity} with LAUNCH_MULTIPLE from uid 2000 (com.android.shell) (BAL_ALLOW_PERMISSION) result code=0
04-15 12:37:41.234  1206  1206 D RecentsView: onTaskDisplayChanged: 80, new displayId = 0
04-15 12:37:41.256   805   831 V GrammaticalInflectionUtils: AttributionSource: android.content.AttributionSource@56ba4cd5 does not have READ_SYSTEM_GRAMMATICAL_GENDER permission.
04-15 12:37:41.263  1206  1206 D BaseActivity: Launcher flags updated: [state_started|state_resumed|state_deferred_resumed|state_window_focused] -[state_user_active]
04-15 12:37:41.269   309   309 D SoftKeymaster: system/keymaster/km_openssl/certificate_utils.cpp, Line 148: Using TAG_CERTIFICATE_NOT_BEFORE: 0
04-15 12:37:41.269   309   309 D SoftKeymaster: system/keymaster/km_openssl/certificate_utils.cpp, Line 154: Using TAG_CERTIFICATE_NOT_AFTER: 2461449600000
04-15 12:37:41.269   309   309 D SoftKeymaster: system/keymaster/km_openssl/certificate_utils.cpp, Line 159: Got certificate date params:  NotBefore = 0, NotAfter = 2461449600000
04-15 12:37:41.270   309   309 D SoftKeymaster: system/keymaster/km_openssl/certificate_utils.cpp, Line 273: Setting notBefore to 0
04-15 12:37:41.270   309   309 D SoftKeymaster: system/keymaster/km_openssl/certificate_utils.cpp, Line 282: Setting notAfter to 2461449600
04-15 12:37:41.271   581   581 D Zygote  : Forked child process 4559
04-15 12:37:41.271   805   839 I ActivityManager: Start proc 4559:com.novacut.editor/u0a227 for next-top-activity {com.novacut.editor/com.novacut.editor.MainActivity}
04-15 12:37:41.272  1206  1206 D BaseActivity: Launcher flags updated: [state_started|state_window_focused] -[state_resumed|state_deferred_resumed]
04-15 12:37:41.272  1206  1206 W SplitSelectStateCtor: Missing session instanceIds
04-15 12:37:41.273  1206  1206 D StatsLog: LAUNCHER_SPLIT_SELECTION_EXIT_INTERRUPTED
04-15 12:37:41.273  1396  4522 I PhenotypeResourceReader: unable to find any Phenotype resource metadata for com.google.android.apps.wallpaper
04-15 12:37:41.281   805   879 I AppsFilter: interaction: PackageSetting{1d27fb8 com.android.microdroid.empty_payload/10217} -> PackageSetting{eeb4a83 com.novacut.editor/10227} BLOCKED
04-15 12:37:41.281   805   879 I AppsFilter: interaction: PackageSetting{67728f6 com.sysadmindoc.callshield/10228} -> PackageSetting{eeb4a83 com.novacut.editor/10227} BLOCKED
04-15 12:37:41.287  1056  1124 V WindowManagerShell: Transition requested (#5): android.os.BinderProxy@41437a4 TransitionRequestInfo { type = OPEN, triggerTask = TaskInfo{userId=0 taskId=80 effectiveUid=10227 displayId=0 isRunning=true baseIntent=Intent { flg=0x10000000 cmp=com.novacut.editor/.MainActivity } baseActivity=ComponentInfo{com.novacut.editor/com.novacut.editor.MainActivity} topActivity=ComponentInfo{com.novacut.editor/com.novacut.editor.MainActivity} origActivity=null realActivity=ComponentInfo{com.novacut.editor/com.novacut.editor.MainActivity} numActivities=1 lastActiveTime=68701 supportsMultiWindow=true resizeMode=1 isResizeable=true minWidth=-1 minHeight=-1 defaultMinSize=220 token=WCT{android.os.BinderProxy@267d90d} topActivityType=1 pictureInPictureParams=null shouldDockBigOverlays=false launchIntoPipHostTaskId=-1 lastParentTaskIdBeforePip=-1 displayCutoutSafeInsets=Rect(0, 0 - 0, 0) topActivityInfo=ActivityInfo{76790c2 com.novacut.editor.MainActivity} launchCookies=[] positionInParent=Point(0, 0) parentTaskId=-1 isFocused=false isVisible=false isVisibleRequested=false isTopActivityNoDisplay=false isSleeping=false locusId=null displayAreaFeatureId=1 isTopActivityTransparent=false isActivityStackTransparent=false lastNonFullscreenBounds=null capturedLink=null capturedLinkTimestamp=0 requestedVisibleTypes=503 topActivityRequestOpenInBrowserEducationTimestamp=0 appCompatTaskInfo=AppCompatTaskInfo { topActivityInSizeCompat=false isLeafTask= true eligibleForLetterboxEducation= false isLetterboxEducationEnabled= true isLetterboxDoubleTapEnabled= false eligibleForUserAspectRatioButton= false topActivityBoundsLetterboxed= false isFromLetterboxDoubleTap= false topActivityLetterboxVerticalPosition= -1 topActivityLetterboxHorizontalPosition= -1 topActivityLetterboxWidth=-1 topActivityLetterboxHeight=-1 topActivityAppBounds=Rect(0, 0 - 1080, 2400) isUserFullscreenOverrideEnabled=false isSystemFullscreenOverrideEnabled=false hasMinAspectRatioOverride=false topActivityLetterboxBounds=null cameraCompatTaskInfo=CameraCompatTaskInfo { cameraCompatMode=undefinedundefined} topNonResizableActivityAspectRatio=-1.0} topActivityMainWindowFrame=null isAppBubble=false}, pipChange = null, remoteTransition = null, displayChange = null, requestedLocation = null, userChange = null, windowingLayerChange = null, flags = 0, debugId = 5 }
04-15 12:37:41.288   805  1011 D BackgroundInstallControlService: Package event received: 0
04-15 12:37:41.291   805   879 V WindowManager: Defer transition id=5 for TaskFragmentTransaction=android.os.Binder@5061edb
04-15 12:37:41.294   805  2092 D CompatChangeReporter: Compat change id reported: 309578419; UID 10227; state: ENABLED
04-15 12:37:41.295  1396  4522 I PhenotypeResourceReader: unable to find any Phenotype resource metadata for com.android.systemui
04-15 12:37:41.299  1056  1124 D ShellSplitScreen: logExit: no-op, mLoggerSessionId is null
04-15 12:37:41.301  1056  1124 V ShellDesktopMode: DesktopTasksController: handleRequest request=TransitionRequestInfo { type = OPEN, triggerTask = TaskInfo{userId=0 taskId=80 effectiveUid=10227 displayId=0 isRunning=true baseIntent=Intent { flg=0x10000000 cmp=com.novacut.editor/.MainActivity } baseActivity=ComponentInfo{com.novacut.editor/com.novacut.editor.MainActivity} topActivity=ComponentInfo{com.novacut.editor/com.novacut.editor.MainActivity} origActivity=null realActivity=ComponentInfo{com.novacut.editor/com.novacut.editor.MainActivity} numActivities=1 lastActiveTime=68701 supportsMultiWindow=true resizeMode=1 isResizeable=true minWidth=-1 minHeight=-1 defaultMinSize=220 token=WCT{android.os.BinderProxy@267d90d} topActivityType=1 pictureInPictureParams=null shouldDockBigOverlays=false launchIntoPipHostTaskId=-1 lastParentTaskIdBeforePip=-1 displayCutoutSafeInsets=Rect(0, 0 - 0, 0) topActivityInfo=ActivityInfo{76790c2 com.novacut.editor.MainActivity} launchCookies=[] positionInParent=Point(0, 0) parentTaskId=-1 isFocused=false isVisible=false isVisibleRequested=false isTopActivityNoDisplay=false isSleeping=false locusId=null displayAreaFeatureId=1 isTopActivityTransparent=false isActivityStackTransparent=false lastNonFullscreenBounds=null capturedLink=null capturedLinkTimestamp=0 requestedVisibleTypes=503 topActivityRequestOpenInBrowserEducationTimestamp=0 appCompatTaskInfo=AppCompatTaskInfo { topActivityInSizeCompat=false isLeafTask= true eligibleForLetterboxEducation= false isLetterboxEducationEnabled= true isLetterboxDoubleTapEnabled= false eligibleForUserAspectRatioButton= false topActivityBoundsLetterboxed= false isFromLetterboxDoubleTap= false topActivityLetterboxVerticalPosition= -1 topActivityLetterboxHorizontalPosition= -1 topActivityLetterboxWidth=-1 topActivityLetterboxHeight=-1 topActivityAppBounds=Rect(0, 0 - 1080, 2400) isUserFullscreenOverrideEnabled=false isSystemFullscreenOverrideEnabled=false hasMinAspectRatioOverride=false topActivityLetterboxBounds=null cameraCompatTaskInfo=CameraCompatTaskInfo { cameraCompatMode=undefinedundefined} topNonResizableActivityAspectRatio=-1.0} topActivityMainWindowFrame=null isAppBubble=false}, pipChange = null, remoteTransition = null, displayChange = null, requestedLocation = null, userChange = null, windowingLayerChange = null, flags = 0, debugId = 5 }
04-15 12:37:41.301  1056  1124 V ShellDesktopMode: DesktopTasksController: skipping handleRequest reason=triggerTask's display doesn't support desktop mode
04-15 12:37:41.301   805   879 V WindowManager: deferTransitionReady deferReadyDepth=1 stack=com.android.server.wm.TransitionController.deferTransitionReady:1061 com.android.server.wm.TaskFragmentOrganizerController$TaskFragmentOrganizerState.dispatchTransaction:517 com.android.server.wm.TaskFragmentOrganizerController.dispatchPendingEvents:1259 com.android.server.wm.TaskFragmentOrganizerController.dispatchPendingEvents:1228 com.android.server.wm.RootWindowContainer.performSurfacePlacement:777 
04-15 12:37:41.337   805   879 V WindowManager: Continue transition id=5 for TaskFragmentTransaction=android.os.Binder@5061edb
04-15 12:37:41.338  1056  1124 D ShellDesktopMode: DesktopRepository: Removes freeform task: taskId=79
04-15 12:37:41.338  1056  1124 W ShellDesktopMode: DesktopRepository: No display id found for task: taskId=79
04-15 12:37:41.339  1056  1124 D WindowManagerShell: setLauncherKeepClearAreaHeight: visible=false, height=495
04-15 12:37:41.342   805   879 V WindowManager: continueTransitionReady deferReadyDepth=0 stack=com.android.server.wm.TransitionController.continueTransitionReady:1071 com.android.server.wm.TaskFragmentOrganizerController$TaskFragmentOrganizerState.onTransactionFinished:546 com.android.server.wm.TaskFragmentOrganizerController.onTransactionHandled:740 android.window.ITaskFragmentOrganizerController$Stub.onTransact:225 android.os.Binder.execTransactInternal:1473 
04-15 12:37:41.382  1206  1206 D b/417220811: invalidateLoadedTasks - previous requestLoadId: -1
04-15 12:37:41.384  1206  1206 D b/417220811: invalidateLoadedTasks - previous requestLoadId: -1
04-15 12:37:41.391  1600  1600 I NearbySharing: SharingTileService destroyed
04-15 12:37:41.392  4559  4559 I Zygote  : Process 4559 created for com.novacut.editor
04-15 12:37:41.392  4559  4559 I .novacut.editor: Late-enabling -Xcheck:jni
04-15 12:37:41.437  4559  4559 I .novacut.editor: Using CollectorTypeCMC GC.
04-15 12:37:41.438  4559  4559 W .novacut.editor: Unexpected CPU variant for x86: x86_64.
04-15 12:37:41.438  4559  4559 W .novacut.editor: Known variants: atom, sandybridge, silvermont, goldmont, goldmont-plus, goldmont-without-sha-xsaves, tremont, kabylake, alderlake, default
04-15 12:37:41.448   805   964 D InetDiagMessage: Destroyed 0 sockets, proto=IPPROTO_TCP, family=AF_INET, states=14
04-15 12:37:41.449   805   964 D InetDiagMessage: Destroyed 0 sockets, proto=IPPROTO_TCP, family=AF_INET6, states=14
04-15 12:37:41.449   805   964 D InetDiagMessage: Destroyed live tcp sockets for uids={10148} in 1ms
04-15 12:37:41.450   805   964 D InetDiagMessage: Destroyed 0 sockets, proto=IPPROTO_TCP, family=AF_INET, states=14
04-15 12:37:41.450   805   964 D InetDiagMessage: Destroyed 0 sockets, proto=IPPROTO_TCP, family=AF_INET6, states=14
04-15 12:37:41.450   805   964 D InetDiagMessage: Destroyed live tcp sockets for uids={20148} in 1ms
04-15 12:37:41.459  1206  1206 D b/417220811: invalidateLoadedTasks - previous requestLoadId: -1
04-15 12:37:41.460  1206  1206 D BaseActivity: Launcher flags updated: [state_started] -[state_window_focused]
04-15 12:37:41.489   805  2096 D BiometricService: Sensor ID(0), oemStrength: 15, updatedStrength: 15, modality 2, state: 0, cookie: 0, sensorId 0, hasEnrollments: false cannot participate in Keystore operations
04-15 12:37:41.520  4544  4544 W libbinder.BackendUnifiedServiceManager: Thread Pool max thread count is 0. Cannot cache binder as linkToDeath cannot be implemented. serviceName: SurfaceFlingerAIDL
04-15 12:37:41.520  4544  4544 W libbinder.BpBinder: Linking to death on android.gui.ISurfaceComposer but there are no threads (yet?) listening to incoming transactions. See ProcessState::startThreadPool and ProcessState::setThreadPoolMaxThreadCount. Generally you should setup the binder threadpool before other initialization steps.
04-15 12:37:41.521  4544  4544 W libbinder.ProcessState: Extra binder thread started, but 0 threads requested. Do not use *startThreadPool when zero threads are requested.
04-15 12:37:41.584   805   828 V WindowManager: Sent Transition (#5) createdAt=04-15 12:37:41.083 via request=TransitionRequestInfo { type = OPEN, triggerTask = TaskInfo{userId=0 taskId=80 effectiveUid=10227 displayId=0 isRunning=true baseIntent=Intent { flg=0x10000000 cmp=com.novacut.editor/.MainActivity } baseActivity=ComponentInfo{com.novacut.editor/com.novacut.editor.MainActivity} topActivity=ComponentInfo{com.novacut.editor/com.novacut.editor.MainActivity} origActivity=null realActivity=ComponentInfo{com.novacut.editor/com.novacut.editor.MainActivity} numActivities=1 lastActiveTime=68701 supportsMultiWindow=true resizeMode=1 isResizeable=true minWidth=-1 minHeight=-1 defaultMinSize=220 token=WCT{RemoteToken{327731 Task{a25e740 #80 type=standard A=10227:com.novacut.editor}}} topActivityType=1 pictureInPictureParams=null shouldDockBigOverlays=false launchIntoPipHostTaskId=-1 lastParentTaskIdBeforePip=-1 displayCutoutSafeInsets=Rect(0, 0 - 0, 0) topActivityInfo=ActivityInfo{6b3de16 com.novacut.editor.MainActivity} launchCookies=[] positionInParent=Point(0, 0) parentTaskId=-1 isFocused=false isVisible=false isVisibleRequested=false isTopActivityNoDisplay=false isSleeping=false locusId=null displayAreaFeatureId=1 isTopActivityTransparent=false isActivityStackTransparent=false lastNonFullscreenBounds=null capturedLink=null capturedLinkTimestamp=0 requestedVisibleTypes=503 topActivityRequestOpenInBrowserEducationTimestamp=0 appCompatTaskInfo=AppCompatTaskInfo { topActivityInSizeCompat=false isLeafTask= true eligibleForLetterboxEducation= false isLetterboxEducationEnabled= true isLetterboxDoubleTapEnabled= false eligibleForUserAspectRatioButton= false topActivityBoundsLetterboxed= false isFromLetterboxDoubleTap= false topActivityLetterboxVerticalPosition= -1 topActivityLetterboxHorizontalPosition= -1 topActivityLetterboxWidth=-1 topActivityLetterboxHeight=-1 topActivityAppBounds=Rect(0, 0 - 1080, 2400) isUserFullscreenOverrideEnabled=false isSystemFullscreenOverrideEnabled=false hasMinAspectRatioOverride=false topActivityLetterboxBounds=null cameraCompatTaskInfo=CameraCompatTaskInfo { cameraCompatMode=undefinedundefined} topNonResizableActivityAspectRatio=-1.0} topActivityMainWindowFrame=null isAppBubble=false}, pipChange = null, remoteTransition = null, displayChange = null, requestedLocation = null, userChange = null, windowingLayerChange = null, flags = 0, debugId = 5 }
04-15 12:37:41.584   805   828 V WindowManager:     startWCT=WindowContainerTransaction { changes= {} hops= [] errorCallbackToken=null taskFragmentOrganizer=null }
04-15 12:37:41.584   805   828 V WindowManager:     info={id=5 t=OPEN f=0x0 trk=0 r=[0@Point(0, 0)] c=[
04-15 12:37:41.584   805   828 V WindowManager:         {WCT{RemoteToken{327731 Task{a25e740 #80 type=standard A=10227:com.novacut.editor}}} m=OPEN f=NONE leash=Surface(name=Task=80#100)/@0xd222f9f sb=Rect(0, 0 - 1080, 2400) eb=Rect(0, 0 - 1080, 2400) epz=Point(1080, 2400) d=0 taskParent=-1 winMode=1 userId=0},
04-15 12:37:41.584   805   828 V WindowManager:         {WCT{RemoteToken{3447397 Task{e7a5130 #1 type=home}}} m=TO_BACK f=SHOW_WALLPAPER leash=Surface(name=Task=1#42)/@0x892653e sb=Rect(0, 0 - 1080, 2400) eb=Rect(0, 0 - 1080, 2400) epz=Point(1080, 2400) d=0 taskParent=-1 winMode=1 userId=0},
04-15 12:37:41.584   805   828 V WindowManager:         {m=TO_BACK f=IS_WALLPAPER leash=Surface(name=WallpaperWindowToken{41c0a51}#58)/@0xef781f9 sb=Rect(0, 0 - 1080, 2400) eb=Rect(0, 0 - 1080, 2400) epz=Point(1080, 2400) d=0}
04-15 12:37:41.584   805   828 V WindowManager:     ]}
04-15 12:37:41.585  1056  1124 V ShellTaskOrganizer: Task appeared taskId=80 listener=FullscreenTaskListener
04-15 12:37:41.586  1056  1124 V ShellTaskOrganizer: Fullscreen Task Appeared: #80
04-15 12:37:41.596  1056  1539 V WindowManagerShell: onTransitionReady(transaction=3457448673876)
04-15 12:37:41.597  1056  1124 V WindowManagerShell: onTransitionReady (#5) android.os.BinderProxy@41437a4: {id=5 t=OPEN f=0x0 trk=0 r=[0@Point(0, 0)] c=[
04-15 12:37:41.597  1056  1124 V WindowManagerShell:         {m=OPEN f=NONE leash=Surface(name=Task=80#100)/@0x8c6c135 sb=Rect(0, 0 - 1080, 2400) eb=Rect(0, 0 - 1080, 2400) epz=Point(1080, 2400) d=0 taskParent=-1 winMode=1 userId=0},
04-15 12:37:41.597  1056  1124 V WindowManagerShell:         {m=TO_BACK f=SHOW_WALLPAPER leash=Surface(name=Task=1#42)/@0xf7c99ca sb=Rect(0, 0 - 1080, 2400) eb=Rect(0, 0 - 1080, 2400) epz=Point(1080, 2400) d=0 taskParent=-1 winMode=1 userId=0},
04-15 12:37:41.597  1056  1124 V WindowManagerShell:         {m=TO_BACK f=IS_WALLPAPER leash=Surface(name=WallpaperWindowToken{41c0a51}#58)/@0xb25373b sb=Rect(0, 0 - 1080, 2400) eb=Rect(0, 0 - 1080, 2400) epz=Point(1080, 2400) d=0}
04-15 12:37:41.597  1056  1124 V WindowManagerShell:     ]}
04-15 12:37:41.613  1396  4522 I PhenotypeResourceReader: unable to find any Phenotype resource metadata for com.google.android.glasses.core
04-15 12:37:41.617   660   692 I adbd    : jdwp connection from 4559
04-15 12:37:41.621  1206  1206 D b/417220811: invalidateLoadedTasks - previous requestLoadId: -1
04-15 12:37:41.624  1056  1124 V WindowManagerShell: Playing animation for (#5) android.os.BinderProxy@41437a4@0
04-15 12:37:41.624  1056  1124 V ShellRecents: RecentsTransitionHandler.startAnimation: no controller found
04-15 12:37:41.625  1056  1124 V ShellDesktopMode: DesktopMixedTransitionHandler: No pending desktop transition
04-15 12:37:41.625  1056  1124 V WindowManagerShell: Transition doesn't have explicit remote, search filters for match for {id=5 t=OPEN f=0x0 trk=0 r=[0@Point(0, 0)] c=[{m=OPEN f=NONE leash=Surface(name=Task=80#100)/@0x8c6c135 sb=Rect(0, 0 - 1080, 2400) eb=Rect(0, 0 - 1080, 2400) epz=Point(1080, 2400) d=0 taskParent=-1 winMode=1 userId=0},{m=TO_BACK f=SHOW_WALLPAPER leash=Surface(name=Task=1#42)/@0xf7c99ca sb=Rect(0, 0 - 1080, 2400) eb=Rect(0, 0 - 1080, 2400) epz=Point(1080, 2400) d=0 taskParent=-1 winMode=1 userId=0},{m=TO_BACK f=IS_WALLPAPER leash=Surface(name=WallpaperWindowToken{41c0a51}#58)/@0xb25373b sb=Rect(0, 0 - 1080, 2400) eb=Rect(0, 0 - 1080, 2400) epz=Point(1080, 2400) d=0}]}
04-15 12:37:41.631  1056  1124 V WindowManagerShell:  Checking filter Pair{{types=[] flags=0x0] notFlags=0x0 checks=[{atype=undefined independent=true modes=[CLOSE,TO_BACK] flags=IN_TASK_WITH_EMBEDDED_ACTIVITY mustBeTask=false order=ANY topActivity=null launchCookie=null taskFragmentToken=android.os.BinderProxy@fa60c17 windowingMode=undefined isCrossDisplayMove=false}]} RemoteTransition { remoteTransition = android.window.IRemoteTransition$Stub$Proxy@22c5804, appThread = android.app.IApplicationThread$Stub$Proxy@6cae1ed, debugName = overlayBackTransition }}
04-15 12:37:41.632  1056  1124 V WindowManagerShell:  Checking filter Pair{{types=[] flags=0x0] notFlags=0x0 checks=[{atype=dream independent=true modes=[OPEN,TO_FRONT] flags=NONE mustBeTask=false order=ANY topActivity=null launchCookie=null windowingMode=undefined isCrossDisplayMove=false},{atype=home independent=true modes=[CLOSE,TO_BACK] flags=NONE mustBeTask=false order=ANY topActivity=null launchCookie=null windowingMode=undefined isCrossDisplayMove=false}]} RemoteTransition { remoteTransition = android.window.IRemoteTransition$Stub$Proxy@f869822, appThread = android.app.IApplicationThread$Stub$Proxy@af552b3, debugName = LauncherToDream }}
04-15 12:37:41.632  1056  1124 V WindowManagerShell:  Checking filter Pair{{types=[] flags=0x0] notFlags=0x100 checks=[{atype=home independent=true modes=[OPEN,TO_FRONT] flags=NONE mustBeTask=false order=TOP topActivity=ComponentInfo{com.google.android.apps.nexuslauncher/com.google.android.apps.nexuslauncher.NexusLauncherActivity} launchCookie=null windowingMode=undefined isCrossDisplayMove=false},{atype=standard independent=true modes=[CLOSE,TO_BACK] flags=NONE mustBeTask=false order=ANY topActivity=null launchCookie=null windowingMode=undefined isCrossDisplayMove=false},{NOT atype=undefined independent=true modes=[] flags=NONE mustBeTask=true order=ANY topActivity=null launchCookie=null customAnim=true windowingMode=undefined isCrossDisplayMove=false}]} RemoteTransition { remoteTransition = android.window.IRemoteTransition$Stub$Proxy@318f070, appThread = android.app.IApplicationThread$Stub$Proxy@180afe9, debugName = QuickstepLaunchHome }}
04-15 12:37:41.632  1056  1124 V WindowManagerShell:  Checking filter Pair{{types=[OPEN,TO_FRONT] flags=0x0] notFlags=0x0 checks=[{atype=standard independent=true modes=[OPEN,TO_FRONT] flags=NONE mustBeTask=true order=ANY topActivity=null launchCookie=null windowingMode=freeform isCrossDisplayMove=false}]} RemoteTransition { remoteTransition = android.window.IRemoteTransition$Stub$Proxy@9a146e, appThread = null, debugName = DesktopWindowLimitUnminimize }}
04-15 12:37:41.632  1056  1124 V WindowManagerShell:  Delegate animation for (#5) to null
04-15 12:37:41.632  1056  1124 V WindowManagerShell: start default transition animation, info = {id=5 t=OPEN f=0x0 trk=0 r=[0@Point(0, 0)] c=[{m=OPEN f=NONE leash=Surface(name=Task=80#100)/@0x8c6c135 sb=Rect(0, 0 - 1080, 2400) eb=Rect(0, 0 - 1080, 2400) epz=Point(1080, 2400) d=0 taskParent=-1 winMode=1 userId=0},{m=TO_BACK f=SHOW_WALLPAPER leash=Surface(name=Task=1#42)/@0xf7c99ca sb=Rect(0, 0 - 1080, 2400) eb=Rect(0, 0 - 1080, 2400) epz=Point(1080, 2400) d=0 taskParent=-1 winMode=1 userId=0},{m=TO_BACK f=IS_WALLPAPER leash=Surface(name=WallpaperWindowToken{41c0a51}#58)/@0xb25373b sb=Rect(0, 0 - 1080, 2400) eb=Rect(0, 0 - 1080, 2400) epz=Point(1080, 2400) d=0}]}
04-15 12:37:41.654  1056  1124 V WindowManagerShell: loadAnimation: anim=android.view.animation.AnimationSet@4ab61a5 animAttr=0x13 type=OPEN isEntrance=false
04-15 12:37:41.659  1056  1124 V WindowManagerShell: loadAnimation: anim=android.view.animation.AnimationSet@b157321 animAttr=0x12 type=OPEN isEntrance=true
04-15 12:37:41.660  1056  1124 V WindowManagerShell:  animated by com.android.wm.shell.transition.DefaultTransitionHandler@a3ebb26
04-15 12:37:41.697  1600  1600 D BoundBrokerSvc: onUnbind: Intent { act=com.google.android.gms.chimera.container.moduleinstall.ModuleInstallService.START dat=chimera-action:/... xflg=0x4 cmp=com.google.android.gms/.chimera.GmsApiService }
04-15 12:37:41.700  1600  1600 D BoundBrokerSvc: onUnbind: Intent { act=com.google.android.gms.ocr.service.internal.START dat=chimera-action:/... xflg=0x4 cmp=com.google.android.gms/.chimera.GmsInternalApiService }
04-15 12:37:41.738  4543  4543 D AndroidRuntime: >>>>>> START com.android.internal.os.RuntimeInit uid 2000 <<<<<<
04-15 12:37:41.748   805   903 D ActivityManager: freezing 1818 com.android.chrome
04-15 12:37:41.753  4559  4559 D nativeloader: Load libframework-connectivity-tiramisu-jni.so using APEX ns com_android_tethering for caller /apex/com.android.tethering/javalib/framework-connectivity-t.jar: ok
04-15 12:37:41.777  1396  4522 I HeterodyneSyncer: (REDACTED) Removed %d invalid users
04-15 12:37:41.858  1600  1600 D BoundBrokerSvc: onUnbind: Intent { act=com.google.android.gms.measurement.START xflg=0x4 pkg=com.google.android.gms }
04-15 12:37:41.891  3418  3667 W SystemServiceRegistry: No service published for: persistent_data_block
04-15 12:37:41.909   805   964 D InetDiagMessage: Destroyed 0 sockets, proto=IPPROTO_TCP, family=AF_INET, states=14
04-15 12:37:41.910   805   964 D InetDiagMessage: Destroyed 0 sockets, proto=IPPROTO_TCP, family=AF_INET6, states=14
04-15 12:37:41.910   805   964 D InetDiagMessage: Destroyed live tcp sockets for uids={10162} in 1ms
04-15 12:37:41.932  1396  4522 I HeterodyneSyncer: (REDACTED) Syncing with Heterodyne. Reason: %s
04-15 12:37:41.963   805  1011 D BackgroundInstallControlService: Package event received: 0
04-15 12:37:41.967  1056  1124 V WindowManagerShell: Transition animation finished (aborted=false), notifying core (#5) android.os.BinderProxy@41437a4@0
04-15 12:37:41.973   805   828 V WindowManager: Finish Transition (#5): created at 04-15 12:37:41.083 collect-started=0.057ms request-sent=149.135ms started=225.011ms ready=492.889ms sent=495.812ms commit=89.484ms finished=889.03ms
04-15 12:37:41.977  1206  1206 D VRI[NexusLauncherActivity]: visibilityChanged oldVisibility=true newVisibility=false
04-15 12:37:41.983  1056  1124 V WindowManagerShell: Track 0 became idle
04-15 12:37:41.983  1056  1124 V WindowManagerShell: All active transition animations finished
04-15 12:37:41.984  1206  1206 D NexusLauncherModelDelegate: notifySmartspaceEvent: SmartspaceTargetEvent{mSmartspaceTarget=null, mSmartspaceActionId='null', mEventType=7}
04-15 12:37:41.984  1056  1373 D WallpaperService: onVisibilityChanged(false): com.android.systemui.wallpapers.ImageWallpaper$CanvasEngine@8f22bc3
04-15 12:37:42.030   805  2092 V GrammaticalInflectionUtils: AttributionSource: android.content.AttributionSource@d1a04c63 does not have READ_SYSTEM_GRAMMATICAL_GENDER permission.
04-15 12:37:42.045   581   581 D Zygote  : Forked child process 4578
04-15 12:37:42.047   805   839 I ActivityManager: Start proc 4578:com.android.imsserviceentitlement/u0a149 for service {com.android.imsserviceentitlement/com.android.imsserviceentitlement.fcm.FcmRegistrationService}
04-15 12:37:42.066  1600  1600 D BoundBrokerSvc: onUnbind: Intent { act=com.google.android.gms.safetynet.service.START xflg=0x4 pkg=com.google.android.gms }
04-15 12:37:42.086  4578  4578 I Zygote  : Process 4578 created for com.android.imsserviceentitlement
04-15 12:37:42.086  4578  4578 I viceentitlement: Using CollectorTypeCMC GC.
04-15 12:37:42.087  4578  4578 W viceentitlement: Unexpected CPU variant for x86: x86_64.
04-15 12:37:42.087  4578  4578 W viceentitlement: Known variants: atom, sandybridge, silvermont, goldmont, goldmont-plus, goldmont-without-sha-xsaves, tremont, kabylake, alderlake, default
04-15 12:37:42.091  1396  1396 D BoundBrokerSvc: onUnbind: Intent { act=com.google.android.contextmanager.service.ContextManagerService.START xflg=0x4 pkg=com.google.android.gms }
04-15 12:37:42.097  4543  4543 I AndroidRuntime: Using default boot image
04-15 12:37:42.098  4543  4543 I AndroidRuntime: Leaving lock profiling enabled
04-15 12:37:42.098  4578  4578 D nativeloader: Load libframework-connectivity-tiramisu-jni.so using APEX ns com_android_tethering for caller /apex/com.android.tethering/javalib/framework-connectivity-t.jar: ok
04-15 12:37:42.114  4578  4578 D ApplicationLoaders: Returning zygote-cached class loader: /system_ext/framework/androidx.window.extensions.jar
04-15 12:37:42.114  4578  4578 D ApplicationLoaders: Returning zygote-cached class loader: /system_ext/framework/androidx.window.sidecar.jar
04-15 12:37:42.118  4578  4578 D nativeloader: InitLlndkLibrariesProduct: libEGL.so:libGLESv1_CM.so:libGLESv2.so:libGLESv3.so:libRS.so:libandroid_net.so:libapexsupport.so:libavf.so:libbinder_ndk.so:libc.so:libcgrouprc.so:libclang_rt.asan-x86_64-android.so:libcom.android.tethering.connectivity_native.so:libdl.so:libft2.so:liblog.so:libm.so:libmediandk.so:libnativewindow.so:libneuralnetworks.so:libselinux.so:libsync.so:libvendorsupport.so:libvndksupport.so:libvulkan.so
04-15 12:37:42.118  4578  4578 D nativeloader: Configuring product-clns-9 for unbundled product apk /product/priv-app/ImsServiceEntitlement/ImsServiceEntitlement.apk. target_sdk_version=36, uses_libraries=, library_path=/product/priv-app/ImsServiceEntitlement/lib/x86_64:/product/lib64:/system/product/lib64, permitted_path=/data:/mnt/expand:/data/user/0/com.android.imsserviceentitlement:/product/lib64:/system/product/lib64
04-15 12:37:42.118  4578  4578 D nativeloader: InitVndkspLibrariesProduct: VNDK is deprecated with product
04-15 12:37:42.133  4543  4543 I app_process: Using CollectorTypeCMC GC.
04-15 12:37:42.152   579  2713 W resolv  : SSL_connect write error 0, mark 0xf0065: Try again
04-15 12:37:42.269  4578  4578 V GraphicsEnvironment: Currently set values for:
04-15 12:37:42.269  4578  4578 V GraphicsEnvironment:   angle_gl_driver_selection_pkgs=[]
04-15 12:37:42.269  4578  4578 V GraphicsEnvironment:   angle_gl_driver_selection_values=[]
04-15 12:37:42.269  4578  4578 V GraphicsEnvironment: com.android.imsserviceentitlement is not listed in per-application setting
04-15 12:37:42.269  4578  4578 V GraphicsEnvironment: ANGLE allowlist from config: com.dreamgames.royalmatch com.dts.freefiremax com.dxx.firenow com.gramgames.mergedragons com.ludo.king com.mojang.minecraftpe com.my.defense com.nintendo.zaka com.os.airforce com.playrix.fishdomdd.gplay io.teslatech.callbreak jp.konami.prospia net.peakgames.toonblast
04-15 12:37:42.269  4578  4578 V GraphicsEnvironment: No special selections for ANGLE, returning default driver choice
04-15 12:37:42.269  4578  4578 V GraphicsEnvironment: Neither updatable production driver nor prerelease driver is supported.
04-15 12:37:42.296  4578  4578 W FirebaseApp: Default FirebaseApp failed to initialize because no default options were found. This usually means that com.google.gms:google-services was not applied to your gradle project.
04-15 12:37:42.296  4578  4578 I FirebaseInitProvider: FirebaseApp initialization unsuccessful
04-15 12:37:42.337   581   581 D Zygote  : Forked child process 4593
04-15 12:37:42.337   805   839 I ActivityManager: Start proc 4593:com.google.android.dialer/u0a146 for service {com.google.android.dialer/androidx.work.impl.background.systemjob.SystemJobService}
04-15 12:37:42.352   805  2092 D WifiNl80211Manager: Scan result ready event
04-15 12:37:42.353   805  2092 D WifiNative: Scan result ready event
04-15 12:37:42.370  4593  4593 I Zygote  : Process 4593 created for com.google.android.dialer
04-15 12:37:42.370  4593  4593 I .android.dialer: Using CollectorTypeCMC GC.
04-15 12:37:42.370  4593  4593 W .android.dialer: Unexpected CPU variant for x86: x86_64.
04-15 12:37:42.370  4593  4593 W .android.dialer: Known variants: atom, sandybridge, silvermont, goldmont, goldmont-plus, goldmont-without-sha-xsaves, tremont, kabylake, alderlake, default
04-15 12:37:42.376   660   692 I adbd    : jdwp connection from 4593
04-15 12:37:42.376   579  2713 W resolv  : TLS Handshake failed
04-15 12:37:42.378  4593  4593 D nativeloader: Load libframework-connectivity-tiramisu-jni.so using APEX ns com_android_tethering for caller /apex/com.android.tethering/javalib/framework-connectivity-t.jar: ok
04-15 12:37:42.384   579  2713 W resolv  : query failed
04-15 12:37:42.385   579  2713 W resolv  : validateDnsTlsServer returned 0 for {10.0.2.3/}
04-15 12:37:42.385   579  2713 W resolv  : Validation failed
04-15 12:37:42.392  3418  3667 I GFXSTREAM: [eglDisplay.cpp(297)] Opening libGLESv1_CM_emulation.so
04-15 12:37:42.393  3418  3667 I GFXSTREAM: [eglDisplay.cpp(297)] Opening libGLESv2_emulation.so
04-15 12:37:42.468   805   964 D InetDiagMessage: Destroyed 0 sockets, proto=IPPROTO_TCP, family=AF_INET, states=14
04-15 12:37:42.468   805   964 D InetDiagMessage: Destroyed 0 sockets, proto=IPPROTO_TCP, family=AF_INET6, states=14
04-15 12:37:42.469   805   964 D InetDiagMessage: Destroyed live tcp sockets for uids={10228} in 1ms
04-15 12:37:42.469   805   964 D InetDiagMessage: Destroyed 0 sockets, proto=IPPROTO_TCP, family=AF_INET, states=14
04-15 12:37:42.469   805   964 D InetDiagMessage: Destroyed 0 sockets, proto=IPPROTO_TCP, family=AF_INET6, states=14
04-15 12:37:42.470   805   964 D InetDiagMessage: Destroyed live tcp sockets for uids={20228} in 2ms
04-15 12:37:42.475   651   912 D libbinder.PermissionCache: checking android.permission.DUMP for uid=10155 => granted (610 us)
04-15 12:37:42.480  3418  3667 W libc    : Access denied finding property "persist.adb.tls_server.enable"
04-15 12:37:42.481  3418  3667 W libc    : Access denied finding property "service.adb.tls.port"
04-15 12:37:42.478  3418  3418 W lowpool[2]: type=1400 audit(0.0:18): avc:  denied  { read } for  name="u:object_r:adbd_prop:s0" dev="tmpfs" ino=59 scontext=u:r:gmscore_app:s0:c512,c768 tcontext=u:object_r:adbd_prop:s0 tclass=file permissive=0 app=com.google.android.gms
04-15 12:37:42.498  4593  4593 D nativeloader: InitLlndkLibrariesProduct: libEGL.so:libGLESv1_CM.so:libGLESv2.so:libGLESv3.so:libRS.so:libandroid_net.so:libapexsupport.so:libavf.so:libbinder_ndk.so:libc.so:libcgrouprc.so:libclang_rt.asan-x86_64-android.so:libcom.android.tethering.connectivity_native.so:libdl.so:libft2.so:liblog.so:libm.so:libmediandk.so:libnativewindow.so:libneuralnetworks.so:libselinux.so:libsync.so:libvendorsupport.so:libvndksupport.so:libvulkan.so
04-15 12:37:42.498  4593  4593 D nativeloader: Configuring product-clns-9 for unbundled product apk /product/framework/com.google.android.dialer.support.jar. target_sdk_version=36, uses_libraries=ALL, library_path=/product/priv-app/GoogleDialer/lib/x86_64:/product/priv-app/GoogleDialer/GoogleDialer.apk!/lib/x86_64:/product/lib64:/system/product/lib64, permitted_path=/data:/mnt/expand:/data/user/0/com.google.android.dialer:/product/lib64:/system/product/lib64
04-15 12:37:42.498  4593  4593 D nativeloader: InitVndkspLibrariesProduct: VNDK is deprecated with product
04-15 12:37:42.498  4593  4593 D ApplicationLoaders: Returning zygote-cached class loader: /system/framework/org.apache.http.legacy.jar
04-15 12:37:42.498  4593  4593 D ApplicationLoaders: Returning zygote-cached class loader: /system_ext/framework/androidx.window.extensions.jar
04-15 12:37:42.498  4593  4593 D ApplicationLoaders: Returning zygote-cached class loader: /system_ext/framework/androidx.window.sidecar.jar
04-15 12:37:42.551  1396  1713 I WifiScanner: onFullResults
04-15 12:37:42.612   805   958 I HalDevMgr: bestIfaceCreationProposal is null, requestIface=STA, existingIface=[name=wlan0 type=STA]
04-15 12:37:42.615  4593  4593 D nativeloader: Configuring product-clns-10 for unbundled product apk /product/priv-app/GoogleDialer/GoogleDialer.apk. target_sdk_version=36, uses_libraries=, library_path=/product/priv-app/GoogleDialer/lib/x86_64:/product/priv-app/GoogleDialer/GoogleDialer.apk!/lib/x86_64:/product/lib64:/system/product/lib64, permitted_path=/data:/mnt/expand:/data/user/0/com.google.android.dialer:/product/lib64:/system/product/lib64
04-15 12:37:42.692  4593  4593 V GraphicsEnvironment: Currently set values for:
04-15 12:37:42.693  4593  4593 V GraphicsEnvironment:   angle_gl_driver_selection_pkgs=[]
04-15 12:37:42.693  4593  4593 V GraphicsEnvironment:   angle_gl_driver_selection_values=[]
04-15 12:37:42.693  4593  4593 V GraphicsEnvironment: com.google.android.dialer is not listed in per-application setting
04-15 12:37:42.693  4593  4593 V GraphicsEnvironment: ANGLE allowlist from config: com.dreamgames.royalmatch com.dts.freefiremax com.dxx.firenow com.gramgames.mergedragons com.ludo.king com.mojang.minecraftpe com.my.defense com.nintendo.zaka com.os.airforce com.playrix.fishdomdd.gplay io.teslatech.callbreak jp.konami.prospia net.peakgames.toonblast
04-15 12:37:42.693  4593  4593 V GraphicsEnvironment: No special selections for ANGLE, returning default driver choice
04-15 12:37:42.693  4593  4593 V GraphicsEnvironment: Neither updatable production driver nor prerelease driver is supported.
04-15 12:37:42.765  4593  4593 I MultiDex: VM with version 2.1.0 has multidex support
04-15 12:37:42.769  4593  4593 I MultiDex: Installing application
04-15 12:37:42.769  4593  4593 I MultiDex: VM has multidex support, MultiDex support library is disabled.
04-15 12:37:42.788   805  2095 D FileUtils: Rounded bytes from 2061049856 to 4000000000
04-15 12:37:42.798  4593  4593 I AtlasPixelTipsContentPr: enter
04-15 12:37:42.804  4593  4593 E ashmem  : Pinning is deprecated since Android Q. Please use trim or other methods.
04-15 12:37:42.822  4593  4593 I RevelioTipsContentProvi: enter
04-15 12:37:42.822  4593  4593 I TidepodsRevelioTipsCont: enter
04-15 12:37:42.831   579  2837 W resolv  : SSL_connect write error 0, mark 0xf0064: Try again
04-15 12:37:42.831   579  2837 W resolv  : TLS Handshake failed
04-15 12:37:42.831   579  2837 W resolv  : query failed
04-15 12:37:42.831   579  2837 W resolv  : validateDnsTlsServer returned 0 for {10.0.2.3/}
04-15 12:37:42.832   579  2837 W resolv  : Validation failed
04-15 12:37:42.835  4543  4543 D nativeloader: InitDefaultPublicLibraries for_preload=1: libandroid.so:libaaudio.so:libamidi.so:libbinder_ndk.so:libc.so:libcamera2ndk.so:libdl.so:libEGL.so:libGLESv1_CM.so:libGLESv2.so:libGLESv3.so:libicu.so:libicui18n.so:libicuuc.so:libjnigraphics.so:liblog.so:libmediandk.so:libm.so:libnativehelper.so:libnativewindow.so:libOpenMAXAL.so:libOpenSLES.so:libRS.so:libstdc++.so:libsync.so:libvulkan.so:libwebviewchromium_plat_support.so:libz.so
04-15 12:37:42.860   805   958 I HalDevMgr: bestIfaceCreationProposal is null, requestIface=STA, existingIface=[name=wlan0 type=STA]
04-15 12:37:42.876  4543  4543 D nativeloader: Load libicu_jni.so using APEX ns com_android_art for caller /apex/com.android.art/javalib/core-oj.jar: ok
04-15 12:37:42.877  4543  4543 D app_process: u_setTimeZoneFilesDirectory("/apex/com.android.tzdata/etc/tz/versioned/9/icu") succeeded. 
04-15 12:37:42.877  4543  4543 D app_process: I18n APEX ICU file found: /apex/com.android.i18n/etc/icu/icudt76l.dat
04-15 12:37:42.884  4543  4543 D nativeloader: Load libjavacore.so using APEX ns com_android_art for caller /apex/com.android.art/javalib/core-oj.jar: ok
04-15 12:37:42.884  4593  4593 I DialerBaseApplication: onCreate
04-15 12:37:42.895  4543  4543 D nativeloader: Load libopenjdk.so using APEX ns com_android_art for caller /apex/com.android.art/javalib/core-oj.jar: ok
04-15 12:37:42.897  4543  4543 I app_process: Priority-to-niceness mapping: 19, 16, 13, 10, 0, -2, -4, -5, -6, -8
04-15 12:37:42.897  4543  4543 W app_process: Unexpected CPU variant for x86: x86_64.
04-15 12:37:42.897  4543  4543 W app_process: Known variants: atom, sandybridge, silvermont, goldmont, goldmont-plus, goldmont-without-sha-xsaves, tremont, kabylake, alderlake, default
04-15 12:37:42.918  4543  4543 W app_process: ClassLoaderContext shared library size mismatch. Expected=2, found=0 (PCL[]{PCL[/system/framework/android.test.base.jar*1947731759]#PCL[/system/framework/android.test.mock.jar*3673435773]} | PCL[])
04-15 12:37:42.919  1396  4522 I HeterodyneSyncer: (REDACTED) Sync completed. fetchReason: %s, fetchPackageName: %s, syncErrorType: %s, individual sync errors: %s.
04-15 12:37:42.928  4543  4543 W app_process: ClassLoaderContext classpath size mismatch. expected=0, found=1 (PCL[]{PCL[/system/framework/android.test.runner.jar*3527284906]{PCL[/system/framework/android.test.base.jar*1947731759]#PCL[/system/framework/android.test.mock.jar*3673435773]}#PCL[/system/framework/android.test.base.jar*1947731759]} | PCL[/system/framework/android.test.runner.jar*3527284906])
04-15 12:37:42.948  1396  4522 I HeterodyneSyncer: (REDACTED) Finished notifying packages after sync. syncLatency: %d
04-15 12:37:42.960  1396  4522 I HeterodyneSyncScheduler: (REDACTED) Scheduling adaptive one off task with window [%d, %d] in seconds
04-15 12:37:42.966  3418  3418 D BoundBrokerSvc: onUnbind: Intent { act=com.google.android.gms.droidguard.DroidGuardFastRefreshGmsTaskBoundService.ACTION_TASK_READY dat=chimera-action:/... xflg=0x4 cmp=com.google.android.gms/.chimera.UnstableInternalBoundBrokerService }
04-15 12:37:43.018  1396  3024 I NetworkScheduler.Stats: (REDACTED) Task %s/%s finished executing. cause:%s result: %s elapsed_millis: %s uptime_millis: %s exec_start_elapsed_seconds: %s
04-15 12:37:43.026  4593  4593 I aakl    : SslGuard completed installation.
04-15 12:37:43.031  4543  4543 D nativeloader: Load libframework-connectivity-tiramisu-jni.so using APEX ns com_android_tethering for caller /apex/com.android.tethering/javalib/framework-connectivity-t.jar: ok
04-15 12:37:43.033  4543  4543 D AndroidRuntime: Calling main entry com.android.commands.uiautomator.Launcher
04-15 12:37:43.039  1396  3024 I NetworkScheduler.Stats: (REDACTED) Task %s/%s finished executing. cause:%s result: %s elapsed_millis: %s uptime_millis: %s exec_start_elapsed_seconds: %s
04-15 12:37:43.050  4593  4593 I DialerInternalSemanticEventLoggerImpl: com.android.dialer.cui.impl.InternalSemanticEventLoggerImpl.handleEvent:147 CUI event: APP_ON_CREATE; uniqueCallId: null
04-15 12:37:43.051  4593  4631 I DialerGmsFlagCommitter: com.android.dialer.phenotype.GmsFlagCommitter.commit:52 flags committing
04-15 12:37:43.053  4593  4632 I DialerLocaleProvider: com.android.dialer.callrecording.impl.localeprovider.LocaleProvider.getNetworkCountryMatchesSimCountryInternal:192 NetworkCountryCode: US, SimCountryIso: US
04-15 12:37:43.054  4543  4543 I AconfigPackage: android.media.swcodec.flags is mapped to com.android.media.swcodec
04-15 12:37:43.057  4543  4543 I AconfigPackage: com.android.permission.flags is mapped to com.android.permission
04-15 12:37:43.057  4543  4543 I AconfigPackage: com.android.permissioncontroller.flags is mapped to com.android.permission
04-15 12:37:43.057  4593  4632 I DialerLegacyCountryDetector: com.android.dialer.location.LegacyCountryDetector.getCurrentPhysicalCountryIso:143 returning Redacted-2-chars
04-15 12:37:43.057  4593  4632 I DialerLocaleProvider: com.android.dialer.callrecording.impl.localeprovider.LocaleProvider.getSupportedLocaleFromCountryCode:203 checking whether country US is supported by builtInAudio for start/end audio
04-15 12:37:43.057  4593  4632 I DialerLocaleProvider: com.android.dialer.callrecording.impl.localeprovider.LocaleProvider.getSupportedLocaleFromCountryCode:214 country US not supported by builtInAudio
04-15 12:37:43.060  4543  4543 I AconfigPackage: com.android.icu is mapped to com.android.i18n
04-15 12:37:43.063  4543  4543 I AconfigPackage: com.android.appsearch.flags is mapped to com.android.appsearch
04-15 12:37:43.063  4593  4632 I DialerLegacyCountryDetector: com.android.dialer.location.LegacyCountryDetector.getCurrentPhysicalCountryIso:143 returning Redacted-2-chars
