04-15 12:37:44.177  1396  4522 I NetworkScheduler.Stats: (REDACTED) Task %s/%s started execution. cause:%s exec_start_elapsed_seconds: %s
04-15 12:37:44.184  3387  3805 I Finsky:background: [91] DS: DS: onRemove(request_id=33, files_to_download=[config.x86_64(size:362474)], context[group_id=com.android.vending:CSayXm_ASrCttmJSO-AyZA], display_data[invisible=true, title=Google Play Store], network_restrictions=ANY_NETWORK status=succeeded, bytes_downloaded=362474, total_bytes=362474, retry[count=0, next_retry=n/a])
04-15 12:37:44.186  1396  4522 I NetworkScheduler.Stats: (REDACTED) Task %s/%s finished executing. cause:%s result: %s elapsed_millis: %s uptime_millis: %s exec_start_elapsed_seconds: %s
04-15 12:37:44.192  1600  3033 E Pay     : NfcAdapter is null while obtaining CardEmulation instance. [CONTEXT service_id=198 ]
04-15 12:37:44.194  1600  3033 E Pay     : CardEmulation is null while checking aid registration. [CONTEXT service_id=198 ]
04-15 12:37:44.195  1600  3033 I Pay     : Running in an emulator. Exiting without registering AIDs [CONTEXT service_id=198 ]
04-15 12:37:44.199  3387  3805 I Finsky:background: [91] DS: DS: onRemove(request_id=29, files_to_download=[com.android.vending.apk(size:3496572)], context[group_id=com.android.vending:CSayXm_ASrCttmJSO-AyZA], display_data[invisible=true, title=Google Play Store], network_restrictions=ANY_NETWORK status=succeeded, bytes_downloaded=3496572, total_bytes=3496572, retry[count=0, next_retry=n/a])
04-15 12:37:44.216  3387  3805 I Finsky:background: [91] DS: DS: onRemove(request_id=34, files_to_download=[phonesky_webrtc_native_lib(size:2602)], context[group_id=com.android.vending:CSayXm_ASrCttmJSO-AyZA], display_data[invisible=true, title=Google Play Store], network_restrictions=ANY_NETWORK status=succeeded, bytes_downloaded=2602, total_bytes=2602, retry[count=0, next_retry=n/a])
04-15 12:37:44.237  1396  1561 I NetworkScheduler.Stats: (REDACTED) Task %s/%s finished executing. cause:%s result: %s elapsed_millis: %s uptime_millis: %s exec_start_elapsed_seconds: %s
04-15 12:37:44.241  4559  4559 I HWUI    : Using FreeType backend (prop=Auto)
04-15 12:37:44.249  3387  3528 I Finsky:background: [47] RF: With real time bandwidth check, rest nugget is present: false, shouldDownloadRestNugget: false
04-15 12:37:44.249  3387  3805 I Finsky:background: [91] DS: DS: onRemove(request_id=35, files_to_download=[phonesky_webrtc_native_lib.config.x86_64(size:990792)], context[group_id=com.android.vending:CSayXm_ASrCttmJSO-AyZA], display_data[invisible=true, title=Google Play Store], network_restrictions=ANY_NETWORK status=succeeded, bytes_downloaded=990792, total_bytes=990792, retry[count=0, next_retry=n/a])
04-15 12:37:44.252   805  2389 V AccessibilityManagerService: onUserStateChangedLocked for userId: 0, forceUpdate: false
04-15 12:37:44.253   805  2389 V AccessibilityUserState: updateShortcutTargets: type:accessibility_shortcut_target_service, current:{}, new:{}
04-15 12:37:44.253   805  2389 V AccessibilityUserState: updateShortcutTargets: type:accessibility_button_targets, current:{}, new:{}
04-15 12:37:44.253   805  2389 V AccessibilityUserState: updateShortcutTargets: type:accessibility_gesture_targets, current:{}, new:{}
04-15 12:37:44.253   805  2389 V AccessibilityUserState: updateShortcutTargets: type:accessibility_qs_targets, current:{}, new:{}
04-15 12:37:44.253   805  2389 V AccessibilityUserState: updateShortcutTargets: type:accessibility_key_gesture_targets, current:{}, new:{}
04-15 12:37:44.253   805  2389 W MagnificationConnectionManager: requestConnection duplicated request: connect=false, mConnectionState=DISCONNECTED
04-15 12:37:44.253   805  2389 D AccessibilityManagerService: restoreCurrentUserForTestAutomationIfNeededLocked(): ignoring because device doesn't support visible background users
04-15 12:37:44.256  4543  4634 W libbinder.IPCThreadState: call to talkWithDriver in joinThreadPool returned error: -9 (Bad file descriptor), FD: -1
04-15 12:37:44.257  4543  4633 W libbinder.IPCThreadState: call to talkWithDriver in joinThreadPool returned error: -9 (Bad file descriptor), FD: -1
04-15 12:37:44.257  4543  4543 D AndroidRuntime: Shutting down VM
04-15 12:37:44.260  1645  1658 I AiAiEcho: Settings changed for uri: content://settings/secure/accessibility_enabled
04-15 12:37:44.269  1396  1561 I NetworkScheduler.Stats: (REDACTED) Task %s/%s started execution. cause:%s exec_start_elapsed_seconds: %s
04-15 12:37:44.271  1645  1871 I AiAiEcho: Predicting[0]:  [CONTEXT sampling_count=5 ]
04-15 12:37:44.272  1645  1871 I AiAiEcho: EchoTargets: 
04-15 12:37:44.272  1645  1871 I AiAiEcho: Filtered by AiAi flag check: 
04-15 12:37:44.272  1645  1871 I AiAiEcho: [CONTEXT ratelimit_period="10 SECONDS" ]
04-15 12:37:44.272  1645  1871 I AiAiEcho: #remoteViewsTwiddler: feature disabled.
04-15 12:37:44.273  1645  1871 I AiAiEcho: Predicting[0]:  [CONTEXT sampling_count=5 ]
04-15 12:37:44.273  1645  1871 I AiAiEcho: EchoTargets: 
04-15 12:37:44.273  1645  1871 I AiAiEcho: Filtered by AiAi flag check: 
04-15 12:37:44.273  1645  1871 I AiAiEcho: [CONTEXT ratelimit_period="10 SECONDS" ]
04-15 12:37:44.273  1645  1871 I AiAiEcho: #remoteViewsTwiddler: feature disabled.
04-15 12:37:44.273  1645  1871 I AiAiEcho: Predicting[0]:  [CONTEXT sampling_count=5 ]
04-15 12:37:44.274  1645  1871 I AiAiEcho: EchoTargets: 
04-15 12:37:44.274  1645  1871 I AiAiEcho: Filtered by AiAi flag check: 
04-15 12:37:44.274  1645  1871 I AiAiEcho: [CONTEXT ratelimit_period="10 SECONDS" ]
04-15 12:37:44.274  1645  1871 I AiAiEcho: #remoteViewsTwiddler: feature disabled.
04-15 12:37:44.275  1645  1871 I AiAiEcho: #postPredictionTargets: Sending updates to UISurface ambientcue with targets# 0 (types=[])
04-15 12:37:44.276  1645  1871 I AiAiEcho: #postPredictionTargets: Sending updates to UISurface home with targets# 0 (types=[])
04-15 12:37:44.276  1645  1871 I AiAiEcho: #postPredictionTargets: Sending updates to UISurface lockscreen with targets# 0 (types=[])
04-15 12:37:44.277  1056  1274 I AmbientCueRepository: Receiving SmartSpace targets # 0
04-15 12:37:44.278   805   805 D BatterySaverPolicy: accessibility changed to false, updating policy.
04-15 12:37:44.280  1056  1056 W SsPagerDots: Total number of pages invalid: 0. Assuming 1 page.
04-15 12:37:44.283  1206  1206 D SsBaseTemplateCard: Passed-in item info is null
04-15 12:37:44.283  1206  1206 D SsBaseTemplateCard: Passed-in item info is null
04-15 12:37:44.283  1206  1206 D SsBaseTemplateCard: Passed-in item info is null
04-15 12:37:44.283  1206  1206 D SsBaseTemplateCard: Passed-in item info is null
04-15 12:37:44.283  1206  1206 I SsBaseTemplateCard: Secondary card pane is null
04-15 12:37:44.287  3387  3540 I Finsky:background: [52] IV2::TD: Resource fetch done. com.android.vending[iid:2] [isid:CSayXm_ASrCttmJSO-AyZA] [tid: 1000000002]
04-15 12:37:44.290  3387  3540 I Finsky:background: [52] IV2::TD: Installing start. com.android.vending[iid:2] [isid:CSayXm_ASrCttmJSO-AyZA] [tid: 1000000002]
04-15 12:37:44.299  3418  3418 D BoundBrokerSvc: onBind: Intent { act=com.google.android.gms.droidguard.DroidGuardFastRefreshGmsTaskBoundService.ACTION_TASK_READY dat=chimera-action:/... xflg=0x4 cmp=com.google.android.gms/.chimera.UnstableInternalBoundBrokerService }
04-15 12:37:44.299  3418  3418 D BoundBrokerSvc: Loading bound service for intent: Intent { act=com.google.android.gms.droidguard.DroidGuardFastRefreshGmsTaskBoundService.ACTION_TASK_READY dat=chimera-action:/... xflg=0x4 cmp=com.google.android.gms/.chimera.UnstableInternalBoundBrokerService }
04-15 12:37:44.301  1396  4522 I NetworkScheduler.Stats: (REDACTED) Task %s/%s started execution. cause:%s exec_start_elapsed_seconds: %s
04-15 12:37:44.305  1396  1561 I NetworkScheduler.Stats: (REDACTED) Task %s/%s finished executing. cause:%s result: %s elapsed_millis: %s uptime_millis: %s exec_start_elapsed_seconds: %s
04-15 12:37:44.306  3418  3418 D BoundBrokerSvc: onUnbind: Intent { act=com.google.android.gms.droidguard.DroidGuardFastRefreshGmsTaskBoundService.ACTION_TASK_READY dat=chimera-action:/... xflg=0x4 cmp=com.google.android.gms/.chimera.UnstableInternalBoundBrokerService }
04-15 12:37:44.313  3387  3540 I Finsky:background: [52] IV2::TD: Submit start. com.android.vending[iid:2] [isid:CSayXm_ASrCttmJSO-AyZA] [tid: 1000000002]
04-15 12:37:44.320  3387  3540 I Finsky:background: [52] IV2: onTaskProgress com.android.vending[iid:2] [isid:CSayXm_ASrCttmJSO-AyZA] status:RESOURCE_FETCH_DONE).
04-15 12:37:44.320  3387  3540 I Finsky:background: [52] IV2: stopping install timeout for 2
04-15 12:37:44.326  3387  3540 I Finsky:background: [52] IV2: onTaskProgress com.android.vending[iid:2] [isid:CSayXm_ASrCttmJSO-AyZA] status:SUBMIT_START, size: 0/0
04-15 12:37:44.333  3387  3532 I Finsky:background: [51] IQ: start evaluating install requests.
04-15 12:37:44.376  1396  4522 I NetworkScheduler.Stats: (REDACTED) Task %s/%s started execution. cause:%s exec_start_elapsed_seconds: %s
04-15 12:37:44.377  1600  1699 I GCM-GMS : Registering GMS 745476177629
04-15 12:37:44.398  3387  3532 I Finsky:background: [51] IQ: There are 0 installs pending for job 34: []
04-15 12:37:44.399  3387  3556 I Finsky:background: [60] IQ: Notifying installation update. [Package:com.android.vending, isid:CSayXm_ASrCttmJSO-AyZA] state:INSTALLING, status=INSTALLING, status_code=0, reason=su_auto_update, tsc=PT16.247S, attempt=0
04-15 12:37:44.406  3387  3532 I Finsky:background: [51] IQ: There are 1 installs pending for job 38: [com.google.android.partnersetup]
04-15 12:37:44.407  4559  4559 D VRI[MainActivity]: WindowInsets changed: 1080x2400 statusBars:[0,63,0,0] navigationBars:[0,0,0,63] mandatorySystemGestures:[0,63,0,84] 
04-15 12:37:44.421  3387  3532 I Finsky:background: [51] IQ: 1 scheduled install statuses found to proceed. 
04-15 12:37:44.434  4559  4565 I .novacut.editor: Compiler allocated 5082KB to compile void android.view.ViewRootImpl.performTraversals()
04-15 12:37:44.434  4559  4559 D CompatChangeReporter: Compat change id reported: 270674727; UID 10227; state: ENABLED
04-15 12:37:44.442  3387  3540 I Finsky:background: [52] IV2: installer available to accept com.google.android.partnersetup. Current active installs : 
04-15 12:37:44.442  3387  3540 I Finsky:background: com.android.vending: installId: 2 isid: CSayXm_ASrCttmJSO-AyZA requested 0 min ago
04-15 12:37:44.447  3387  3549 I Finsky:background: [56] IQ: proceed install request for [Package:com.google.android.partnersetup, isid:3A7FzKKpS1SOmjzw_yBk3A].
04-15 12:37:44.448  3387  3549 I Finsky:background: [56] IQ: Notifying installation update. [Package:com.google.android.partnersetup, isid:3A7FzKKpS1SOmjzw_yBk3A] state:DOWNLOAD_PENDING, status=DOWNLOAD_PENDING, status_code=0, reason=auto_update, tsc=PT14.119S, attempt=0
04-15 12:37:44.456  3387  3529 I Finsky:background: [48] Submitter: submit com.android.vending to the commit queue
04-15 12:37:44.457  3387  3529 I Finsky:background: [48] Submitter: CS: enqueued commit for com.android.vending. Current queue: []
04-15 12:37:44.459  3387  3529 I Finsky:background: [48] Submitter: CS: dequeued commit for com.android.vending. Waited 0 ms. Current queue: [com.android.vending]
04-15 12:37:44.491  3387  3387 I Finsky:background: [2] PIM: Ignore install package event for: com.android.vending, isid: CSayXm_ASrCttmJSO-AyZA
04-15 12:37:44.496  3387  3529 I Finsky:background: [48] Submitter: start committing com.android.vending
04-15 12:37:44.515  1396  2422 I NetworkScheduler.Stats: (REDACTED) Task %s/%s finished executing. cause:%s result: %s elapsed_millis: %s uptime_millis: %s exec_start_elapsed_seconds: %s
04-15 12:37:44.523  1881  1881 I Finsky  : [2] DL: Data loader session turned off due to Incremental install not requested: com.android.vending
04-15 12:37:44.527  3387  3387 I Finsky:background: [2] PIM: Ignore install package event for: com.google.android.partnersetup, isid: 3A7FzKKpS1SOmjzw_yBk3A
04-15 12:37:44.533  3387  3528 I Finsky:background: [47] DL: Data loader session turned off due to Incremental install not requested: com.google.android.partnersetup
04-15 12:37:44.533  3387  3528 I Finsky:background: [47] DLIF: createIncrementalConfig with useIncrementalSessionWithReason: INCREMENTAL_DISABLED_IN_INSTALL_REQUEST , streamingVerdictWithReason: STREAMING_DISABLE_BY_UNKNOWN_REASON
04-15 12:37:44.537  1881  1881 I Finsky  : [2] DL: Data loader session turned off due to Incremental install not requested: com.google.android.partnersetup
04-15 12:37:44.537   805   903 D ActivityManager: freezing 2278 com.google.android.apps.wallpaper
04-15 12:37:44.542   805   964 D InetDiagMessage: Destroyed 0 sockets, proto=IPPROTO_TCP, family=AF_INET, states=14
04-15 12:37:44.542   805   964 D InetDiagMessage: Destroyed 0 sockets, proto=IPPROTO_TCP, family=AF_INET6, states=14
04-15 12:37:44.542   805   964 D InetDiagMessage: Destroyed live tcp sockets for uids={10197} in 2ms
04-15 12:37:44.567  1881  1881 I Finsky  : [2] IQ::HLD: if pauseAppUpdates is called now, it must wait for these ongoing installs: [[Package:com.google.android.partnersetup, isid:3A7FzKKpS1SOmjzw_yBk3A] state:DOWNLOAD_PENDING]
04-15 12:37:44.568  1881  1881 I Finsky  : [2] IQ::HLD: if pauseAppUpdates is called now, it must wait for these ongoing installs: [[Package:com.google.android.partnersetup, isid:3A7FzKKpS1SOmjzw_yBk3A] state:DOWNLOAD_PENDING]
04-15 12:37:44.568  3387  3528 I Finsky:background: [47] IQ: Requesting install request=package_name=com.google.android.partnersetup, pm_package_name=com.google.android.partnersetup, version=14645, priority=2, reason=auto_update, account_name=, type=0, isid=3A7FzKKpS1SOmjzw_yBk3A, constraints=((REQ_GEARHEAD_PROJECTION_OFF, NETWORK=ANY, PROVISIONING_STATE=PROVISIONED, BACKUP_MANAGER_STATE=BACKUP_READY, PROCESS_IMPORTANCE_THRESHOLD=125),), install_primary_identifier=UNKNOWN_ACTION_SURFACE using installer.
04-15 12:37:44.569  3387  3540 I Finsky:background: [52] IV2: installer available to accept com.google.android.partnersetup. Current active installs : 
04-15 12:37:44.569  3387  3540 I Finsky:background: com.android.vending: installId: 2 isid: CSayXm_ASrCttmJSO-AyZA requested 0 min ago
04-15 12:37:44.570  1881  1881 I Finsky  : [2] IQ::HLD: previousAllInstallsDone is true, allInstallationsDone is false
04-15 12:37:44.570  1881  1881 I Finsky  : [2] IQ::HLD: Updating installations status true cross profiles
04-15 12:37:44.570  1881  1881 I Finsky  : [2] XPF:Binding for 146389403
04-15 12:37:44.574  1600  2914 I GCM-GMS : Registering GMS for direct boot.
04-15 12:37:44.576  3387  3540 I Finsky:background: [52] IV2::EIU: Existing install found for update [Package:com.google.android.partnersetup, isid:3A7FzKKpS1SOmjzw_yBk3A].
04-15 12:37:44.576  1881  1881 I Finsky  : [2] XPF:User 0 is in installation, adding profile.
04-15 12:37:44.576  1396  1561 I NetworkScheduler.Stats: (REDACTED) Task %s/%s started execution. cause:%s exec_start_elapsed_seconds: %s
04-15 12:37:44.580  3387  3529 I Finsky:background: [48] IV2::DRV: install for [Package:com.google.android.partnersetup, isid:3A7FzKKpS1SOmjzw_yBk3A] not tracked by installer.
04-15 12:37:44.581  3387  3540 I Finsky:background: [52] IV2::FGCV: Foreground check passed for com.google.android.partnersetup
04-15 12:37:44.586   651   664 W libbinder.ServiceManagerCppClient: Permission failure: android.permission.ACCESS_SURFACE_FLINGER from uid=10227 pid=0
04-15 12:37:44.586   651   664 D libbinder.PermissionCache: checking android.permission.ACCESS_SURFACE_FLINGER for uid=10227 => denied (396 us)
04-15 12:37:44.590   651  1330 W libbinder.ServiceManagerCppClient: Permission failure: android.permission.ACCESS_SURFACE_FLINGER from uid=10227 pid=4559
04-15 12:37:44.590   651   664 W libbinder.ServiceManagerCppClient: Permission failure: android.permission.ROTATE_SURFACE_FLINGER from uid=10227 pid=0
04-15 12:37:44.590   651   664 D libbinder.PermissionCache: checking android.permission.ROTATE_SURFACE_FLINGER for uid=10227 => denied (3918 us)
04-15 12:37:44.590   651  1330 D libbinder.PermissionCache: checking android.permission.ACCESS_SURFACE_FLINGER for uid=10227 => denied (3973 us)
04-15 12:37:44.590   651  1330 W libbinder.ServiceManagerCppClient: Permission failure: android.permission.INTERNAL_SYSTEM_WINDOW from uid=10227 pid=4559
04-15 12:37:44.590   651  1330 D libbinder.PermissionCache: checking android.permission.INTERNAL_SYSTEM_WINDOW for uid=10227 => denied (281 us)
04-15 12:37:44.590   651   664 W libbinder.ServiceManagerCppClient: Permission failure: android.permission.INTERNAL_SYSTEM_WINDOW from uid=10227 pid=0
04-15 12:37:44.590   651   664 D libbinder.PermissionCache: checking android.permission.INTERNAL_SYSTEM_WINDOW for uid=10227 => denied (309 us)
04-15 12:37:44.600   805  2245 E SystemServiceRegistry: No service published for: persistent_data_block
04-15 12:37:44.600   805  2245 E SystemServiceRegistry: android.os.ServiceManager$ServiceNotFoundException: No service published for: persistent_data_block
04-15 12:37:44.600   805  2245 E SystemServiceRegistry: 	at android.os.ServiceManager.getServiceOrThrow(ServiceManager.java:203)
04-15 12:37:44.600   805  2245 E SystemServiceRegistry: 	at android.app.SystemServiceRegistry$86.createService(SystemServiceRegistry.java:1201)
04-15 12:37:44.600   805  2245 E SystemServiceRegistry: 	at android.app.SystemServiceRegistry$86.createService(SystemServiceRegistry.java:1198)
04-15 12:37:44.600   805  2245 E SystemServiceRegistry: 	at android.app.SystemServiceRegistry$StaticServiceFetcher.getService(SystemServiceRegistry.java:2610)
04-15 12:37:44.600   805  2245 E SystemServiceRegistry: 	at android.app.SystemServiceRegistry.getSystemService(SystemServiceRegistry.java:2063)
04-15 12:37:44.600   805  2245 E SystemServiceRegistry: 	at android.app.ContextImpl.getSystemService(ContextImpl.java:2434)
04-15 12:37:44.600   805  2245 E SystemServiceRegistry: 	at android.content.Context.getSystemService(Context.java:4901)
04-15 12:37:44.600   805  2245 E SystemServiceRegistry: 	at com.android.server.pm.PackageInstallerSession.markAsSealed(PackageInstallerSession.java:2573)
04-15 12:37:44.600   805  2245 E SystemServiceRegistry: 	at com.android.server.pm.PackageInstallerSession.commit(PackageInstallerSession.java:2323)
04-15 12:37:44.600   805  2245 E SystemServiceRegistry: 	at android.content.pm.IPackageInstallerSession$Stub.onTransact(IPackageInstallerSession.java:466)
04-15 12:37:44.600   805  2245 E SystemServiceRegistry: 	at android.os.Binder.execTransactInternal(Binder.java:1473)
04-15 12:37:44.600   805  2245 E SystemServiceRegistry: 	at android.os.Binder.execTransact(Binder.java:1418)
04-15 12:37:44.603   805  2245 E SystemServiceRegistry: Manager wrapper not available: persistent_data_block
04-15 12:37:44.614  3387  3540 I Finsky:background: [52] IV2: adding timeout to install 3
04-15 12:37:44.618  4593  4645 D WM-DelayedWorkTracker: Scheduling work 3b1daba8-9d10-4f92-b0bf-e15136cefc76
04-15 12:37:44.619  4593  4645 D WM-GreedyScheduler: Starting tracking for 3b1daba8-9d10-4f92-b0bf-e15136cefc76
04-15 12:37:44.632  4593  4623 D WM-ConstraintTracker: gcp: initial state = NetworkState(isConnected=true, isValidated=true, isMetered=false, isNotRoaming=true)
04-15 12:37:44.632  4593  4623 D WM-NetworkStateTracker: Registering network callback
04-15 12:37:44.634   805  1423 D ConnectivityService: requestNetwork for uid/pid:10146/4593 activeRequest: null callbackRequest: 200 [NetworkRequest [ REQUEST id=201, [ Capabilities: INTERNET&NOT_RESTRICTED&TRUSTED&NOT_VCN_MANAGED&NOT_BANDWIDTH_CONSTRAINED Uid: 10146 RequestorUid: 10146 RequestorPkg: com.google.android.dialer UnderlyingNetworks: Null] ]] callback flags: 0 order: 2147483647 isUidTracked: false declaredMethods: AVAIL|LOST|NC
04-15 12:37:44.635  4593  4646 D WM-GreedyScheduler: Constraints met: Scheduling work ID WorkGenerationalId(workSpecId=3b1daba8-9d10-4f92-b0bf-e15136cefc76, generation=0)
04-15 12:37:44.637  4593  4623 D WM-Processor: fzi: processing WorkGenerationalId(workSpecId=3b1daba8-9d10-4f92-b0bf-e15136cefc76, generation=0)
04-15 12:37:44.644  4593  4593 D WM-WorkerWrapper: Starting work for com.google.apps.tiktok.contrib.work.TikTokListenableWorker
04-15 12:37:44.644  4593  4638 I DialerSingletonScopedExternalsLogging: com.google.android.dialershared.externals.logging.SingletonScopedExternalsLogging.recordCallMethodInvocation:75 event: TIKTOK_WORK_EXECUTION_MONITOR_ON_WORK_STARTED, function parameters: [3b1daba8-9d10-4f92-b0bf-e15136cefc76,com.android.dialer.voicemail.service.impl.VvmTaskWorker], return value: <empty>
04-15 12:37:44.644  4593  4638 I DialerVvmTaskWorkerDelegate: com.android.dialer.voicemail.service.impl.scheduler.VvmTaskWorker$VvmTaskWorkerDelegate.executeVvmJob:191 Beginning execution of job ID: 1
04-15 12:37:44.645  4593  4638 I DialerSingletonScopedExternalsLogging: com.google.android.dialershared.externals.logging.SingletonScopedExternalsLogging.recordCallMethodInvocation:66 event: VVM_TASK_WORKER_EXECUTE_VVM_JOB, function parameters: [1], return value: <empty> [CONTEXT enable_persistent_logger=true ]
04-15 12:37:44.654  4593  4679 D WM-NetworkStateTracker: Network capabilities changed: [ Transports: WIFI Capabilities: NOT_METERED&INTERNET&NOT_RESTRICTED&TRUSTED&NOT_VPN&VALIDATED&NOT_ROAMING&FOREGROUND&NOT_CONGESTED&NOT_SUSPENDED&NOT_VCN_MANAGED&NOT_BANDWIDTH_CONSTRAINED LinkUpBandwidth>=12000Kbps LinkDnBandwidth>=30000Kbps TransportInfo: <SSID: <unknown ssid>, BSSID: 02:00:00:00:00:00, MAC: 02:00:00:00:00:00, IP: /10.0.2.16, Security type: 0, Supplicant state: COMPLETED, Wi-Fi standard: legacy, RSSI: -50, Link speed: 1Mbps, Tx Link speed: 1Mbps, Max Supported Tx Link speed: 11Mbps, Rx Link speed: 2Mbps, Max Supported Rx Link speed: 11Mbps, Frequency: 2447MHz, Net ID: -1, Metered hint: false, score: 83, isUsable: true, CarrierMerged: false, SubscriptionId: -1, IsPrimary: -1, Trusted: true, Restricted: false, Ephemeral: false, OEM paid: false, OEM private: false, OSU AP: false, FQDN: <none>, Provider friendly name: <none>, Requesting package name: <none><none>MLO Information: , Is TID-To-Link negotiation supported by the AP: false, AP MLD Address: <none>, AP MLO Link Id: <none>, AP MLO Affiliated links: <none>, Vendor Data: <none>> SignalStrength: -50 UnderlyingNetworks: Null]
04-15 12:37:44.660   805   964 D ConnectivityService: NetReassign [201 : null → 100] [c 0] [a 12] [i 8]
04-15 12:37:44.661   805   958 D WifiNetworkFactory: got request NetworkRequest [ REQUEST id=201, [ Capabilities: INTERNET&NOT_RESTRICTED&TRUSTED&NOT_VCN_MANAGED&NOT_BANDWIDTH_CONSTRAINED Uid: 10146 RequestorUid: 10146 RequestorPkg: com.google.android.dialer UnderlyingNetworks: Null] ]
04-15 12:37:44.661   805   958 D UntrustedWifiNetworkFactory: got request NetworkRequest [ REQUEST id=201, [ Capabilities: INTERNET&NOT_RESTRICTED&TRUSTED&NOT_VCN_MANAGED&NOT_BANDWIDTH_CONSTRAINED Uid: 10146 RequestorUid: 10146 RequestorPkg: com.google.android.dialer UnderlyingNetworks: Null] ]
04-15 12:37:44.664   805   958 D OemPaidWifiNetworkFactory: got request NetworkRequest [ REQUEST id=201, [ Capabilities: INTERNET&NOT_RESTRICTED&TRUSTED&NOT_VCN_MANAGED&NOT_BANDWIDTH_CONSTRAINED Uid: 10146 RequestorUid: 10146 RequestorPkg: com.google.android.dialer UnderlyingNetworks: Null] ]
04-15 12:37:44.664   805   958 D MultiInternetWifiNetworkFactory: got request NetworkRequest [ REQUEST id=201, [ Capabilities: INTERNET&NOT_RESTRICTED&TRUSTED&NOT_VCN_MANAGED&NOT_BANDWIDTH_CONSTRAINED Uid: 10146 RequestorUid: 10146 RequestorPkg: com.google.android.dialer UnderlyingNetworks: Null] ]
04-15 12:37:44.693  4593  4638 I DialerVvmExecutorImpl: com.android.dialer.voicemail.service.impl.scheduler.VvmExecutorImpl.execute:250 Beginning VVM action: UPDATE_STATUS with retryCount: 1 for ComponentInfo{com.android.phone/com.android.services.telephony.TelephonyConnectionService}, 1, UserHandle{0} [CONTEXT enable_persistent_logger=true ]
04-15 12:37:44.701   805   903 D ActivityManager: freezing 4145 com.android.providers.calendar
04-15 12:37:44.702   805   964 D InetDiagMessage: Destroyed 0 sockets, proto=IPPROTO_TCP, family=AF_INET, states=14
04-15 12:37:44.703   805   964 D InetDiagMessage: Destroyed 0 sockets, proto=IPPROTO_TCP, family=AF_INET6, states=14
04-15 12:37:44.703   805   964 D InetDiagMessage: Destroyed live tcp sockets for uids={10106} in 1ms
04-15 12:37:44.704  1600  1699 I GCM-GMS : Got GMS registration
04-15 12:37:44.714  1600  2914 I GCM-GMS : Got GMS direct boot token.
04-15 12:37:44.715  4593  4599 W .android.dialer: userfaultfd: MOVE ioctl seems unsupported: Connection timed out
04-15 12:37:44.718  1396  1561 I NetworkScheduler.Stats: (REDACTED) Task %s/%s finished executing. cause:%s result: %s elapsed_millis: %s uptime_millis: %s exec_start_elapsed_seconds: %s
04-15 12:37:44.731  4593  4638 E DialerRestVvmCarrierService: com.android.dialer.voicemail.service.impl.vvmclients.rest.RestVvmCarrierService.getMsisdn:420 Retrieved phone number in an unexpected format: +15551234567 [CONTEXT disable_client_error_logging=true ]
04-15 12:37:44.731  4593  4638 E DialerRestVvmCarrierService: adis: MEDIUM
04-15 12:37:44.731  4593  4638 E DialerRestVvmCarrierService: 	at a.dC(PG:15)
04-15 12:37:44.731  4593  4638 E DialerRestVvmCarrierService: 	at smu.apply(PG:1019)
04-15 12:37:44.731  4593  4638 E DialerRestVvmCarrierService: 	at acnt.apply(PG:13)
04-15 12:37:44.731  4593  4638 E DialerRestVvmCarrierService: 	at advm.d(PG:3)
04-15 12:37:44.731  4593  4638 E DialerRestVvmCarrierService: 	at advn.run(PG:38)
04-15 12:37:44.731  4593  4638 E DialerRestVvmCarrierService: 	at xlk.run(PG:7)
04-15 12:37:44.731  4593  4638 E DialerRestVvmCarrierService: 	at adoy.run(PG:44)
04-15 12:37:44.731  4593  4638 E DialerRestVvmCarrierService: 	at wvj.run(PG:254)
04-15 12:37:44.731  4593  4638 E DialerRestVvmCarrierService: 	at tif.run(PG:267)
04-15 12:37:44.731  4593  4638 E DialerRestVvmCarrierService: 	at java.lang.Thread.run(Thread.java:1563)
04-15 12:37:44.731  4593  4638 E DialerRestVvmCarrierService: 	at xmm.run(PG:61)
04-15 12:37:44.733  4593  4638 I DialerStatusCheck: com.android.dialer.voicemail.service.impl.vvmclients.rest.StatusCheck.updateStatus:55 updateStatus
04-15 12:37:44.734  4593  4637 I DialerLogcatLoggingBindings: com.android.dialer.logging.logcat.LogcatLoggingBindings.logImpression:54 Impression: ANDROID_API_UNEXPECTED_PHONE_NUMBER_FORMAT
04-15 12:37:44.747  1396  1561 I NetworkScheduler.Stats: (REDACTED) Task %s/%s finished executing. cause:%s result: %s elapsed_millis: %s uptime_millis: %s exec_start_elapsed_seconds: %s
04-15 12:37:44.752  4593  4632 I DialerLoggingConsentCheckerImpl: com.google.android.dialershared.logging.consent.impl.LoggingConsentCheckerImpl.getConsent:72 timer stop with success, timer present: false
04-15 12:37:44.757  4593  4638 I DialerSingletonScopedExternalsLogging: com.google.android.dialershared.externals.logging.SingletonScopedExternalsLogging.recordCallMethodInvocation:75 event: TELEPHONY_BOOTSTRAP_AUTHENTICATION_REQUEST, function parameters: [], return value: Default
04-15 12:37:44.760  4593  4638 W DialerGbaCredentialProvider: com.android.dialer.voicemail.service.impl.vvmclients.rest.GbaCredentialProvider$1.onAuthenticationFailure:93 GBA failed with reason: 1 [CONTEXT disable_client_error_logging=true ]
04-15 12:37:44.764   805  1714 E TaskPersister: File error accessing recents directory (directory doesn't exist?).
04-15 12:37:44.764  4593  4637 W DialerVvmExecutorImpl: com.android.dialer.voicemail.service.impl.scheduler.VvmExecutorImpl.executeWorkOnCarrierService:459 Could not complete vvm work with action: UPDATE_STATUS. Error: [GeneralFailureReason: UNSPECIFIED, RestFailureReason: GBA_AUTHENTICATION_FAILURE_FEATURE_NOT_SUPPORTED, OmtpFailureReason: OMTP_UNSPECIFIED] for ComponentInfo{com.android.phone/com.android.services.telephony.TelephonyConnectionService}, 1, UserHandle{0} [CONTEXT disable_client_error_logging=true enable_persistent_logger=true ]
04-15 12:37:44.765  4593  4637 I DialerVvmExecutorImpl: com.android.dialer.voicemail.service.impl.scheduler.VvmExecutorImpl.executeWork:215 VvmResult is: # sev@1db0ddb for ComponentInfo{com.android.phone/com.android.services.telephony.TelephonyConnectionService}, 1, UserHandle{0}
04-15 12:37:44.773  4593  4637 I DialerSingletonScopedExternalsLogging: com.google.android.dialershared.externals.logging.SingletonScopedExternalsLogging.recordCallMethodInvocation:75 event: TIKTOK_WORK_EXECUTION_MONITOR_ON_WORK_FINISHED, function parameters: [3b1daba8-9d10-4f92-b0bf-e15136cefc76,com.android.dialer.voicemail.service.impl.VvmTaskWorker], return value: Retry
04-15 12:37:44.773  4593  4638 I DialerLoggingConsentCheckerImpl: com.google.android.dialershared.logging.consent.impl.LoggingConsentCheckerImpl.getConsent:72 timer stop with success, timer present: false
04-15 12:37:44.775  4593  4647 I WM-WorkerWrapper: Worker result RETRY for Work [ id=3b1daba8-9d10-4f92-b0bf-e15136cefc76, tags={ com.google.apps.tiktok.contrib.work.TikTokListenableWorker,1,UPDATE_STATUS,TikTokWorker#com.android.dialer.voicemail.service.impl.VvmTaskWorker } ]
04-15 12:37:44.776  4593  4638 I DialerLoggingConsentCheckerImpl: com.google.android.dialershared.logging.consent.impl.LoggingConsentCheckerImpl.getConsent:72 timer stop with success, timer present: false
04-15 12:37:44.776  4593  4593 D WM-Processor: fzi 3b1daba8-9d10-4f92-b0bf-e15136cefc76 executed; reschedule = true
04-15 12:37:44.776  4593  4593 D WM-GreedyScheduler: Stopping tracking for WorkGenerationalId(workSpecId=3b1daba8-9d10-4f92-b0bf-e15136cefc76, generation=0)
04-15 12:37:44.780  4593  4647 D WM-GreedyScheduler: Cancelling work ID 3b1daba8-9d10-4f92-b0bf-e15136cefc76
04-15 12:37:44.782  4593  4645 D WM-DelayedWorkTracker: Scheduling work 8c49cad8-cd37-4eeb-a66f-f2234f9f6e47
04-15 12:37:44.782  4593  4645 D WM-GreedyScheduler: Starting tracking for 8c49cad8-cd37-4eeb-a66f-f2234f9f6e47
04-15 12:37:44.782  4593  4647 D WM-SystemJobScheduler: Scheduling work ID 68c3265e-c68c-453a-9e97-99b285062c70Job ID 105
04-15 12:37:44.784  4593  4647 D WM-GreedyScheduler: Ignoring {WorkSpec: d1ca10f5-dc05-4680-b1cc-e0fb72b5a38d}. Requires device idle.
04-15 12:37:44.784  4593  4647 D WM-GreedyScheduler: Ignoring {WorkSpec: 10e0156e-a440-4885-a9f0-9fef77edbfcf}. Requires device idle.
04-15 12:37:44.784  4593  4647 D WM-GreedyScheduler: Ignoring {WorkSpec: 2baaa342-3cf1-440b-b38b-a8be16c640be}. Requires device idle.
04-15 12:37:44.784  4593  4647 D WM-GreedyScheduler: Ignoring {WorkSpec: d2d1fc02-9d1c-47c4-ad96-e4867786f02d}. Requires device idle.
04-15 12:37:44.784  4593  4647 D WM-GreedyScheduler: Ignoring {WorkSpec: 00a51133-fa1a-481d-81b4-bdfdf38ee132}. Requires device idle.
04-15 12:37:44.784  4593  4647 D WM-GreedyScheduler: Ignoring {WorkSpec: a624ca53-9a52-4671-a953-71a26cb4228a}. Requires device idle.
04-15 12:37:44.784  4593  4647 D WM-GreedyScheduler: Ignoring {WorkSpec: 324967b3-db0e-47a8-a8e0-598f68552aed}. Requires device idle.
04-15 12:37:44.784  4593  4647 D WM-GreedyScheduler: Ignoring {WorkSpec: 3cef1c4e-6599-4604-8f2f-e4662d898414}. Requires device idle.
04-15 12:37:44.784  4593  4647 D WM-GreedyScheduler: Starting tracking for 8c49cad8-cd37-4eeb-a66f-f2234f9f6e47
04-15 12:37:44.784  4593  4647 D WM-NetworkStateTracker: Unregistering network callback
04-15 12:37:44.795  4593  4644 D WM-ConstraintTracker: gcp: initial state = NetworkState(isConnected=true, isValidated=true, isMetered=false, isNotRoaming=true)
04-15 12:37:44.795  4593  4644 D WM-NetworkStateTracker: Registering network callback
04-15 12:37:44.796   805  1861 D ConnectivityService: requestNetwork for uid/pid:10146/4593 activeRequest: null callbackRequest: 202 [NetworkRequest [ REQUEST id=203, [ Capabilities: INTERNET&NOT_RESTRICTED&TRUSTED&NOT_VCN_MANAGED&NOT_BANDWIDTH_CONSTRAINED Uid: 10146 RequestorUid: 10146 RequestorPkg: com.google.android.dialer UnderlyingNetworks: Null] ]] callback flags: 0 order: 2147483647 isUidTracked: false declaredMethods: AVAIL|LOST|NC
04-15 12:37:44.797  4593  4644 D WM-GreedyScheduler: Constraints met: Scheduling work ID WorkGenerationalId(workSpecId=8c49cad8-cd37-4eeb-a66f-f2234f9f6e47, generation=0)
04-15 12:37:44.797  4593  4679 D WM-NetworkStateTracker: Network capabilities changed: [ Transports: WIFI Capabilities: NOT_METERED&INTERNET&NOT_RESTRICTED&TRUSTED&NOT_VPN&VALIDATED&NOT_ROAMING&FOREGROUND&NOT_CONGESTED&NOT_SUSPENDED&NOT_VCN_MANAGED&NOT_BANDWIDTH_CONSTRAINED LinkUpBandwidth>=12000Kbps LinkDnBandwidth>=30000Kbps TransportInfo: <SSID: <unknown ssid>, BSSID: 02:00:00:00:00:00, MAC: 02:00:00:00:00:00, IP: /10.0.2.16, Security type: 0, Supplicant state: COMPLETED, Wi-Fi standard: legacy, RSSI: -50, Link speed: 1Mbps, Tx Link speed: 1Mbps, Max Supported Tx Link speed: 11Mbps, Rx Link speed: 2Mbps, Max Supported Rx Link speed: 11Mbps, Frequency: 2447MHz, Net ID: -1, Metered hint: false, score: 83, isUsable: true, CarrierMerged: false, SubscriptionId: -1, IsPrimary: -1, Trusted: true, Restricted: false, Ephemeral: false, OEM paid: false, OEM private: false, OSU AP: false, FQDN: <none>, Provider friendly name: <none>, Requesting package name: <none><none>MLO Information: , Is TID-To-Link negotiation supported by the AP: false, AP MLD Address: <none>, AP MLO Link Id: <none>, AP MLO Affiliated links: <none>, Vendor Data: <none>> SignalStrength: -50 UnderlyingNetworks: Null]
04-15 12:37:44.798   805   964 D ConnectivityService: NetReassign [203 : null → 100] [c 0] [a 0] [i 2]
04-15 12:37:44.798   805   958 D WifiNetworkFactory: got request NetworkRequest [ REQUEST id=203, [ Capabilities: INTERNET&NOT_RESTRICTED&TRUSTED&NOT_VCN_MANAGED&NOT_BANDWIDTH_CONSTRAINED Uid: 10146 RequestorUid: 10146 RequestorPkg: com.google.android.dialer UnderlyingNetworks: Null] ]
04-15 12:37:44.798   805   958 D UntrustedWifiNetworkFactory: got request NetworkRequest [ REQUEST id=203, [ Capabilities: INTERNET&NOT_RESTRICTED&TRUSTED&NOT_VCN_MANAGED&NOT_BANDWIDTH_CONSTRAINED Uid: 10146 RequestorUid: 10146 RequestorPkg: com.google.android.dialer UnderlyingNetworks: Null] ]
04-15 12:37:44.798   805   958 D OemPaidWifiNetworkFactory: got request NetworkRequest [ REQUEST id=203, [ Capabilities: INTERNET&NOT_RESTRICTED&TRUSTED&NOT_VCN_MANAGED&NOT_BANDWIDTH_CONSTRAINED Uid: 10146 RequestorUid: 10146 RequestorPkg: com.google.android.dialer UnderlyingNetworks: Null] ]
04-15 12:37:44.798   805   958 D MultiInternetWifiNetworkFactory: got request NetworkRequest [ REQUEST id=203, [ Capabilities: INTERNET&NOT_RESTRICTED&TRUSTED&NOT_VCN_MANAGED&NOT_BANDWIDTH_CONSTRAINED Uid: 10146 RequestorUid: 10146 RequestorPkg: com.google.android.dialer UnderlyingNetworks: Null] ]
04-15 12:37:44.800  4593  4623 D WM-Processor: fzi: processing WorkGenerationalId(workSpecId=8c49cad8-cd37-4eeb-a66f-f2234f9f6e47, generation=0)
04-15 12:37:44.803  1396  1396 D BoundBrokerSvc: onRebind: Intent { act=com.google.android.gms.scheduler.standalone.housekeeping.HousekeepingTrainTaskService.ACTION_TASK_READY dat=chimera-action:/... xflg=0x4 cmp=com.google.android.gms/.chimera.PersistentInternalBoundBrokerService }
04-15 12:37:44.804  1396  2422 I NetworkScheduler.Stats: (REDACTED) Task %s/%s started execution. cause:%s exec_start_elapsed_seconds: %s
04-15 12:37:44.804  4593  4593 D WM-WorkerWrapper: Starting work for com.google.apps.tiktok.contrib.work.TikTokListenableWorker
04-15 12:37:44.805  4593  4638 I DialerSingletonScopedExternalsLogging: com.google.android.dialershared.externals.logging.SingletonScopedExternalsLogging.recordCallMethodInvocation:75 event: TIKTOK_WORK_EXECUTION_MONITOR_ON_WORK_STARTED, function parameters: [8c49cad8-cd37-4eeb-a66f-f2234f9f6e47,com.android.dialer.voicemail.service.impl.VvmTaskWorker], return value: <empty>
04-15 12:37:44.805  4593  4637 I DialerVvmTaskWorkerDelegate: com.android.dialer.voicemail.service.impl.scheduler.VvmTaskWorker$VvmTaskWorkerDelegate.executeVvmJob:191 Beginning execution of job ID: 0
04-15 12:37:44.805  4593  4637 I DialerSingletonScopedExternalsLogging: com.google.android.dialershared.externals.logging.SingletonScopedExternalsLogging.recordCallMethodInvocation:66 event: VVM_TASK_WORKER_EXECUTE_VVM_JOB, function parameters: [0], return value: <empty> [CONTEXT enable_persistent_logger=true ]
04-15 12:37:44.812  1396  3024 I NetworkScheduler.Stats: (REDACTED) Task %s/%s started execution. cause:%s exec_start_elapsed_seconds: %s
04-15 12:37:44.838  1396  1633 I NetworkScheduler.Stats: (REDACTED) Task %s/%s started execution. cause:%s exec_start_elapsed_seconds: %s
04-15 12:37:44.846  1396  3024 I NetworkScheduler.Stats: (REDACTED) HousekeepingTask %s/%s finished executing. cause:%s result: %s elapsed_millis: %s uptime_millis: %s exec_start_elapsed_seconds: %s
04-15 12:37:44.870  4593  4641 I DialerVvmExecutorImpl: com.android.dialer.voicemail.service.impl.scheduler.VvmExecutorImpl.execute:250 Beginning VVM action: ACTIVATE with retryCount: 1 for ComponentInfo{com.android.phone/com.android.services.telephony.TelephonyConnectionService}, 1, UserHandle{0} [CONTEXT enable_persistent_logger=true ]
04-15 12:37:44.872  1600  1600 D BoundBrokerSvc: onBind: Intent { act=com.google.android.gms.smartdevice.logging.CleanBufferedLogsService.ACTION_TASK_READY dat=chimera-action:/... xflg=0x4 cmp=com.google.android.gms/.chimera.GmsInternalBoundBrokerService }
04-15 12:37:44.872  1600  1600 D BoundBrokerSvc: Loading bound service for intent: Intent { act=com.google.android.gms.smartdevice.logging.CleanBufferedLogsService.ACTION_TASK_READY dat=chimera-action:/... xflg=0x4 cmp=com.google.android.gms/.chimera.GmsInternalBoundBrokerService }
04-15 12:37:44.876   805  1861 W libbinder.ServiceManagerCppClient: Permission failure: android.permission.ACCESS_SURFACE_FLINGER from uid=10227 pid=0
04-15 12:37:44.876   805  1861 D libbinder.PermissionCache: checking android.permission.ACCESS_SURFACE_FLINGER for uid=10227 => denied (168 us)
04-15 12:37:44.876   805  1861 W libbinder.ServiceManagerCppClient: Permission failure: android.permission.ROTATE_SURFACE_FLINGER from uid=10227 pid=0
04-15 12:37:44.876   805  1861 D libbinder.PermissionCache: checking android.permission.ROTATE_SURFACE_FLINGER for uid=10227 => denied (21 us)
04-15 12:37:44.876   805  1861 W libbinder.ServiceManagerCppClient: Permission failure: android.permission.INTERNAL_SYSTEM_WINDOW from uid=10227 pid=0
04-15 12:37:44.876   805  1861 D libbinder.PermissionCache: checking android.permission.INTERNAL_SYSTEM_WINDOW for uid=10227 => denied (7 us)
04-15 12:37:44.883  1396  1633 I NetworkScheduler.Stats: (REDACTED) Task %s/%s started execution. cause:%s exec_start_elapsed_seconds: %s
04-15 12:37:44.888  1600  2914 I SmartDevice: [CleanBufferedLogsService] Running task upload_buffered_logs_periodic
04-15 12:37:44.888  4559  4575 I HWUI    : Davey! duration=1133ms; Flags=1, FrameTimelineVsyncId=6698, IntendedVsync=71217571558, Vsync=71234238224, InputEventId=0, HandleInputStart=71237837438, AnimationStart=71237838973, PerformTraversalsStart=71237839559, DrawStart=72164799548, FrameDeadline=71234238224, FrameStartTime=71237665029, FrameInterval=16666666, WorkloadTarget=16666666, SyncQueued=72210561625, SyncStart=72211386008, IssueDrawCommandsStart=72213440894, SwapBuffers=72340688505, FrameCompleted=72351606238, DequeueBufferDuration=5479, QueueBufferDuration=260988, GpuCompleted=72351606238, SwapBuffersCompleted=72343403540, DisplayPresentTime=0, CommandSubmissionCompleted=72340688505, 
04-15 12:37:44.899  1600  2914 I ConsentLogging: [LoggingStore] No events available for subdirectory
04-15 12:37:44.899  1600  2914 W SmartDevice: [SmartDeviceBufferedLogs] No buffered logs for source SMART_SETUP after SUW is complete
04-15 12:37:44.900  1600  2914 I ConsentLogging: [LoggingStore] No events available for subdirectory
04-15 12:37:44.900  1600  2914 W SmartDevice: [SmartDeviceBufferedLogs] No buffered logs for source ANDROID_AUTH after SUW is complete
04-15 12:37:44.905  4593  4641 E DialerRestVvmCarrierService: com.android.dialer.voicemail.service.impl.vvmclients.rest.RestVvmCarrierService.getMsisdn:420 Retrieved phone number in an unexpected format: +15551234567 [CONTEXT disable_client_error_logging=true ]
04-15 12:37:44.905  4593  4641 E DialerRestVvmCarrierService: adis: MEDIUM
04-15 12:37:44.905  4593  4641 E DialerRestVvmCarrierService: 	at a.dC(PG:15)
04-15 12:37:44.905  4593  4641 E DialerRestVvmCarrierService: 	at smu.apply(PG:1019)
04-15 12:37:44.905  4593  4641 E DialerRestVvmCarrierService: 	at acnt.apply(PG:13)
04-15 12:37:44.905  4593  4641 E DialerRestVvmCarrierService: 	at advm.d(PG:3)
04-15 12:37:44.905  4593  4641 E DialerRestVvmCarrierService: 	at advn.run(PG:38)
04-15 12:37:44.905  4593  4641 E DialerRestVvmCarrierService: 	at xlk.run(PG:7)
04-15 12:37:44.905  4593  4641 E DialerRestVvmCarrierService: 	at adoy.run(PG:44)
04-15 12:37:44.905  4593  4641 E DialerRestVvmCarrierService: 	at wvj.run(PG:254)
04-15 12:37:44.905  4593  4641 E DialerRestVvmCarrierService: 	at tif.run(PG:267)
04-15 12:37:44.905  4593  4641 E DialerRestVvmCarrierService: 	at java.lang.Thread.run(Thread.java:1563)
04-15 12:37:44.905  4593  4641 E DialerRestVvmCarrierService: 	at xmm.run(PG:61)
04-15 12:37:44.906  1396  2805 I NetworkScheduler.Stats: (REDACTED) HousekeepingTask %s/%s finished executing. cause:%s result: %s elapsed_millis: %s uptime_millis: %s exec_start_elapsed_seconds: %s
04-15 12:37:44.908  1600  1600 D BoundBrokerSvc: onUnbind: Intent { act=com.google.android.gms.smartdevice.logging.CleanBufferedLogsService.ACTION_TASK_READY dat=chimera-action:/... xflg=0x4 cmp=com.google.android.gms/.chimera.GmsInternalBoundBrokerService }
04-15 12:37:44.909  4593  4641 I DialerVvmActivation: com.android.dialer.voicemail.service.impl.vvmclients.rest.VvmActivation.activate:73 activate
04-15 12:37:44.910  4593  4632 I DialerLogcatLoggingBindings: com.android.dialer.logging.logcat.LogcatLoggingBindings.logImpression:54 Impression: ANDROID_API_UNEXPECTED_PHONE_NUMBER_FORMAT
04-15 12:37:44.912  4593  4638 W DialerGbaCredentialProvider: com.android.dialer.voicemail.service.impl.vvmclients.rest.GbaCredentialProvider$1.onAuthenticationFailure:93 GBA failed with reason: 1 [CONTEXT disable_client_error_logging=true ]
04-15 12:37:44.912  4593  4641 I DialerSingletonScopedExternalsLogging: com.google.android.dialershared.externals.logging.SingletonScopedExternalsLogging.recordCallMethodInvocation:75 event: TELEPHONY_BOOTSTRAP_AUTHENTICATION_REQUEST, function parameters: [], return value: Default
04-15 12:37:44.914  4559  4559 I Choreographer: Skipped 62 frames!  The application may be doing too much work on its main thread.
04-15 12:37:44.916   805   828 I ActivityTaskManager: Displayed com.novacut.editor/.MainActivity for user 0: +3s917ms
04-15 12:37:44.918  4593  4641 W DialerVvmExecutorImpl: com.android.dialer.voicemail.service.impl.scheduler.VvmExecutorImpl.executeWorkOnCarrierService:459 Could not complete vvm work with action: ACTIVATE. Error: [GeneralFailureReason: UNSPECIFIED, RestFailureReason: GBA_AUTHENTICATION_FAILURE_FEATURE_NOT_SUPPORTED, OmtpFailureReason: OMTP_UNSPECIFIED] for ComponentInfo{com.android.phone/com.android.services.telephony.TelephonyConnectionService}, 1, UserHandle{0} [CONTEXT disable_client_error_logging=true enable_persistent_logger=true ]
04-15 12:37:44.919  4593  4641 I DialerVvmExecutorImpl: com.android.dialer.voicemail.service.impl.scheduler.VvmExecutorImpl.executeWork:215 VvmResult is: # sev@1db0ddb for ComponentInfo{com.android.phone/com.android.services.telephony.TelephonyConnectionService}, 1, UserHandle{0}
04-15 12:37:44.923  1396  1406 W .gms.persistent: Suspending all threads took: 8.753ms
04-15 12:37:44.923  2396  2402 W .adservices.api: userfaultfd: MOVE ioctl seems unsupported: Connection timed out
04-15 12:37:44.931  4593  4632 I DialerSingletonScopedExternalsLogging: com.google.android.dialershared.externals.logging.SingletonScopedExternalsLogging.recordCallMethodInvocation:75 event: TIKTOK_WORK_EXECUTION_MONITOR_ON_WORK_FINISHED, function parameters: [8c49cad8-cd37-4eeb-a66f-f2234f9f6e47,com.android.dialer.voicemail.service.impl.VvmTaskWorker], return value: Retry
04-15 12:37:44.935  1396  1713 I .gms.persistent: IncrementDisableThreadFlip blocked for 9.336ms
04-15 12:37:44.938  4593  4632 I DialerLoggingConsentCheckerImpl: com.google.android.dialershared.logging.consent.impl.LoggingConsentCheckerImpl.getConsent:72 timer stop with success, timer present: false
04-15 12:37:44.941  4593  4644 I WM-WorkerWrapper: Worker result RETRY for Work [ id=8c49cad8-cd37-4eeb-a66f-f2234f9f6e47, tags={ com.google.apps.tiktok.contrib.work.TikTokListenableWorker,1,ACTIVATE,TikTokWorker#com.android.dialer.voicemail.service.impl.VvmTaskWorker } ]
04-15 12:37:44.943  1396  1633 I NetworkScheduler.Stats: (REDACTED) Task %s/%s started execution. cause:%s exec_start_elapsed_seconds: %s
04-15 12:37:44.944  4593  4637 I DialerLoggingConsentCheckerImpl: com.google.android.dialershared.logging.consent.impl.LoggingConsentCheckerImpl.getConsent:72 timer stop with success, timer present: false
04-15 12:37:44.946  4593  4637 I DialerLoggingConsentCheckerImpl: com.google.android.dialershared.logging.consent.impl.LoggingConsentCheckerImpl.getConsent:72 timer stop with success, timer present: false
04-15 12:37:44.949  4593  4593 D WM-Processor: fzi 8c49cad8-cd37-4eeb-a66f-f2234f9f6e47 executed; reschedule = true
04-15 12:37:44.949  4593  4593 D WM-GreedyScheduler: Stopping tracking for WorkGenerationalId(workSpecId=8c49cad8-cd37-4eeb-a66f-f2234f9f6e47, generation=0)
04-15 12:37:44.950  4593  4644 D WM-GreedyScheduler: Cancelling work ID 8c49cad8-cd37-4eeb-a66f-f2234f9f6e47
04-15 12:37:44.959  4593  4644 D WM-GreedyScheduler: Ignoring {WorkSpec: d1ca10f5-dc05-4680-b1cc-e0fb72b5a38d}. Requires device idle.
04-15 12:37:44.959  4593  4644 D WM-GreedyScheduler: Ignoring {WorkSpec: 10e0156e-a440-4885-a9f0-9fef77edbfcf}. Requires device idle.
04-15 12:37:44.959  4593  4644 D WM-GreedyScheduler: Ignoring {WorkSpec: 2baaa342-3cf1-440b-b38b-a8be16c640be}. Requires device idle.
04-15 12:37:44.959  4593  4644 D WM-GreedyScheduler: Ignoring {WorkSpec: d2d1fc02-9d1c-47c4-ad96-e4867786f02d}. Requires device idle.
04-15 12:37:44.959  4593  4644 D WM-GreedyScheduler: Ignoring {WorkSpec: 00a51133-fa1a-481d-81b4-bdfdf38ee132}. Requires device idle.
04-15 12:37:44.959  4593  4644 D WM-GreedyScheduler: Ignoring {WorkSpec: a624ca53-9a52-4671-a953-71a26cb4228a}. Requires device idle.
04-15 12:37:44.959  4593  4644 D WM-GreedyScheduler: Ignoring {WorkSpec: 324967b3-db0e-47a8-a8e0-598f68552aed}. Requires device idle.
04-15 12:37:44.959  4593  4644 D WM-GreedyScheduler: Ignoring {WorkSpec: 3cef1c4e-6599-4604-8f2f-e4662d898414}. Requires device idle.
04-15 12:37:44.961   805   924 I ImeTracker: com.novacut.editor:dfa9058d: onRequestHide at ORIGIN_SERVER reason HIDE_UNSPECIFIED_WINDOW fromUser false
04-15 12:37:44.961  4593  4644 D WM-NetworkStateTracker: Unregistering network callback
04-15 12:37:44.972  4559  4575 I HWUI    : Davey! duration=1094ms; Flags=0, FrameTimelineVsyncId=6721, IntendedVsync=71334238220, Vsync=72367571512, InputEventId=0, HandleInputStart=72385055248, AnimationStart=72385056199, PerformTraversalsStart=72409068357, DrawStart=72409238007, FrameDeadline=72384238178, FrameStartTime=72383362419, FrameInterval=16666666, WorkloadTarget=16666666, SyncQueued=72412742030, SyncStart=72412898110, IssueDrawCommandsStart=72412951331, SwapBuffers=72415020745, FrameCompleted=72429271419, DequeueBufferDuration=4174, QueueBufferDuration=12977323, GpuCompleted=72428812850, SwapBuffersCompleted=72429271419, DisplayPresentTime=0, CommandSubmissionCompleted=72415020745, 
04-15 12:37:44.973  1206  1206 D BaseActivity: Launcher flags updated: [] -[state_started]
04-15 12:37:44.973  1206  1206 D BaseDepthController: setSurface:
04-15 12:37:44.973  1206  1206 D BaseDepthController: 	mWaitingOnSurfaceValidity: false
04-15 12:37:44.973  1206  1206 D BaseDepthController: 	mBaseSurface: null
04-15 12:37:44.973  1206  1206 D BaseDepthController: mSurface is null and mCurrentBlur is: 0
04-15 12:37:44.978  1600  1600 D BoundBrokerSvc: onBind: Intent { act=com.google.android.gms.semanticlocationhistory.pulp.PulpMddMaintenanceService.ACTION_TASK_READY dat=chimera-action:/... xflg=0x4 cmp=com.google.android.gms/.chimera.GmsInternalBoundBrokerService }
04-15 12:37:44.978  1600  1600 D BoundBrokerSvc: Loading bound service for intent: Intent { act=com.google.android.gms.semanticlocationhistory.pulp.PulpMddMaintenanceService.ACTION_TASK_READY dat=chimera-action:/... xflg=0x4 cmp=com.google.android.gms/.chimera.GmsInternalBoundBrokerService }
04-15 12:37:44.978  1396  2805 I NetworkScheduler.Stats: (REDACTED) HousekeepingTask %s/%s finished executing. cause:%s result: %s elapsed_millis: %s uptime_millis: %s exec_start_elapsed_seconds: %s
04-15 12:37:44.981  4559  4559 D InsetsController: hide(ime())
04-15 12:37:44.982  4559  4559 I ImeTracker: com.novacut.editor:dfa9058d: onCancelled at PHASE_CLIENT_ALREADY_HIDDEN
04-15 12:37:44.987  1206  1206 D LauncherStateManager: StateManager.goToState: fromState: Normal, toState: Normal, partial trace:
04-15 12:37:44.987  1206  1206 D LauncherStateManager: 	at com.android.launcher3.statemanager.StateManager.moveToRestState(go/retraceme f3a19d912c87c27267cfbc05ba0bc7b202ab72a6648bd76225f5f7e128d94583:6)
04-15 12:37:44.987  1206  1206 D LauncherStateManager: 	at com.android.launcher3.statemanager.StateManager.moveToRestState(go/retraceme f3a19d912c87c27267cfbc05ba0bc7b202ab72a6648bd76225f5f7e128d94583:2)
04-15 12:37:44.987  1206  1206 D LauncherStateManager: 	at com.android.launcher3.statemanager.StatefulActivity.onStop(go/retraceme f3a19d912c87c27267cfbc05ba0bc7b202ab72a6648bd76225f5f7e128d94583:32)
04-15 12:37:44.987  1206  1206 D LauncherStateManager: StateManager.onRepeatStateSetAborted: state: Normal
04-15 12:37:44.988   805  1777 I ImeTracker: system_server:7d0c65c1: onRequestHide at ORIGIN_SERVER reason IME_REQUESTED_CHANGED_LISTENER fromUser false
