04-15 12:37:44.989  1206  1206 D ActivityContext: hideKeyboard
04-15 12:37:44.989  1206  1206 D ActivityContext: isImeShown: false
04-15 12:37:44.990  1206  1206 D StatsLog: LAUNCHER_ONSTOP
04-15 12:37:44.990   805   831 I ImeTracker: system_server:7d0c65c1: onCancelled at PHASE_SERVER_SHOULD_HIDE
04-15 12:37:44.993  1206  1206 D StatsLog: LAUNCHER_GOOGLE_SEARCH_RESTORE_LIST_SIZE_AFTER_ACTIVITY_RESTART
04-15 12:37:44.995  1522  1522 I GoogleInputMethodService: GoogleInputMethodService.onFinishInput():2057 
04-15 12:37:44.996  1396  2805 I NetworkScheduler.Stats: (REDACTED) Task %s/%s started execution. cause:%s exec_start_elapsed_seconds: %s
04-15 12:37:45.009  1396  2069 I FontLog : (REDACTED) Received query %s, URI %s
04-15 12:37:45.009  1396  2069 I FontLog : (REDACTED) Query [%s] resolved to %s
04-15 12:37:45.019   805  1011 D BackgroundInstallControlService: Package event received: 0
04-15 12:37:45.032  1522  1522 I Module  : DeviceLockedStatusModuleProvider$Module.updateDeviceLockedStatus():100 repeatCheckTimes = 0, locked = false
04-15 12:37:45.033  1522  1522 I GoogleInputMethodService: GoogleInputMethodService.onStartInput():1318 onStartInput(EditorInfo{EditorInfo{packageName=com.novacut.editor, inputType=0, inputTypeString=NULL, enableLearning=false, autoCorrection=false, autoComplete=false, imeOptions=0, privateImeOptions=null, actionName=UNSPECIFIED, actionLabel=null, initialSelStart=-1, initialSelEnd=-1, initialCapsMode=0, label=null, fieldId=0, fieldName=null, extras=null, hintText=null, hintLocales=[]}}, false)
04-15 12:37:45.050  1396  2069 I FontLog : (REDACTED) Fetch %s end status %s
04-15 12:37:45.056  1396  2069 I FontLog : (REDACTED) Pulling font file for id = %d, cache size = %d
04-15 12:37:45.058  1522  1522 I Module  : DeviceLockedStatusModuleProvider$Module.updateDeviceLockedStatus():100 repeatCheckTimes = 1, locked = false
04-15 12:37:45.064  1396  3024 I NetworkScheduler.Stats: (REDACTED) Task %s/%s started execution. cause:%s exec_start_elapsed_seconds: %s
04-15 12:37:45.065   805   823 W PackageConfigPersister: App-specific configuration not found for packageName: com.novacut.editor and userId: 0
04-15 12:37:45.068  1396  2805 I NetworkScheduler.Stats: (REDACTED) HousekeepingTask %s/%s finished executing. cause:%s result: %s elapsed_millis: %s uptime_millis: %s exec_start_elapsed_seconds: %s
04-15 12:37:45.090  1396  2069 I FontLog : (REDACTED) Pulling font file for id = %d, cache size = %d
04-15 12:37:45.093   805  2084 D CompatChangeReporter: Compat change id reported: 319212206; UID 10227; state: ENABLED
04-15 12:37:45.097  1396  1406 W .gms.persistent: Suspending all threads took: 5.522ms
04-15 12:37:45.105   805   964 D ConnectivityService: NetReassign [no changes] [c 0] [a 4] [i 7]
04-15 12:37:45.142  1396  2805 I NetworkScheduler.Stats: (REDACTED) Task %s/%s started execution. cause:%s exec_start_elapsed_seconds: %s
04-15 12:37:45.145  1881  1881 I Finsky  : [2] SCH: job service start with id 9983.
04-15 12:37:45.161  1881  2446 I Finsky  : [60] SCH: Satisfied jobs for 9983 are: 12-1
04-15 12:37:45.165  1396  1633 I NetworkScheduler.Stats: (REDACTED) HousekeepingTask %s/%s finished executing. cause:%s result: %s elapsed_millis: %s uptime_millis: %s exec_start_elapsed_seconds: %s
04-15 12:37:45.165  1600  1600 D BoundBrokerSvc: onUnbind: Intent { act=com.google.android.gms.semanticlocationhistory.pulp.PulpMddMaintenanceService.ACTION_TASK_READY dat=chimera-action:/... xflg=0x4 cmp=com.google.android.gms/.chimera.GmsInternalBoundBrokerService }
04-15 12:37:45.186  1600  1600 D BoundBrokerSvc: onBind: Intent { act=com.google.android.gms.semanticlocationhistory.pulp.PulpMddDownloadScheduleService.ACTION_TASK_READY dat=chimera-action:/... xflg=0x4 cmp=com.google.android.gms/.chimera.GmsInternalBoundBrokerService }
04-15 12:37:45.186  1600  1600 D BoundBrokerSvc: Loading bound service for intent: Intent { act=com.google.android.gms.semanticlocationhistory.pulp.PulpMddDownloadScheduleService.ACTION_TASK_READY dat=chimera-action:/... xflg=0x4 cmp=com.google.android.gms/.chimera.GmsInternalBoundBrokerService }
04-15 12:37:45.192  1396  2805 I NetworkScheduler.Stats: (REDACTED) Task %s/%s started execution. cause:%s exec_start_elapsed_seconds: %s
04-15 12:37:45.200  1881  2547 I Finsky  : [64] SCH: Job 12-1 starting
04-15 12:37:45.201  1881  1881 I Finsky  : [2] WM::SCH: Logging work start for 12-1
04-15 12:37:45.211  1396  2805 I NetworkScheduler.Stats: (REDACTED) HousekeepingTask %s/%s finished executing. cause:%s result: %s elapsed_millis: %s uptime_millis: %s exec_start_elapsed_seconds: %s
04-15 12:37:45.211  1881  1881 I Finsky  : [2] [ContentSync] job started
04-15 12:37:45.223  1600  1600 D BoundBrokerSvc: onUnbind: Intent { act=com.google.android.gms.semanticlocationhistory.pulp.PulpMddDownloadScheduleService.ACTION_TASK_READY dat=chimera-action:/... xflg=0x4 cmp=com.google.android.gms/.chimera.GmsInternalBoundBrokerService }
04-15 12:37:45.224  1396  2805 I NetworkScheduler.Stats: (REDACTED) HousekeepingTask %s/%s finished executing. cause:%s result: %s elapsed_millis: %s uptime_millis: %s exec_start_elapsed_seconds: %s
04-15 12:37:45.277  4559  4691 W HWUI    : Failed to choose config with EGL_SWAP_BEHAVIOR_PRESERVED, retrying without...
04-15 12:37:45.277  4559  4691 W HWUI    : Failed to initialize 101010-2 format, error = EGL_SUCCESS
04-15 12:37:45.296  1881  2010 I android.vending: Waiting for a blocking GC ProfileSaver
04-15 12:37:45.311  1881  4688 I Finsky  : [155] App states replicator found 6 unowned apps
04-15 12:37:45.340   276   276 I lowmemorykiller: Kill 'com.google.android.deskclock' (2728), uid 10172, oom_score_adj 985 to free 67564kB rss, 40616kB swap, 0kB dmabuf_pss, 0kB dmabuf_rss; reason: low watermark is breached
04-15 12:37:45.343  1881  1892 W android.vending: Missing inline cache for java.lang.Object ocm.apply(java.lang.Object)
04-15 12:37:45.344  1881  1892 W android.vending: Missing inline cache for java.lang.Object ocm.apply(java.lang.Object)
04-15 12:37:45.344  1881  1892 W android.vending: Missing inline cache for java.lang.Object ocm.apply(java.lang.Object)
04-15 12:37:45.344  1881  1892 W android.vending: Missing inline cache for java.lang.Object ocm.apply(java.lang.Object)
04-15 12:37:45.344  1881  1892 W android.vending: Missing inline cache for java.lang.Object ocm.apply(java.lang.Object)
04-15 12:37:45.344  1881  1892 W android.vending: Missing inline cache for java.lang.Object ocm.apply(java.lang.Object)
04-15 12:37:45.344  1881  1892 W android.vending: Missing inline cache for java.lang.Object ocm.apply(java.lang.Object)
04-15 12:37:45.344  1881  1892 W android.vending: Missing inline cache for java.lang.Object ocm.apply(java.lang.Object)
04-15 12:37:45.344  1881  1892 W android.vending: Missing inline cache for java.lang.Object ocm.apply(java.lang.Object)
04-15 12:37:45.344  1881  1892 W android.vending: Missing inline cache for java.lang.Object ocm.apply(java.lang.Object)
04-15 12:37:45.348   276   281 E lowmemorykiller: process_mrelease 2728 failed: No such process
04-15 12:37:45.355   708   708 W libbinder.IPCThreadState: Sending oneway calls to frozen process.
04-15 12:37:45.362  1396  2805 I NetworkScheduler.Stats: (REDACTED) Task %s/%s started execution. cause:%s exec_start_elapsed_seconds: %s
04-15 12:37:45.365  1396  1633 I Auth    : (REDACTED) [GcmTaskChimeraService] Sync reported at %s has status of %s.
04-15 12:37:45.370  1881  2331 I Finsky  : [54] Completed 0 account content syncs with 0 successful.
04-15 12:37:45.370   581   581 I Zygote  : Process 2728 exited due to signal 9 (Killed)
04-15 12:37:45.371  1881  1881 I Finsky  : [2] [ContentSync] Installation state replication succeeded.
04-15 12:37:45.371   276   276 I lowmemorykiller: Kill 'com.google.android.partnersetup' (3630), uid 10152, oom_score_adj 975 to free 70272kB rss, 36624kB swap, 0kB dmabuf_pss, 0kB dmabuf_rss; reason: low watermark is breached
04-15 12:37:45.371  1881  1881 I Finsky  : [2] SCH: jobFinished: 12-1. TimeElapsed: 170ms.
04-15 12:37:45.371  1881  1881 I Finsky  : [2] WM::SCH: Logging work end for 12-1
04-15 12:37:45.371   805  2084 I ActivityManager: Process com.google.android.deskclock (pid 2728) has died: cch  +85 CEM 
04-15 12:37:45.372  1881  2010 I android.vending: WaitForGcToComplete blocked ProfileSaver on Background for 75.804ms
04-15 12:37:45.383   805   840 I libprocessgroup: Removed cgroup /sys/fs/cgroup/apps/uid_10172/pid_2728
04-15 12:37:45.407  1600  1600 D BoundBrokerSvc: onUnbind: Intent { act=com.google.android.gms.onboardingconsent.api.ConsentManagerApiService.START dat=chimera-action:/... xflg=0x4 cmp=com.google.android.gms/.chimera.GmsApiService }
04-15 12:37:45.407  1396  2805 I NetworkScheduler.Stats: (REDACTED) HousekeepingTask %s/%s finished executing. cause:%s result: %s elapsed_millis: %s uptime_millis: %s exec_start_elapsed_seconds: %s
04-15 12:37:45.415   581   581 I Zygote  : Process 3630 exited due to signal 9 (Killed)
04-15 12:37:45.416  1881  2370 I Finsky  : [56] SCH: Scheduling phonesky job Id: 1-1337, CT: 1776271040722, Constraints: [{ L: 40061986, D: 83261986, C: CHARGING_NONE, I: IDLE_NONE, N: NET_ANY, B: BATTERY_ANY }]
04-15 12:37:45.416  1881  2370 I Finsky  : [56] SCH: Scheduling phonesky job Id: 10-26, CT: 1776271039662, Constraints: [{ L: 600000, D: 86400000, C: CHARGING_NONE, I: IDLE_NONE, N: NET_ANY, B: BATTERY_ANY }]
04-15 12:37:45.419   805   879 I ActivityManager: Process com.google.android.partnersetup (pid 3630) has died: cch  +75 CEM 
04-15 12:37:45.420  1881  2368 I Finsky  : [55] SCH: Scheduling 1 system job(s)
04-15 12:37:45.420  1881  2368 I Finsky  : [55] SCH: Scheduling system job Id: 9994, L: 574242, D: 83237288, C: false, I: false, N: 1
04-15 12:37:45.423   805   840 I libprocessgroup: Removed cgroup /sys/fs/cgroup/apps/uid_10152/pid_3630
04-15 12:37:45.430  1881  2547 I Finsky  : [64] SCH: job service finished with id 9983.
04-15 12:37:45.431  1396  2805 I NetworkScheduler.Stats: (REDACTED) Task %s/%s finished executing. cause:%s result: %s elapsed_millis: %s uptime_millis: %s exec_start_elapsed_seconds: %s
04-15 12:37:45.444  1600  1600 D BoundBrokerSvc: onBind: Intent { act=com.google.android.gms.semanticlocationhistory.db.OdlhPppCleanupJob.ACTION_TASK_READY dat=chimera-action:/... xflg=0x4 cmp=com.google.android.gms/.chimera.GmsInternalBoundBrokerService }
04-15 12:37:45.444  1600  1600 D BoundBrokerSvc: Loading bound service for intent: Intent { act=com.google.android.gms.semanticlocationhistory.db.OdlhPppCleanupJob.ACTION_TASK_READY dat=chimera-action:/... xflg=0x4 cmp=com.google.android.gms/.chimera.GmsInternalBoundBrokerService }
04-15 12:37:45.445  1396  2805 I NetworkScheduler.Stats: (REDACTED) Task %s/%s started execution. cause:%s exec_start_elapsed_seconds: %s
04-15 12:37:45.466  1396  1633 I NetworkScheduler.Stats: (REDACTED) Task %s/%s started execution. cause:%s exec_start_elapsed_seconds: %s
04-15 12:37:45.470  1600  1699 W LocationHistory: [OdlhPppCleanup] No page token found in Settings or DeviceMetadata [CONTEXT service_id=314 ]
04-15 12:37:45.481  1600  1600 D BoundBrokerSvc: onBind: Intent { act=com.google.android.gms.location.fused.logging.FlpSettingsLoggerService.ACTION_TASK_READY dat=chimera-action:/... xflg=0x4 cmp=com.google.android.gms/.chimera.GmsInternalBoundBrokerService }
04-15 12:37:45.481  1600  1600 D BoundBrokerSvc: Loading bound service for intent: Intent { act=com.google.android.gms.location.fused.logging.FlpSettingsLoggerService.ACTION_TASK_READY dat=chimera-action:/... xflg=0x4 cmp=com.google.android.gms/.chimera.GmsInternalBoundBrokerService }
04-15 12:37:45.516  1396  4522 I NetworkScheduler.Stats: (REDACTED) Task %s/%s started execution. cause:%s exec_start_elapsed_seconds: %s
04-15 12:37:45.522  1600  1600 D BoundBrokerSvc: onUnbind: Intent { act=com.google.android.gms.semanticlocationhistory.db.OdlhPppCleanupJob.ACTION_TASK_READY dat=chimera-action:/... xflg=0x4 cmp=com.google.android.gms/.chimera.GmsInternalBoundBrokerService }
04-15 12:37:45.522  1396  4522 I NetworkScheduler.Stats: (REDACTED) HousekeepingTask %s/%s finished executing. cause:%s result: %s elapsed_millis: %s uptime_millis: %s exec_start_elapsed_seconds: %s
04-15 12:37:45.534  1396  1633 I NetworkScheduler.Stats: (REDACTED) HousekeepingTask %s/%s finished executing. cause:%s result: %s elapsed_millis: %s uptime_millis: %s exec_start_elapsed_seconds: %s
04-15 12:37:45.549  1600  1600 D BoundBrokerSvc: onUnbind: Intent { act=com.google.android.gms.location.fused.logging.FlpSettingsLoggerService.ACTION_TASK_READY dat=chimera-action:/... xflg=0x4 cmp=com.google.android.gms/.chimera.GmsInternalBoundBrokerService }
04-15 12:37:45.582  1396  1633 I NetworkScheduler.Stats: (REDACTED) Task %s/%s started execution. cause:%s exec_start_elapsed_seconds: %s
04-15 12:37:45.630  1600  1600 D BoundBrokerSvc: onBind: Intent { act=com.google.android.gms.thunderbird.ThunderbirdSchedulerService.ACTION_TASK_READY dat=chimera-action:/... xflg=0x4 cmp=com.google.android.gms/.chimera.GmsInternalBoundBrokerService }
04-15 12:37:45.631  1600  1600 D BoundBrokerSvc: Loading bound service for intent: Intent { act=com.google.android.gms.thunderbird.ThunderbirdSchedulerService.ACTION_TASK_READY dat=chimera-action:/... xflg=0x4 cmp=com.google.android.gms/.chimera.GmsInternalBoundBrokerService }
04-15 12:37:45.632  1396  1633 I NetworkScheduler.Stats: (REDACTED) HousekeepingTask %s/%s finished executing. cause:%s result: %s elapsed_millis: %s uptime_millis: %s exec_start_elapsed_seconds: %s
04-15 12:37:45.643  1396  4528 I NetworkScheduler.Stats: (REDACTED) Task %s/%s started execution. cause:%s exec_start_elapsed_seconds: %s
04-15 12:37:45.664  1396  1633 I NetworkScheduler.Stats: (REDACTED) Task %s/%s started execution. cause:%s exec_start_elapsed_seconds: %s
04-15 12:37:45.678  1600  1600 D BoundBrokerSvc: onUnbind: Intent { act=com.google.android.gms.thunderbird.ThunderbirdSchedulerService.ACTION_TASK_READY dat=chimera-action:/... xflg=0x4 cmp=com.google.android.gms/.chimera.GmsInternalBoundBrokerService }
04-15 12:37:45.679  1396  3024 I NetworkScheduler.Stats: (REDACTED) HousekeepingTask %s/%s finished executing. cause:%s result: %s elapsed_millis: %s uptime_millis: %s exec_start_elapsed_seconds: %s
04-15 12:37:45.680  1396  3024 I NetworkScheduler.Stats: (REDACTED) HousekeepingTask %s/%s finished executing. cause:%s result: %s elapsed_millis: %s uptime_millis: %s exec_start_elapsed_seconds: %s
04-15 12:37:45.693  1396  1396 D BoundBrokerSvc: onBind: Intent { act=com.google.android.gms.libs.gmscorelogger.GmsCoreLoggerFilesCleanupTask.ACTION_TASK_READY dat=chimera-action:/... xflg=0x4 cmp=com.google.android.gms/.chimera.PersistentInternalBoundBrokerService }
04-15 12:37:45.694  1396  1396 D BoundBrokerSvc: Loading bound service for intent: Intent { act=com.google.android.gms.libs.gmscorelogger.GmsCoreLoggerFilesCleanupTask.ACTION_TASK_READY dat=chimera-action:/... xflg=0x4 cmp=com.google.android.gms/.chimera.PersistentInternalBoundBrokerService }
04-15 12:37:45.696  1396  1633 I NetworkScheduler.Stats: (REDACTED) Task %s/%s started execution. cause:%s exec_start_elapsed_seconds: %s
04-15 12:37:45.703  1396  1633 I NetworkScheduler.Stats: (REDACTED) HousekeepingTask %s/%s finished executing. cause:%s result: %s elapsed_millis: %s uptime_millis: %s exec_start_elapsed_seconds: %s
04-15 12:37:45.705  1396  1396 D BoundBrokerSvc: onUnbind: Intent { act=com.google.android.gms.libs.gmscorelogger.GmsCoreLoggerFilesCleanupTask.ACTION_TASK_READY dat=chimera-action:/... xflg=0x4 cmp=com.google.android.gms/.chimera.PersistentInternalBoundBrokerService }
04-15 12:37:45.709  1600  1600 D BoundBrokerSvc: onBind: Intent { act=com.google.android.gms.significantplaces.service.SettingsLoggingService.ACTION_TASK_READY dat=chimera-action:/... xflg=0x4 cmp=com.google.android.gms/.chimera.GmsInternalBoundBrokerService }
04-15 12:37:45.709  1600  1600 D BoundBrokerSvc: Loading bound service for intent: Intent { act=com.google.android.gms.significantplaces.service.SettingsLoggingService.ACTION_TASK_READY dat=chimera-action:/... xflg=0x4 cmp=com.google.android.gms/.chimera.GmsInternalBoundBrokerService }
04-15 12:37:45.715  1600  1600 D BoundBrokerSvc: onBind: Intent { act=com.google.android.gms.common.stats.AvailabilityFilesCleanupTask.ACTION_TASK_READY dat=chimera-action:/... xflg=0x4 cmp=com.google.android.gms/.chimera.GmsInternalBoundBrokerService }
04-15 12:37:45.715  1600  1600 D BoundBrokerSvc: Loading bound service for intent: Intent { act=com.google.android.gms.common.stats.AvailabilityFilesCleanupTask.ACTION_TASK_READY dat=chimera-action:/... xflg=0x4 cmp=com.google.android.gms/.chimera.GmsInternalBoundBrokerService }
04-15 12:37:45.716  1396  1633 I NetworkScheduler.Stats: (REDACTED) Task %s/%s started execution. cause:%s exec_start_elapsed_seconds: %s
04-15 12:37:45.719  1396  1633 I NetworkScheduler.Stats: (REDACTED) Task %s/%s started execution. cause:%s exec_start_elapsed_seconds: %s
04-15 12:37:45.731  1396  1633 I NetworkScheduler.Stats: (REDACTED) HousekeepingTask %s/%s finished executing. cause:%s result: %s elapsed_millis: %s uptime_millis: %s exec_start_elapsed_seconds: %s
04-15 12:37:45.736  1600  1600 D BoundBrokerSvc: onUnbind: Intent { act=com.google.android.gms.common.stats.AvailabilityFilesCleanupTask.ACTION_TASK_READY dat=chimera-action:/... xflg=0x4 cmp=com.google.android.gms/.chimera.GmsInternalBoundBrokerService }
04-15 12:37:45.744  1600  3033 I SignificantPlaces: (REDACTED) significant places migrated to: %s
04-15 12:37:45.759  1396  1396 D BoundBrokerSvc: onBind: Intent { act=com.google.android.gms.westworld.AppSpecificPropertyRegistrationTask.ACTION_TASK_READY dat=chimera-action:/... xflg=0x4 cmp=com.google.android.gms/.chimera.PersistentInternalBoundBrokerService }
04-15 12:37:45.759  1396  1396 D BoundBrokerSvc: Loading bound service for intent: Intent { act=com.google.android.gms.westworld.AppSpecificPropertyRegistrationTask.ACTION_TASK_READY dat=chimera-action:/... xflg=0x4 cmp=com.google.android.gms/.chimera.PersistentInternalBoundBrokerService }
04-15 12:37:45.783  1396  1396 D BoundBrokerSvc: onBind: Intent { act=com.google.android.gms.trustagent.StateApi.START dat=chimera-action:/... xflg=0x4 cmp=com.google.android.gms/.chimera.PersistentApiService }
04-15 12:37:45.783  1396  1396 D BoundBrokerSvc: Loading bound service for intent: Intent { act=com.google.android.gms.trustagent.StateApi.START dat=chimera-action:/... xflg=0x4 cmp=com.google.android.gms/.chimera.PersistentApiService }
04-15 12:37:45.789  1396  1633 I NetworkScheduler.Stats: (REDACTED) Task %s/%s started execution. cause:%s exec_start_elapsed_seconds: %s
04-15 12:37:45.817  1396  1633 I NetworkScheduler.Stats: (REDACTED) HousekeepingTask %s/%s finished executing. cause:%s result: %s elapsed_millis: %s uptime_millis: %s exec_start_elapsed_seconds: %s
04-15 12:37:45.819  1396  1396 D BoundBrokerSvc: onUnbind: Intent { act=com.google.android.gms.westworld.AppSpecificPropertyRegistrationTask.ACTION_TASK_READY dat=chimera-action:/... xflg=0x4 cmp=com.google.android.gms/.chimera.PersistentInternalBoundBrokerService }
04-15 12:37:45.821  1396  1633 I NetworkScheduler.Stats: (REDACTED) HousekeepingTask %s/%s finished executing. cause:%s result: %s elapsed_millis: %s uptime_millis: %s exec_start_elapsed_seconds: %s
04-15 12:37:45.823  1600  1600 D BoundBrokerSvc: onUnbind: Intent { act=com.google.android.gms.significantplaces.service.SettingsLoggingService.ACTION_TASK_READY dat=chimera-action:/... xflg=0x4 cmp=com.google.android.gms/.chimera.GmsInternalBoundBrokerService }
04-15 12:37:45.834  1396  4522 I NetworkScheduler.Stats: (REDACTED) Task %s/%s started execution. cause:%s exec_start_elapsed_seconds: %s
04-15 12:37:45.835  1600  3033 I AndroidUriWipeoutSvc: Running AndroidUriWipeout [CONTEXT service_id=5 ]
04-15 12:37:45.837  1600  1600 D BoundBrokerSvc: onRebind: Intent { act=.people.service.wipeout.PeopleAndroidUriWipeoutTask.ACTION_TASK_READY dat=chimera-action:/... xflg=0x4 cmp=com.google.android.gms/.chimera.GmsInternalBoundBrokerService }
04-15 12:37:45.839   805   919 E ReportEncoder: No watchlist hash
04-15 12:37:45.840  1396  3031 I NetworkScheduler.Stats: (REDACTED) HousekeepingTask %s/%s finished executing. cause:%s result: %s elapsed_millis: %s uptime_millis: %s exec_start_elapsed_seconds: %s
04-15 12:37:45.842  1600  1600 D BoundBrokerSvc: onUnbind: Intent { act=.people.service.wipeout.PeopleAndroidUriWipeoutTask.ACTION_TASK_READY dat=chimera-action:/... xflg=0x4 cmp=com.google.android.gms/.chimera.GmsInternalBoundBrokerService }
04-15 12:37:45.846  4694  4694 W libbinder.BackendUnifiedServiceManager: Thread Pool max thread count is 0. Cannot cache binder as linkToDeath cannot be implemented. serviceName: package
04-15 12:37:45.856   805   818 W system_server: Suspending all threads took: 14.484ms
04-15 12:37:45.859   805   919 I WatchlistLoggingHandler: Milliseconds spent on tryAggregateRecords(): 20251
04-15 12:37:45.869  3418  3418 D BoundBrokerSvc: onBind: Intent { act=com.google.android.gms.droidguard.DroidGuardFastRefreshGmsTaskBoundService.ACTION_TASK_READY dat=chimera-action:/... xflg=0x4 cmp=com.google.android.gms/.chimera.UnstableInternalBoundBrokerService }
04-15 12:37:45.869  3418  3418 D BoundBrokerSvc: Loading bound service for intent: Intent { act=com.google.android.gms.droidguard.DroidGuardFastRefreshGmsTaskBoundService.ACTION_TASK_READY dat=chimera-action:/... xflg=0x4 cmp=com.google.android.gms/.chimera.UnstableInternalBoundBrokerService }
04-15 12:37:45.887  1396  3031 I NetworkScheduler.Stats: (REDACTED) Task %s/%s started execution. cause:%s exec_start_elapsed_seconds: %s
04-15 12:37:45.887  1396  3031 I NetworkScheduler.Stats: (REDACTED) HousekeepingTask %s/%s finished executing. cause:%s result: %s elapsed_millis: %s uptime_millis: %s exec_start_elapsed_seconds: %s
04-15 12:37:45.889  3418  3418 D BoundBrokerSvc: onUnbind: Intent { act=com.google.android.gms.droidguard.DroidGuardFastRefreshGmsTaskBoundService.ACTION_TASK_READY dat=chimera-action:/... xflg=0x4 cmp=com.google.android.gms/.chimera.UnstableInternalBoundBrokerService }
04-15 12:37:45.899  1396  1396 D BoundBrokerSvc: onRebind: Intent { act=com.google.android.gms.mdm.services.QrlLoggerService.ACTION_TASK_READY dat=chimera-action:/... xflg=0x4 cmp=com.google.android.gms/.chimera.PersistentInternalBoundBrokerService }
04-15 12:37:45.903  1396  3031 I NetworkScheduler.Stats: (REDACTED) Task %s/%s started execution. cause:%s exec_start_elapsed_seconds: %s
04-15 12:37:45.925  1396  4522 I NetworkScheduler.Stats: (REDACTED) HousekeepingTask %s/%s finished executing. cause:%s result: %s elapsed_millis: %s uptime_millis: %s exec_start_elapsed_seconds: %s
04-15 12:37:45.932  1396  1396 D BoundBrokerSvc: onUnbind: Intent { act=com.google.android.gms.mdm.services.QrlLoggerService.ACTION_TASK_READY dat=chimera-action:/... xflg=0x4 cmp=com.google.android.gms/.chimera.PersistentInternalBoundBrokerService }
04-15 12:37:45.939   805   964 D InetDiagMessage: Destroyed 0 sockets, proto=IPPROTO_TCP, family=AF_INET, states=14
04-15 12:37:45.940   805   958 I HalDevMgr: bestIfaceCreationProposal is null, requestIface=STA, existingIface=[name=wlan0 type=STA]
04-15 12:37:45.942   805   964 D InetDiagMessage: Destroyed 0 sockets, proto=IPPROTO_TCP, family=AF_INET6, states=14
04-15 12:37:45.943   805   964 D InetDiagMessage: Destroyed live tcp sockets for uids={10157} in 11ms
04-15 12:37:45.947   805   964 D InetDiagMessage: Destroyed 0 sockets, proto=IPPROTO_TCP, family=AF_INET, states=14
04-15 12:37:45.949   805   964 D InetDiagMessage: Destroyed 0 sockets, proto=IPPROTO_TCP, family=AF_INET6, states=14
04-15 12:37:45.949   805   964 D InetDiagMessage: Destroyed live tcp sockets for uids={20157} in 6ms
04-15 12:37:45.958  1600  1600 D BoundBrokerSvc: onBind: Intent { act=com.google.android.gms.semanticlocationhistory.settings.SettingsSyncService.ACTION_TASK_READY dat=chimera-action:/... xflg=0x4 cmp=com.google.android.gms/.chimera.GmsInternalBoundBrokerService }
04-15 12:37:45.958  1600  1600 D BoundBrokerSvc: Loading bound service for intent: Intent { act=com.google.android.gms.semanticlocationhistory.settings.SettingsSyncService.ACTION_TASK_READY dat=chimera-action:/... xflg=0x4 cmp=com.google.android.gms/.chimera.GmsInternalBoundBrokerService }
04-15 12:37:45.961  1396  4522 I NetworkScheduler.Stats: (REDACTED) Task %s/%s started execution. cause:%s exec_start_elapsed_seconds: %s
04-15 12:37:45.969  1600  1600 D BoundBrokerSvc: onRebind: Intent { act=com.google.android.gms.common.stats.FeatureLoggingTask.ACTION_TASK_READY dat=chimera-action:/... xflg=0x4 cmp=com.google.android.gms/.chimera.GmsInternalBoundBrokerService }
04-15 12:37:45.970  1396  3031 I NetworkScheduler.Stats: (REDACTED) Task %s/%s started execution. cause:%s exec_start_elapsed_seconds: %s
04-15 12:37:45.983   805   818 I system_server: Background young concurrent mark compact GC freed 23MB AllocSpace bytes, 84(1624KB) LOS objects, 34% free, 37MB/56MB, paused 16.273ms,13.777ms total 182.452ms
04-15 12:37:45.985  1600  2914 I MetricIdProvider: Unable to log feature status gaia snapshot: no accounts found [CONTEXT service_id=231 ]
04-15 12:37:45.985  1600  2914 I MetricIdProvider: Unable to log feature status zwieback snapshot: Facet Usage cannot log or override not set [CONTEXT service_id=231 ]
04-15 12:37:45.986  1600  2914 I GmsCoreDailyFeatureLogg: Unable to log feature status snapshot: Cannot log gaia or zwieback [CONTEXT service_id=231 ]
04-15 12:37:45.993  1396  4522 I NetworkScheduler.Stats: (REDACTED) HousekeepingTask %s/%s finished executing. cause:%s result: %s elapsed_millis: %s uptime_millis: %s exec_start_elapsed_seconds: %s
04-15 12:37:45.994  1600  1600 D BoundBrokerSvc: onUnbind: Intent { act=com.google.android.gms.common.stats.FeatureLoggingTask.ACTION_TASK_READY dat=chimera-action:/... xflg=0x4 cmp=com.google.android.gms/.chimera.GmsInternalBoundBrokerService }
04-15 12:37:46.008  1600  1600 D BoundBrokerSvc: onRebind: Intent { act=com.google.android.gms.common.stats.NotificationLoggingTask.ACTION_TASK_READY dat=chimera-action:/... xflg=0x4 cmp=com.google.android.gms/.chimera.GmsInternalBoundBrokerService }
04-15 12:37:46.010  1396  4522 I NetworkScheduler.Stats: (REDACTED) Task %s/%s started execution. cause:%s exec_start_elapsed_seconds: %s
04-15 12:37:46.011  1600  4675 W ChimeraUtils: Module com.google.android.gms.core missing resource null(0)
04-15 12:37:46.011  1600  3033 I LocationHistory: [SettingsSync] Synced ODLH settings for all accounts. [CONTEXT service_id=314 ]
04-15 12:37:46.012  1396  3031 I NetworkScheduler.Stats: (REDACTED) HousekeepingTask %s/%s finished executing. cause:%s result: %s elapsed_millis: %s uptime_millis: %s exec_start_elapsed_seconds: %s
04-15 12:37:46.013  1600  1600 D BoundBrokerSvc: onUnbind: Intent { act=com.google.android.gms.semanticlocationhistory.settings.SettingsSyncService.ACTION_TASK_READY dat=chimera-action:/... xflg=0x4 cmp=com.google.android.gms/.chimera.GmsInternalBoundBrokerService }
04-15 12:37:46.016  1396  3031 I NetworkScheduler.Stats: (REDACTED) HousekeepingTask %s/%s finished executing. cause:%s result: %s elapsed_millis: %s uptime_millis: %s exec_start_elapsed_seconds: %s
04-15 12:37:46.017  1600  1600 D BoundBrokerSvc: onUnbind: Intent { act=com.google.android.gms.common.stats.NotificationLoggingTask.ACTION_TASK_READY dat=chimera-action:/... xflg=0x4 cmp=com.google.android.gms/.chimera.GmsInternalBoundBrokerService }
04-15 12:37:46.029  1600  1600 D BoundBrokerSvc: onBind: Intent { act=com.google.android.gms.significantplaces.service.StalePlacesCleaningService.ACTION_TASK_READY dat=chimera-action:/... xflg=0x4 cmp=com.google.android.gms/.chimera.GmsInternalBoundBrokerService }
04-15 12:37:46.029  1600  1600 D BoundBrokerSvc: Loading bound service for intent: Intent { act=com.google.android.gms.significantplaces.service.StalePlacesCleaningService.ACTION_TASK_READY dat=chimera-action:/... xflg=0x4 cmp=com.google.android.gms/.chimera.GmsInternalBoundBrokerService }
04-15 12:37:46.032  1396  4522 I NetworkScheduler.Stats: (REDACTED) Task %s/%s started execution. cause:%s exec_start_elapsed_seconds: %s
04-15 12:37:46.038  1396  3031 I NetworkScheduler.Stats: (REDACTED) HousekeepingTask %s/%s finished executing. cause:%s result: %s elapsed_millis: %s uptime_millis: %s exec_start_elapsed_seconds: %s
04-15 12:37:46.040  1600  1600 D BoundBrokerSvc: onUnbind: Intent { act=com.google.android.gms.significantplaces.service.StalePlacesCleaningService.ACTION_TASK_READY dat=chimera-action:/... xflg=0x4 cmp=com.google.android.gms/.chimera.GmsInternalBoundBrokerService }
04-15 12:37:46.043  1600  1600 D BoundBrokerSvc: onRebind: Intent { act=com.google.android.gms.advancedprotection.service.LoggingBoundService.ACTION_TASK_READY dat=chimera-action:/... xflg=0x4 cmp=com.google.android.gms/.chimera.GmsInternalBoundBrokerService }
04-15 12:37:46.044  1396  3031 I NetworkScheduler.Stats: (REDACTED) Task %s/%s started execution. cause:%s exec_start_elapsed_seconds: %s
04-15 12:37:46.053  1396  4522 I NetworkScheduler.Stats: (REDACTED) HousekeepingTask %s/%s finished executing. cause:%s result: %s elapsed_millis: %s uptime_millis: %s exec_start_elapsed_seconds: %s
04-15 12:37:46.054  1600  1600 D BoundBrokerSvc: onUnbind: Intent { act=com.google.android.gms.advancedprotection.service.LoggingBoundService.ACTION_TASK_READY dat=chimera-action:/... xflg=0x4 cmp=com.google.android.gms/.chimera.GmsInternalBoundBrokerService }
04-15 12:37:46.065  1600  1600 D BoundBrokerSvc: onBind: Intent { act=com.google.android.gms.backup.settings.notifications.BackupNotificationsTask.ACTION_TASK_READY dat=chimera-action:/... xflg=0x4 cmp=com.google.android.gms/.chimera.GmsInternalBoundBrokerService }
04-15 12:37:46.065  1600  1600 D BoundBrokerSvc: Loading bound service for intent: Intent { act=com.google.android.gms.backup.settings.notifications.BackupNotificationsTask.ACTION_TASK_READY dat=chimera-action:/... xflg=0x4 cmp=com.google.android.gms/.chimera.GmsInternalBoundBrokerService }
04-15 12:37:46.065  3224  3257 I artd    : GetBestInfo: odex next to the dex file (/data/app/~~YiRBA2aqT-jrgoUEQOLnCA==/com.google.android.gms-v5AS6X_wu1iX6L_G0ZqBAA==/oat/x86_64/base.odex) is kOatUpToDate with filter 'speed-profile' executable 'false'
04-15 12:37:46.082  1396  4522 I NetworkScheduler.Stats: (REDACTED) Task %s/%s started execution. cause:%s exec_start_elapsed_seconds: %s
04-15 12:37:46.096  3224  3257 I artd    : GetBestInfo: odex next to the dex file (/data/app/~~YiRBA2aqT-jrgoUEQOLnCA==/com.google.android.gms-v5AS6X_wu1iX6L_G0ZqBAA==/oat/x86_64/split_AdsDynamite_installtime.odex) is kOatUpToDate with filter 'speed' executable 'false'
04-15 12:37:46.098  4038  4043 W ndroid.settings: userfaultfd: MOVE ioctl seems unsupported: Connection timed out
04-15 12:37:46.101  1600  1600 E joha    : *~*~*~ Previous channel {0} was garbage collected without being shut down! ~*~*~*
04-15 12:37:46.101  1600  1600 E joha    :     Make sure to call shutdown()/shutdownNow()
04-15 12:37:46.101  1600  1600 E joha    : java.lang.RuntimeException: ManagedChannel allocation site
04-15 12:37:46.101  1600  1600 E joha    : 	at jogz.<init>(:com.google.android.gms@261233038@26.12.33 (260800-892550550):21)
04-15 12:37:46.101  1600  1600 E joha    : 	at joha.<init>(:com.google.android.gms@261233038@26.12.33 (260800-892550550):10)
04-15 12:37:46.101  1600  1600 E joha    : 	at jogy.a(:com.google.android.gms@261233038@26.12.33 (260800-892550550):296)
04-15 12:37:46.101  1600  1600 E joha    : 	at jnor.a(:com.google.android.gms@261233038@26.12.33 (260800-892550550):5)
04-15 12:37:46.101  1600  1600 E joha    : 	at bilr.a(:com.google.android.gms@261233038@26.12.33 (260800-892550550):85)
04-15 12:37:46.101  1600  1600 E joha    : 	at bili.t(:com.google.android.gms@261233038@26.12.33 (260800-892550550):119)
04-15 12:37:46.101  1600  1600 E joha    : 	at bili.G(:com.google.android.gms@261233038@26.12.33 (260800-892550550):5)
04-15 12:37:46.101  1600  1600 E joha    : 	at fibp.c(:com.google.android.gms@261233038@26.12.33 (260800-892550550):66)
04-15 12:37:46.101  1600  1600 E joha    : 	at fibp.a(:com.google.android.gms@261233038@26.12.33 (260800-892550550):3)
04-15 12:37:46.101  1600  1600 E joha    : 	at bcfc.run(:com.google.android.gms@261233038@26.12.33 (260800-892550550):5)
04-15 12:37:46.101  1600  1600 E joha    : 	at biru.c(:com.google.android.gms@261233038@26.12.33 (260800-892550550):50)
04-15 12:37:46.101  1600  1600 E joha    : 	at biru.run(:com.google.android.gms@261233038@26.12.33 (260800-892550550):73)
04-15 12:37:46.101  1600  1600 E joha    : 	at java.util.concurrent.ThreadPoolExecutor.runWorker(ThreadPoolExecutor.java:1154)
04-15 12:37:46.101  1600  1600 E joha    : 	at java.util.concurrent.ThreadPoolExecutor$Worker.run(ThreadPoolExecutor.java:652)
04-15 12:37:46.101  1600  1600 E joha    : 	at bixl.run(:com.google.android.gms@261233038@26.12.33 (260800-892550550):8)
04-15 12:37:46.101  1600  1600 E joha    : 	at java.lang.Thread.run(Thread.java:1563)
04-15 12:37:46.110  1600  1600 D BoundBrokerSvc: onRebind: Intent { act=com.google.android.gms.people.service.cpg.ActionPreferenceCleanupTask.ACTION_TASK_READY dat=chimera-action:/... xflg=0x4 cmp=com.google.android.gms/.chimera.GmsInternalBoundBrokerService }
04-15 12:37:46.111  3224  3257 I artd    : GetBestInfo: odex next to the dex file (/data/app/~~YiRBA2aqT-jrgoUEQOLnCA==/com.google.android.gms-v5AS6X_wu1iX6L_G0ZqBAA==/oat/x86_64/split_CronetDynamite_installtime.odex) is kOatUpToDate with filter 'speed' executable 'false'
04-15 12:37:46.111  1600  1600 D BoundBrokerSvc: onUnbind: Intent { act=com.google.android.mobstore.service.START xflg=0x4 pkg=com.google.android.gms }
04-15 12:37:46.113  1600  3033 I ActionPreferenceCleanup: onRunTask [CONTEXT service_id=5 ]
04-15 12:37:46.113  1600  3033 I ActionPreferenceCleanup: Running ActionPreferenceCleanup [CONTEXT service_id=5 ]
04-15 12:37:46.113  1600  3033 I VideoPreferenceCleanupW: doWork [CONTEXT service_id=5 ]
04-15 12:37:46.115  1396  3031 I NetworkScheduler.Stats: (REDACTED) Task %s/%s started execution. cause:%s exec_start_elapsed_seconds: %s
04-15 12:37:46.116  1600  4675 I BackupNotificationsTask: Running backup notifications task. [CONTEXT service_id=229 ]
04-15 12:37:46.119  1600  3033 I People_AppSearchUtilities: Using PlatformStorage API
04-15 12:37:46.120  3224  3257 I artd    : GetBestInfo: odex next to the dex file (/data/app/~~YiRBA2aqT-jrgoUEQOLnCA==/com.google.android.gms-v5AS6X_wu1iX6L_G0ZqBAA==/oat/x86_64/split_DynamiteLoader_installtime.odex) is kOatUpToDate with filter 'speed' executable 'false'
04-15 12:37:46.124  1600  3033 I VideoPreferenceCleanupW: doWork cleanup invalid [CONTEXT service_id=5 ]
04-15 12:37:46.124  1600  3033 I VideoPreferenceCleanupW: cleanupInvalid start [CONTEXT service_id=5 ]
04-15 12:37:46.133  1600  4675 W ChimeraUtils: Module com.google.android.gms.backup_settings missing resource null(0)
04-15 12:37:46.142  1600  3033 I VideoPreferenceCleanupW: No video call action preferences stored in CPG. [CONTEXT service_id=5 ]
04-15 12:37:46.148  1396  4522 I NetworkScheduler.Stats: (REDACTED) HousekeepingTask %s/%s finished executing. cause:%s result: %s elapsed_millis: %s uptime_millis: %s exec_start_elapsed_seconds: %s
04-15 12:37:46.148  3224  3257 I artd    : GetBestInfo: odex next to the dex file (/data/app/~~YiRBA2aqT-jrgoUEQOLnCA==/com.google.android.gms-v5AS6X_wu1iX6L_G0ZqBAA==/oat/x86_64/split_DynamiteModulesA_installtime.odex) is kOatUpToDate with filter 'speed' executable 'false'
04-15 12:37:46.149  1600  1600 D BoundBrokerSvc: onUnbind: Intent { act=com.google.android.gms.people.service.cpg.ActionPreferenceCleanupTask.ACTION_TASK_READY dat=chimera-action:/... xflg=0x4 cmp=com.google.android.gms/.chimera.GmsInternalBoundBrokerService }
04-15 12:37:46.151  1600  2914 I PhotosOptInNotification: Running PhotosOptInNotificationSubTask. [CONTEXT service_id=229 ]
04-15 12:37:46.151  1600  2914 I NotificationBackoffChec: (REDACTED) Not showing notification until %s.
04-15 12:37:46.151  1600  2914 I BackupNotificationsDevi: (REDACTED) isAndroidBackupEnabled %s photosApkState %s photosBackupState %s gmsCoreNotificationState %s isPhotosOptInShownInSuw %s storageQuotaInfo %s
04-15 12:37:46.151  1600  2914 I AndroidBackupEventsLogg: (REDACTED) Logging without sampling %s
04-15 12:37:46.153  1396  4522 I NetworkScheduler.Stats: (REDACTED) HousekeepingTask %s/%s finished executing. cause:%s result: %s elapsed_millis: %s uptime_millis: %s exec_start_elapsed_seconds: %s
04-15 12:37:46.155  1600  1600 D BoundBrokerSvc: onUnbind: Intent { act=com.google.android.gms.backup.settings.notifications.BackupNotificationsTask.ACTION_TASK_READY dat=chimera-action:/... xflg=0x4 cmp=com.google.android.gms/.chimera.GmsInternalBoundBrokerService }
04-15 12:37:46.158  3224  3257 I artd    : GetBestInfo: odex next to the dex file (/data/app/~~YiRBA2aqT-jrgoUEQOLnCA==/com.google.android.gms-v5AS6X_wu1iX6L_G0ZqBAA==/oat/x86_64/split_DynamiteModulesC_installtime.odex) is kOatUpToDate with filter 'speed' executable 'false'
04-15 12:37:46.163  1600  1600 D BoundBrokerSvc: onRebind: Intent { act=com.google.android.gms.semanticlocationhistory.db.OdlhDatabaseCleanupJob.ACTION_TASK_READY dat=chimera-action:/... xflg=0x4 cmp=com.google.android.gms/.chimera.GmsInternalBoundBrokerService }
04-15 12:37:46.164  1600  2914 I LocationHistory: [DataProvider] Opening SQLite [CONTEXT service_id=314 ]
04-15 12:37:46.164  1396  4522 I NetworkScheduler.Stats: (REDACTED) Task %s/%s started execution. cause:%s exec_start_elapsed_seconds: %s
04-15 12:37:46.166  3224  3257 I artd    : GetBestInfo: odex next to the dex file (/data/app/~~YiRBA2aqT-jrgoUEQOLnCA==/com.google.android.gms-v5AS6X_wu1iX6L_G0ZqBAA==/oat/x86_64/split_GoogleCertificates_installtime.odex) is kOatUpToDate with filter 'speed' executable 'false'
04-15 12:37:46.177  3224  3257 I artd    : GetBestInfo: odex next to the dex file (/data/app/~~YiRBA2aqT-jrgoUEQOLnCA==/com.google.android.gms-v5AS6X_wu1iX6L_G0ZqBAA==/oat/x86_64/split_MapsDynamite_installtime.odex) is kOatUpToDate with filter 'speed' executable 'false'
04-15 12:37:46.178  1600  1600 D BoundBrokerSvc: onBind: Intent { act=com.google.android.gms.semanticlocationhistory.reinference.ReinferenceService.ACTION_TASK_READY dat=chimera-action:/... xflg=0x4 cmp=com.google.android.gms/.chimera.GmsInternalBoundBrokerService }
04-15 12:37:46.179  1600  1600 D BoundBrokerSvc: Loading bound service for intent: Intent { act=com.google.android.gms.semanticlocationhistory.reinference.ReinferenceService.ACTION_TASK_READY dat=chimera-action:/... xflg=0x4 cmp=com.google.android.gms/.chimera.GmsInternalBoundBrokerService }
04-15 12:37:46.183  1396  3031 I NetworkScheduler.Stats: (REDACTED) Task %s/%s started execution. cause:%s exec_start_elapsed_seconds: %s
04-15 12:37:46.191  3224  3257 I artd    : GetBestInfo: odex next to the dex file (/data/app/~~YiRBA2aqT-jrgoUEQOLnCA==/com.google.android.gms-v5AS6X_wu1iX6L_G0ZqBAA==/oat/x86_64/split_MeasurementDynamite_installtime.odex) is kOatUpToDate with filter 'speed' executable 'false'
04-15 12:37:46.201  1396  4522 I NetworkScheduler.Stats: (REDACTED) HousekeepingTask %s/%s finished executing. cause:%s result: %s elapsed_millis: %s uptime_millis: %s exec_start_elapsed_seconds: %s
04-15 12:37:46.204  1600  1600 D BoundBrokerSvc: onUnbind: Intent { act=com.google.android.gms.semanticlocationhistory.reinference.ReinferenceService.ACTION_TASK_READY dat=chimera-action:/... xflg=0x4 cmp=com.google.android.gms/.chimera.GmsInternalBoundBrokerService }
04-15 12:37:46.214  3224  3257 I artd    : GetBestInfo: /data/user_de/0/com.google.android.gms/app_chimera/m/0000000b/dl-MlkitBarcodeUi.optional_253434100800.apk has no usable artifacts
04-15 12:37:46.215  3224  3257 I artd    : GetBestInfo: /data/user_de/0/com.google.android.gms/app_chimera/m/00000001/CronetDynamite.apk has no usable artifacts
04-15 12:37:46.216  1600  1600 D BoundBrokerSvc: onBind: Intent { act=com.google.android.gms.auth.blockstore.service.cloudsync.CloudSyncBackupTaskService.ACTION_TASK_READY dat=chimera-action:/... xflg=0x4 cmp=com.google.android.gms/.chimera.GmsInternalBoundBrokerService }
04-15 12:37:46.216  1600  1600 D BoundBrokerSvc: Loading bound service for intent: Intent { act=com.google.android.gms.auth.blockstore.service.cloudsync.CloudSyncBackupTaskService.ACTION_TASK_READY dat=chimera-action:/... xflg=0x4 cmp=com.google.android.gms/.chimera.GmsInternalBoundBrokerService }
04-15 12:37:46.217  3224  3257 I artd    : GetBestInfo: /data/user_de/0/com.google.android.gms/app_chimera/m/00000002/DynamiteLoader.apk has no usable artifacts
04-15 12:37:46.220  3224  3257 I artd    : GetBestInfo: /data/user_de/0/com.google.android.gms/app_chimera/m/0000000f/dl-MlkitOcrCommon.optional_261233100800.apk has no usable artifacts
04-15 12:37:46.221  1600  3571 I LocationHistory: [SqliteTransientDB] Applying TTL to transient cache. [CONTEXT service_id=314 ]
04-15 12:37:46.222  3224  3257 I artd    : GetBestInfo: /data/user_de/0/com.google.android.gms/app_chimera/m/00000005/GoogleCertificates.apk has no usable artifacts
04-15 12:37:46.223  1396  4522 I NetworkScheduler.Stats: (REDACTED) Task %s/%s started execution. cause:%s exec_start_elapsed_seconds: %s
04-15 12:37:46.223  1600  2914 I Blockstore: [CloudSyncBackupTaskService] triggering a cloud sync back up. [CONTEXT service_id=258 ]
04-15 12:37:46.224  3224  3257 I artd    : GetBestInfo: /data/user_de/0/com.google.android.gms/app_chimera/m/0000000a/dl-VisionOcr.optional_253434100000.apk has no usable artifacts
04-15 12:37:46.224  1600  3571 I LocationHistory: (REDACTED) [SqliteTransientDB] I/O operation %s succeeded.
04-15 12:37:46.225  3224  3257 I artd    : GetBestInfo: /data/user_de/0/com.google.android.gms/app_chimera/m/00000014/dl-Appsearch.optional_261233100800.apk has no usable artifacts
04-15 12:37:46.227  1396  3031 I NetworkScheduler.Stats: (REDACTED) HousekeepingTask %s/%s finished executing. cause:%s result: %s elapsed_millis: %s uptime_millis: %s exec_start_elapsed_seconds: %s
04-15 12:37:46.228  1600  1600 D BoundBrokerSvc: onUnbind: Intent { act=com.google.android.gms.semanticlocationhistory.db.OdlhDatabaseCleanupJob.ACTION_TASK_READY dat=chimera-action:/... xflg=0x4 cmp=com.google.android.gms/.chimera.GmsInternalBoundBrokerService }
04-15 12:37:46.232  3224  3257 I artd    : GetBestInfo: /data/user_de/0/com.google.android.gms/app_chimera/m/00000011/dl-MlkitBarcodeUi.optional_261233100800.apk has no usable artifacts
04-15 12:37:46.235  3224  3257 I artd    : GetBestInfo: /data/user_de/0/com.google.android.gms/app_chimera/m/00000008/dl-TfliteDynamiteDynamite.integ_252130102100800.apk has no usable artifacts
04-15 12:37:46.238  3224  3257 I artd    : GetBestInfo: /data/user_de/0/com.google.android.gms/app_chimera/m/00000012/dl-PlayCloudSearch.optional_261233100000.apk has no usable artifacts
04-15 12:37:46.239  1600  4124 I Blockstore: [EncryptedCloudSyncManager] User is not opted into Cloud backup. Should skip cloud sync. [CONTEXT service_id=258 ]
04-15 12:37:46.241  1396  1396 D BoundBrokerSvc: onRebind: Intent { act=com.google.android.gms.personalsafety.service.PersonalSafetyLoggerService.ACTION_TASK_READY dat=chimera-action:/... xflg=0x4 cmp=com.google.android.gms/.chimera.PersistentInternalBoundBrokerService }
04-15 12:37:46.241  1600  2861 I Blockstore: [EncryptedCloudSyncManager] Should not back up to cloud. Skipping. [CONTEXT service_id=258 ]
04-15 12:37:46.241  1600  2861 I Blockstore: (REDACTED) [CloudSyncBackupTaskService] sync result: %s, upload attempted: %s, encryption type: %s, uploaded size: %s bytes
04-15 12:37:46.242  1396  3031 I NetworkScheduler.Stats: (REDACTED) Task %s/%s started execution. cause:%s exec_start_elapsed_seconds: %s
04-15 12:37:46.245  3224  3257 I artd    : GetBestInfo: /data/user_de/0/com.google.android.gms/app_chimera/m/00000009/dl-MlkitOcrCommon.optional_253434100800.apk has no usable artifacts
04-15 12:37:46.246  1396  1633 W Settings: Setting airplane_mode_on has moved from android.provider.Settings.System to android.provider.Settings.Global, returning read-only value.
04-15 12:37:46.247  1600  2861 I Blockstore: [CloudSyncBackupTaskService] No app uses Blockstore cloud backup. Skip logging. [CONTEXT service_id=258 ]
04-15 12:37:46.247  1396  1633 W Settings: Setting airplane_mode_on has moved from android.provider.Settings.System to android.provider.Settings.Global, returning read-only value.
04-15 12:37:46.247  3224  3257 I artd    : GetBestInfo: /data/user_de/0/com.google.android.gms/app_chimera/m/00000013/dl-VisionOcr.optional_261233100000.apk has no usable artifacts
04-15 12:37:46.249  1396  1633 I NetworkScheduler.Stats: (REDACTED) HousekeepingTask %s/%s finished executing. cause:%s result: %s elapsed_millis: %s uptime_millis: %s exec_start_elapsed_seconds: %s
04-15 12:37:46.250  1396  1396 D BoundBrokerSvc: onUnbind: Intent { act=com.google.android.gms.personalsafety.service.PersonalSafetyLoggerService.ACTION_TASK_READY dat=chimera-action:/... xflg=0x4 cmp=com.google.android.gms/.chimera.PersistentInternalBoundBrokerService }
04-15 12:37:46.253  3224  3257 I artd    : GetBestInfo: /data/user_de/0/com.google.android.gms/app_chimera/m/0000000d/dl-Appsearch.optional_253434100800.apk has no usable artifacts
04-15 12:37:46.254  1396  1633 I NetworkScheduler.Stats: (REDACTED) HousekeepingTask %s/%s finished executing. cause:%s result: %s elapsed_millis: %s uptime_millis: %s exec_start_elapsed_seconds: %s
04-15 12:37:46.255  1600  1600 D BoundBrokerSvc: onUnbind: Intent { act=com.google.android.gms.auth.blockstore.service.cloudsync.CloudSyncBackupTaskService.ACTION_TASK_READY dat=chimera-action:/... xflg=0x4 cmp=com.google.android.gms/.chimera.GmsInternalBoundBrokerService }
04-15 12:37:46.256  3224  3257 I artd    : GetBestInfo: vdex next to the dex file (/data/user/0/com.google.android.gms/app_dg_cache/BB2AE5A47BB198AF36C19CFD2B6407061A1BAF30/oat/x86_64/the.vdex) is kOatUpToDate with filter 'verify' executable 'false'
04-15 12:37:46.258  3224  3257 I artd    : GetBestInfo: /data/user/0/com.google.android.gms/app_dg_cache/CE973E4DE823F0AA69070767A9FABB590DDD455C/the.apk has no usable artifacts
04-15 12:37:46.260   805  2245 W libbinder.Binder: Binder transaction to android.content.pm.IPackageInstaller code 8 took 1634ms. Data bytes: 140 Reply bytes: 428 Flags: 18
04-15 12:37:46.262  1396  1396 D BoundBrokerSvc: onRebind: Intent { act=com.google.android.personalsafety.settings.autolock.AutoLockLoggerService.ACTION_TASK_READY dat=chimera-action:/... xflg=0x4 cmp=com.google.android.gms/.chimera.PersistentInternalBoundBrokerService }
04-15 12:37:46.263  3387  3540 I Finsky:background: [52] DL: Data loader session turned off due to Incremental install not requested: com.google.android.partnersetup
04-15 12:37:46.263  1396  3031 I NetworkScheduler.Stats: (REDACTED) Task %s/%s started execution. cause:%s exec_start_elapsed_seconds: %s
04-15 12:37:46.264  3224  3257 I artd    : GetBestInfo: /data/user_de/0/com.google.android.gms/app_chimera/m/00000007/MeasurementDynamite.apk has no usable artifacts
04-15 12:37:46.265  3224  3257 I artd    : GetBestInfo: /data/user_de/0/com.google.android.gms/app_chimera/m/0000000e/dl-PlayCloudSearch.optional_253434100000.apk has no usable artifacts
04-15 12:37:46.274  3387  4272 I Finsky:background: [101] IV2: Setting install scenario: 0
04-15 12:37:46.277   805  4697 D FileSystemUtils: Total number of LOAD segments 3
04-15 12:37:46.277   805  4697 D FileSystemUtils: Size before punching holes st_blocks: 20432, st_blksize: 4096, st_size: 10453768
04-15 12:37:46.277   805  4697 D FileSystemUtils: Punching holes for length:4752 content which should be zero: 00000000000000000000000000000000000000000000000000000000000000000000000000000000000000000000000000000000000000000000000000000000000000000000000000000000000000000000000000000000000000000000000000000000000000000000000000000000000000000000000000000000000000000000000000000000000000000000000000000000000000000000000000000000000000000000000000000000000000000000000000000000000000000000000000000000000000000000000000000000000000000000000000000000000000000000000000000000000000000000000000000000000000000000000000000000000000000000000000000000000000000000000000000000000000000000000000000000000000000000000000000000000000000000000000000000000000000000000000000000000000000000000000000000000000000000000000000000000000000000000000000000000000000000000000000000000000000000000000000000000000000000000000000000000000000000000000000000000000000000000000000000000000000000000000000000000000000000000000000000000000000000000000000000000000000000000000000000000000000000000000
04-15 12:37:46.277   805  4697 D FileSystemUtils: Punching hole in file - start: 10153984 len:4096
04-15 12:37:46.277   805  4697 D FileSystemUtils: Size after punching holes st_blocks: 20424, st_blksize: 4096, st_size: 10453768
04-15 12:37:46.277   805  4697 D FileSystemUtils: Extra field length: 13767,  Size before punching holes st_blocks: 20424, st_blksize: 4096, st_size: 10453768
