04-15 12:37:46.649  3224  3257 I artd    : Opened FDs: 6:/data/app/~~73_x3PSvWFSFp1caPQhqWA==/com.android.vending-qdO_YzVPZI6JgYWcc-ur3g==/base.apk 7:/data/app/~~73_x3PSvWFSFp1caPQhqWA==/com.android.vending-qdO_YzVPZI6JgYWcc-ur3g==/oat/x86_64/base.odex.XvLcva.tmp 8:/data/app/~~73_x3PSvWFSFp1caPQhqWA==/com.android.vending-qdO_YzVPZI6JgYWcc-ur3g==/oat/x86_64/base.vdex.KroIm7.tmp 9:/data/app/~~73_x3PSvWFSFp1caPQhqWA==/com.android.vending-qdO_YzVPZI6JgYWcc-ur3g==/oat/x86_64/base.art.s8fCm5.tmp 10:/data/app/~~73_x3PSvWFSFp1caPQhqWA==/com.android.vending-qdO_YzVPZI6JgYWcc-ur3g==/oat/x86_64/base.odex.swap.kWGq6q.tmp 11:/system_ext/framework/androidx.window.sidecar.jar 12:/system_ext/framework/androidx.window.extensions.jar 13:/system/framework/org.apache.http.legacy.jar 14:/data/app/~~73_x3PSvWFSFp1caPQhqWA==/com.android.vending-qdO_YzVPZI6JgYWcc-ur3g==/base.dm 15:/data/misc/profiles/ref/com.android.vending/primary.prof.LPu4DX.tmp 
04-15 12:37:46.660  1600  1600 D BoundBrokerSvc: onRebind: Intent { act=com.google.android.gms.backup.settings.notifications.PhotosBackupMissingPermissionNotificationTask.ACTION_TASK_READY dat=chimera-action:/... xflg=0x4 cmp=com.google.android.gms/.chimera.GmsInternalBoundBrokerService }
04-15 12:37:46.662  4703  4703 W libprocessgroup: A JoinCgroup action in the SystemMemoryProcess profile is used for controller memory in the cgroup v2 hierarchy and will be ignored
04-15 12:37:46.663  1396  3024 W ChimeraUtils: Module com.google.android.gms.location__nonwearable missing resource location_module_display_name(0)
04-15 12:37:46.663  1396  4522 I NetworkScheduler.Stats: (REDACTED) Task %s/%s started execution. cause:%s exec_start_elapsed_seconds: %s
04-15 12:37:46.668  1396  3024 W ChimeraUtils: Module com.google.android.gms.location_base missing resource location_module_display_name(0)
04-15 12:37:46.669  1600  4124 I AndroidBackupEventsLogg: (REDACTED) Logging without sampling %s
04-15 12:37:46.672  1396  3031 I NetworkScheduler.Stats: (REDACTED) HousekeepingTask %s/%s finished executing. cause:%s result: %s elapsed_millis: %s uptime_millis: %s exec_start_elapsed_seconds: %s
04-15 12:37:46.676   805   837 W libbinder.IPCThreadState: Sending oneway calls to frozen process.
04-15 12:37:46.679  1600  1600 D BoundBrokerSvc: onUnbind: Intent { act=com.google.android.gms.backup.settings.notifications.PhotosBackupMissingPermissionNotificationTask.ACTION_TASK_READY dat=chimera-action:/... xflg=0x4 cmp=com.google.android.gms/.chimera.GmsInternalBoundBrokerService }
04-15 12:37:46.685  1600  2861 I Icing   : IndexChimeraService.getServiceInterface callingPackage=com.google.android.gms componentName=null serviceId=30
04-15 12:37:46.685  1396  1882 I NetworkScheduler.Stats: (REDACTED) HousekeepingTask %s/%s finished executing. cause:%s result: %s elapsed_millis: %s uptime_millis: %s exec_start_elapsed_seconds: %s
04-15 12:37:46.686  1396  1396 D BoundBrokerSvc: onUnbind: Intent { act=com.google.android.gms.location.service.drivingmode.DrivingModeLoggerService.ACTION_TASK_READY dat=chimera-action:/... xflg=0x4 cmp=com.google.android.gms/.chimera.PersistentInternalBoundBrokerService }
04-15 12:37:46.690  1600  1600 D BoundBrokerSvc: onRebind: Intent { act=com.google.android.gms.semanticlocationhistory.federated.regionfetcher.RegionMddMaintenanceService.ACTION_TASK_READY dat=chimera-action:/... xflg=0x4 cmp=com.google.android.gms/.chimera.GmsInternalBoundBrokerService }
04-15 12:37:46.694  1396  1633 I NetworkScheduler.Stats: (REDACTED) Task %s/%s finished executing. cause:%s result: %s elapsed_millis: %s uptime_millis: %s exec_start_elapsed_seconds: %s
04-15 12:37:46.718  1600  1600 D BoundBrokerSvc: onUnbind: Intent { act=com.google.android.gms.semanticlocationhistory.federated.regionfetcher.RegionMddMaintenanceService.ACTION_TASK_READY dat=chimera-action:/... xflg=0x4 cmp=com.google.android.gms/.chimera.GmsInternalBoundBrokerService }
04-15 12:37:46.762  4703  4703 W dex2oat64: Unexpected CPU variant for x86: x86_64.
04-15 12:37:46.762  4703  4703 W dex2oat64: Known variants: atom, sandybridge, silvermont, goldmont, goldmont-plus, goldmont-without-sha-xsaves, tremont, kabylake, alderlake, default
04-15 12:37:46.762  1396  1633 I NetworkScheduler.Stats: (REDACTED) Task %s/%s started execution. cause:%s exec_start_elapsed_seconds: %s
04-15 12:37:46.762  1396  1633 I NetworkScheduler.Stats: (REDACTED) HousekeepingTask %s/%s finished executing. cause:%s result: %s elapsed_millis: %s uptime_millis: %s exec_start_elapsed_seconds: %s
04-15 12:37:46.763  4703  4703 W dex2oat64: Mismatch between dex2oat instruction set features to use (ISA: X86_64 Feature string: -ssse3,-sse4.1,-sse4.2,-avx,-avx2,-popcnt) and those from CPP defines (ISA: X86_64 Feature string: ssse3,sse4.1,sse4.2,-avx,-avx2,popcnt) for the command line:
04-15 12:37:46.763  4703  4703 W dex2oat64: /apex/com.android.art/bin/dex2oat64 --zip-fd=6 --zip-location=/data/app/~~73_x3PSvWFSFp1caPQhqWA==/com.android.vending-qdO_YzVPZI6JgYWcc-ur3g==/base.apk --oat-fd=7 --oat-location=/data/app/~~73_x3PSvWFSFp1caPQhqWA==/com.android.vending-qdO_YzVPZI6JgYWcc-ur3g==/oat/x86_64/base.odex --output-vdex-fd=8 --app-image-fd=9 --image-format=lz4 --swap-fd=10 --class-loader-context-fds=11:12:13 --class-loader-context=PCL[]{PCL[/system/framework/org.apache.http.legacy.jar]#PCL[/system_ext/framework/androidx.window.extensions.jar]#PCL[/system_ext/framework/androidx.window.sidecar.jar]} --classpath-dir=/data/app/~~73_x3PSvWFSFp1caPQhqWA==/com.android.vending-qdO_YzVPZI6JgYWcc-ur3g== --dm-fd=14 --profile-file-fd=15 --instruction-set=x86_64 --instruction-set-features=default --instruction-set-variant=x86_64 --compiler-filter=speed-profile --compilation-reason=install-dm --max-image-block-size=524288 --resolve-startup-const-strings=true --generate-mini-debug-info --runtime-arg -Xtarget-sdk-version:36 --runtime-arg -Xhidden-api-policy:enabled --assume-value=Landroid/os/Build$VERSION;->SDK_INT:36 --no-allow-profile-code --runtime-arg -Xms64m --runtime-arg -Xmx512m --comments=app-name:com.android.vending,app-version-name:50.9.23-31 [0] [PR] 895453497,app-version-code:85092330,art-version:361153460
04-15 12:37:46.777  4703  4703 W dex2oat64: No primary.vdex file in DexMetadata archive. Not doing fast verification: Failed to find entry 'primary.vdex': Entry not found
04-15 12:37:46.777  4703  4703 I dex2oat64: /apex/com.android.art/bin/dex2oat64 --output-vdex-fd=8 --class-loader-context-fds=11:12:13 --class-loader-context=PCL[]{PCL[/system/framework/org.apache.http.legacy.jar]#PCL[/system_ext/framework/androidx.window.extensions.jar]#PCL[/system_ext/framework/androidx.window.sidecar.jar]} --classpath-dir=/data/app/~~73_x3PSvWFSFp1caPQhqWA==/com.android.vending-qdO_YzVPZI6JgYWcc-ur3g== --dm-fd=14 --profile-file-fd=15 --compiler-filter=speed-profile --compilation-reason=install-dm --max-image-block-size=524288 --resolve-startup-const-strings=true --generate-mini-debug-info --assume-value=Landroid/os/Build$VERSION;->SDK_INT:36 --no-allow-profile-code --comments=app-name:com.android.vending,app-version-name:50.9.23-31 [0] [PR] 895453497,app-version-code:85092330,art-version:361153460
04-15 12:37:46.791  1396  1882 I NetworkScheduler.Stats: (REDACTED) Task %s/%s finished executing. cause:%s result: %s elapsed_millis: %s uptime_millis: %s exec_start_elapsed_seconds: %s
04-15 12:37:46.791  1396  1396 D BoundBrokerSvc: onUnbind: Intent { act=com.google.android.gms.scheduler.standalone.housekeeping.HousekeepingTrainTaskService.ACTION_TASK_READY dat=chimera-action:/... xflg=0x4 cmp=com.google.android.gms/.chimera.PersistentInternalBoundBrokerService }
04-15 12:37:46.806  1396  1396 D BoundBrokerSvc: onBind: Intent { act=com.google.android.gms.presencemanager.service.START dat=chimera-action:/... xflg=0x4 cmp=com.google.android.gms/.chimera.PersistentApiService }
04-15 12:37:46.806  1396  1396 D BoundBrokerSvc: Loading bound service for intent: Intent { act=com.google.android.gms.presencemanager.service.START dat=chimera-action:/... xflg=0x4 cmp=com.google.android.gms/.chimera.PersistentApiService }
04-15 12:37:46.811  1600  4124 I Icing   : Usage reports ok 1, Failed Usage reports 0, indexed 0, rejected 0
04-15 12:37:46.816  1396  1396 D BoundBrokerSvc: onBind: Intent { act=com.google.android.gms.presencemanager.service.INTERNAL_IDENTITY dat=chimera-action:/... xflg=0x4 cmp=com.google.android.gms/.chimera.PersistentApiService }
04-15 12:37:46.816  1396  1396 D BoundBrokerSvc: Loading bound service for intent: Intent { act=com.google.android.gms.presencemanager.service.INTERNAL_IDENTITY dat=chimera-action:/... xflg=0x4 cmp=com.google.android.gms/.chimera.PersistentApiService }
04-15 12:37:46.820  1396  1882 I NetworkScheduler.Stats: (REDACTED) Task %s/%s started execution. cause:%s exec_start_elapsed_seconds: %s
04-15 12:37:46.821  1396  1882 I NetworkScheduler.Stats: (REDACTED) Task %s/%s finished executing. cause:%s result: %s elapsed_millis: %s uptime_millis: %s exec_start_elapsed_seconds: %s
04-15 12:37:46.832  1396  1396 D BoundBrokerSvc: onRebind: Intent { act=com.google.android.gms.scheduler.standalone.housekeeping.HousekeepingTrainTaskService.ACTION_TASK_READY dat=chimera-action:/... xflg=0x4 cmp=com.google.android.gms/.chimera.PersistentInternalBoundBrokerService }
04-15 12:37:46.837  3387  3540 I Finsky:background: [52] IV2::TD: Fetching metadata done. com.google.android.partnersetup[iid:3] [isid:3A7FzKKpS1SOmjzw_yBk3A] [tid: 1000000003]
04-15 12:37:46.842  1396  1882 I NetworkScheduler.Stats: (REDACTED) Task %s/%s started execution. cause:%s exec_start_elapsed_seconds: %s
04-15 12:37:46.843  3387  4404 I Finsky:background: [116] ICalc: Partition available space: 3739807744, install size: 1666229, min free: 311405772, additional needed: 0
04-15 12:37:46.844  3387  3532 I Finsky:background: [51] AV::DSC: sufficient disk space space available for com.google.android.partnersetup[iid:3] [isid:3A7FzKKpS1SOmjzw_yBk3A] [tid: 1000000003]: 1666229
04-15 12:37:46.846  1600  1600 D BoundBrokerSvc: onBind: Intent { act=com.google.android.gms.threadnetwork.credentials.firstparty.BorderRouterSyncBoundService.ACTION_TASK_READY dat=chimera-action:/... xflg=0x4 cmp=com.google.android.gms/.chimera.GmsInternalBoundBrokerService }
04-15 12:37:46.846  1600  1600 D BoundBrokerSvc: Loading bound service for intent: Intent { act=com.google.android.gms.threadnetwork.credentials.firstparty.BorderRouterSyncBoundService.ACTION_TASK_READY dat=chimera-action:/... xflg=0x4 cmp=com.google.android.gms/.chimera.GmsInternalBoundBrokerService }
04-15 12:37:46.849  1396  1633 I NetworkScheduler.Stats: (REDACTED) Task %s/%s started execution. cause:%s exec_start_elapsed_seconds: %s
04-15 12:37:46.852  1600  2914 I GmsThreadNetwork: [BorderRouterSyncBoundService] Border Router sync service run task [CONTEXT service_id=305 ]
04-15 12:37:46.853  3387  3549 W Finsky:background: [56] AV::PV: Can't download patch for package com.google.android.partnersetup, artifact com.google.android.partnersetup.apk, because didn't receive one in delivery response.
04-15 12:37:46.853  3387  3549 W Finsky:background: [56] AV::PV: Can't download patch for package com.google.android.partnersetup, artifact config.en, because didn't receive one in delivery response.
04-15 12:37:46.854  3387  3549 W Finsky:background: [56] AV::PV: Can't download patch for package com.google.android.partnersetup, artifact config.es, because didn't receive one in delivery response.
04-15 12:37:46.859  3387  3549 W Finsky:background: [56] AV::PV: Can't download patch for package com.google.android.partnersetup, artifact config.xxhdpi, because didn't receive one in delivery response.
04-15 12:37:46.859  3387  3540 I Finsky:background: [52] IV2::TD: Resource fetch start. com.google.android.partnersetup[iid:3] [isid:3A7FzKKpS1SOmjzw_yBk3A] [tid: 1000000003]
04-15 12:37:46.860  3387  3540 I Finsky:background: [52] IV2: onTaskProgress com.google.android.partnersetup[iid:3] [isid:3A7FzKKpS1SOmjzw_yBk3A] status:RESOURCE_FETCH_START, size: 0/0
04-15 12:37:46.861  3387  3556 I Finsky:background: [60] IQ: Notifying installation update. [Package:com.google.android.partnersetup, isid:3A7FzKKpS1SOmjzw_yBk3A] state:DOWNLOADING, status=DOWNLOADING, status_code=0, reason=auto_update, tsc=PT16.533S, attempt=0
04-15 12:37:46.865  3387  3529 I Finsky:background: [48] RF: No TaskData found for a new request.
04-15 12:37:46.866  1396  1882 I NetworkScheduler.Stats: (REDACTED) Task %s/%s started execution. cause:%s exec_start_elapsed_seconds: %s
04-15 12:37:46.869  1396  1396 D BoundBrokerSvc: onBind: Intent { act=com.google.android.gms.mdns.service.START dat=chimera-action:/... xflg=0x4 cmp=com.google.android.gms/.chimera.PersistentApiService }
04-15 12:37:46.869  1396  1396 D BoundBrokerSvc: Loading bound service for intent: Intent { act=com.google.android.gms.mdns.service.START dat=chimera-action:/... xflg=0x4 cmp=com.google.android.gms/.chimera.PersistentApiService }
04-15 12:37:46.874  1396  1882 I TapAndPay: Device ineligible for SE registration [CONTEXT service_id=79 ]
04-15 12:37:46.875  3387  3387 I Finsky:background: [2] PIM: Ignore install package event for: com.google.android.partnersetup, isid: 3A7FzKKpS1SOmjzw_yBk3A
04-15 12:37:46.877  1881  1881 I Finsky  : [2] DL: Data loader session turned off due to Incremental install not requested: com.google.android.partnersetup
04-15 12:37:46.877  3387  3529 I Finsky:background: [48] RF: RowId of the upserted row is 1000000003.
04-15 12:37:46.881  1396  1882 I NetworkScheduler.Stats: (REDACTED) Task %s/%s finished executing. cause:%s result: %s elapsed_millis: %s uptime_millis: %s exec_start_elapsed_seconds: %s
04-15 12:37:46.884  3387  3529 I Finsky:background: [48] RF: Start fetching and post processing all artifacts with real time bandwidth check.
04-15 12:37:46.885   805   964 D ConnectivityService: NetReassign [no changes] [c 1] [a 2] [i 1]
04-15 12:37:46.887  1881  1881 I Finsky  : [2] IQ::HLD: if pauseAppUpdates is called now, it must wait for these ongoing installs: [[Package:com.google.android.partnersetup, isid:3A7FzKKpS1SOmjzw_yBk3A] state:DOWNLOADING]
04-15 12:37:46.902  3387  3528 I Finsky:background: [47] RM: create resource request id e31c2482-5322-4130-8a45-31d0710fb0d2 for request com.google.android.partnersetup.apk reason: auto_update isid: 3A7FzKKpS1SOmjzw_yBk3A
04-15 12:37:46.912  3387  3532 I Finsky:background: [51] RM: create resource request id 75b6064f-fbda-472b-a3fe-40350c734a18 for request config.es reason: auto_update isid: 3A7FzKKpS1SOmjzw_yBk3A
04-15 12:37:46.939   805   964 D ConnectivityService: NetReassign [no changes] [c 0] [a 14] [i 1]
04-15 12:37:46.939  4703  4703 I dex2oat64: Using CollectorTypeCMC GC.
04-15 12:37:46.941  3387  3530 I Finsky:background: [49] DSC: enqueue()
04-15 12:37:46.942  1600  2914 I GmsThreadNetwork: [BorderRouterSynchronizer] Start syncing 1P Border Routers [CONTEXT service_id=305 ]
04-15 12:37:46.947  3387  3530 I Finsky:background: [49] DSC: enqueue()
04-15 12:37:46.947  1600  1705 I MdnsServiceBrowser: (REDACTED) registering %s
04-15 12:37:46.948  1396  3024 I NetworkScheduler.Stats: (REDACTED) Task %s/%s started execution. cause:%s exec_start_elapsed_seconds: %s
04-15 12:37:46.953  1396  3024 I NetworkScheduler.Stats: (REDACTED) Task %s/%s finished executing. cause:%s result: %s elapsed_millis: %s uptime_millis: %s exec_start_elapsed_seconds: %s
04-15 12:37:46.954  3387  3805 I Finsky:background: [91] DS: request_id=37 generated with shared preferences
04-15 12:37:46.954  3387  3805 I Finsky:background: [91] DS: enqueue(request_id=37, files_to_download=[com.google.android.partnersetup.apk(size:564144)], context[group_id=com.google.android.partnersetup:3A7FzKKpS1SOmjzw_yBk3A], display_data[invisible=true, title=Google Partner Setup], network_restrictions=ANY_NETWORK
04-15 12:37:46.954  3387  3805 I Finsky:background: [91] DS: request_id=38 generated with shared preferences
04-15 12:37:46.954  3387  3805 I Finsky:background: [91] DS: enqueue(request_id=38, files_to_download=[config.es(size:5516)], context[group_id=com.google.android.partnersetup:3A7FzKKpS1SOmjzw_yBk3A], display_data[invisible=true, title=Google Partner Setup], network_restrictions=ANY_NETWORK
04-15 12:37:46.954  1600  3033 I GmsThreadNetwork: [BorderAgentScannerImpl] Started mDNS service browser [CONTEXT service_id=305 ]
04-15 12:37:46.975  3387  3529 I Finsky:background: [48] RM: create resource request id 74693ac1-6645-4150-bad9-107468c8e39d for request config.en reason: auto_update isid: 3A7FzKKpS1SOmjzw_yBk3A
04-15 12:37:46.977   805  2080 I WifiService: acquireMulticastLock uid=10155 lockTag=mdns-cast
04-15 12:37:47.000  3387  3805 I Finsky:background: [91] DS: enqueue with parallel downloads (request_id=37,groupId=com.google.android.partnersetup:3A7FzKKpS1SOmjzw_yBk3A)
04-15 12:37:47.001  3387  3805 I Finsky:background: [91] DS::CD: download(37)
04-15 12:37:47.001  3387  3805 I Finsky:background: [91] DSC::L: Update all listeners for download <37:QUEUED with WAITING_FOR_START:0%[0%]> in group com.google.android.partnersetup:3A7FzKKpS1SOmjzw_yBk3A
04-15 12:37:47.001  3387  3805 I Finsky:background: [91] DSC::L: Updating listener DownloadServiceManagerListener::scq@4bacec3 for download <37:QUEUED with WAITING_FOR_START:0%[0%]>
04-15 12:37:47.001  3387  3805 I Finsky:background: [91] DSC::L: Updating listener ufu@c5ba340 for download <37:QUEUED with WAITING_FOR_START:0%[0%]>
04-15 12:37:47.001  3387  3805 I Finsky:background: [91] DSC::L: Updating listener DownloadServiceManagerListener::amzg@6bba5ca for download <37:QUEUED with WAITING_FOR_START:0%[0%]>
04-15 12:37:47.001  3387  3805 I Finsky:background: [91] DS::IDC: updateWith: <37:QUEUED with WAITING_FOR_START:0%[0%]>
04-15 12:37:47.001  3387  3805 I Finsky:background: [91] DS::ISM: Starting invisible download job
04-15 12:37:47.003  3387  3581 I Finsky:background: [65] SCH: Received scheduling request: Id: 40-9998, Constraints: [{ L: 0, D: 86400000, C: CHARGING_NONE, I: IDLE_NONE, N: NET_ANY, B: BATTERY_ANY }]
04-15 12:37:47.004  3387  3530 I Finsky:background: [49] RM: new request resourceRequestId=e31c2482-5322-4130-8a45-31d0710fb0d2 requestId=37 package=com.google.android.partnersetup artifact=com.google.android.partnersetup.apk isid=3A7FzKKpS1SOmjzw_yBk3A
04-15 12:37:47.005  3387  3532 I Finsky:background: [51] RM: create resource request id b16198ef-4584-401a-b9b0-dc541e8c4524 for request config.xxhdpi reason: auto_update isid: 3A7FzKKpS1SOmjzw_yBk3A
04-15 12:37:47.013  1396  4693 I NetworkScheduler.Stats: (REDACTED) Task %s/%s started execution. cause:%s exec_start_elapsed_seconds: %s
04-15 12:37:47.018  3387  3805 I Finsky:background: [91] DS: enqueue with parallel downloads (request_id=38,groupId=com.google.android.partnersetup:3A7FzKKpS1SOmjzw_yBk3A)
04-15 12:37:47.018  3387  3805 I Finsky:background: [91] DS::CD: download(38)
04-15 12:37:47.018  3387  3805 I Finsky:background: [91] DSC::L: Update all listeners for download <38:QUEUED with WAITING_FOR_START:0%[0%]> in group com.google.android.partnersetup:3A7FzKKpS1SOmjzw_yBk3A
04-15 12:37:47.019  3387  3805 I Finsky:background: [91] DSC::L: Updating listener DownloadServiceManagerListener::scq@4bacec3 for download <38:QUEUED with WAITING_FOR_START:0%[0%]>
04-15 12:37:47.019  3387  3805 I Finsky:background: [91] DSC::L: Updating listener ufu@c5ba340 for download <38:QUEUED with WAITING_FOR_START:0%[0%]>
04-15 12:37:47.019  3387  3805 I Finsky:background: [91] DSC::L: Updating listener DownloadServiceManagerListener::amzg@6bba5ca for download <38:QUEUED with WAITING_FOR_START:0%[0%]>
04-15 12:37:47.019  3387  3805 I Finsky:background: [91] DS::IDC: updateWith: <38:QUEUED with WAITING_FOR_START:0%[0%]>
04-15 12:37:47.021  3387  3530 I Finsky:background: [49] RM: new request resourceRequestId=75b6064f-fbda-472b-a3fe-40350c734a18 requestId=38 package=com.google.android.partnersetup artifact=config.es isid=3A7FzKKpS1SOmjzw_yBk3A
04-15 12:37:47.023  3387  3532 I Finsky:background: [51] RM: create resource request id 9584c7cf-990c-4304-a007-7cb0430de92e for request com.google.android.partnersetup.dm reason: auto_update isid: 3A7FzKKpS1SOmjzw_yBk3A
04-15 12:37:47.045  3387  3548 I Finsky:background: [55] RM: getStatus resourceRequestId=e31c2482-5322-4130-8a45-31d0710fb0d2 requestId=37 package=com.google.android.partnersetup artifact=com.google.android.partnersetup.apk isid=3A7FzKKpS1SOmjzw_yBk3A
04-15 12:37:47.045  3387  3548 I Finsky:background: [55] DSC: reviveDownload(37)
04-15 12:37:47.045  3387  3548 I Finsky:background: [55] DS: reviveDownload(request_id=37)
04-15 12:37:47.047  3387  3805 I Finsky:background: [91] DSC::L: Update all listeners for download <37:RUNNING:0%[0%]> in group com.google.android.partnersetup:3A7FzKKpS1SOmjzw_yBk3A
04-15 12:37:47.047  3387  3805 I Finsky:background: [91] DSC::L: Updating listener DownloadServiceManagerListener::scq@4bacec3 for download <37:RUNNING:0%[0%]>
04-15 12:37:47.047  3387  3805 I Finsky:background: [91] DSC::L: Updating listener ufu@c5ba340 for download <37:RUNNING:0%[0%]>
04-15 12:37:47.047  3387  3805 I Finsky:background: [91] DSC::L: Updating listener DownloadServiceManagerListener::amzg@6bba5ca for download <37:RUNNING:0%[0%]>
04-15 12:37:47.047  3387  3805 I Finsky:background: [91] DS: Received onProgress request_id=37
04-15 12:37:47.047  3387  3805 I Finsky:background: [91] RM: receive resource status onStart com.google.android.partnersetup.apk reason: auto_update isid: 3A7FzKKpS1SOmjzw_yBk3A, 2, 192, size: 0/564144
04-15 12:37:47.047  3387  3805 I Finsky:background: [91] RM: receive resource status onProgress download_request_id=37, group_id=com.google.android.partnersetup.apk reason: auto_update isid: 3A7FzKKpS1SOmjzw_yBk3A, status_code=RESOURCE_STATUS_IN_PROGRESS, legacy_status_code=192, size: 0/564144
04-15 12:37:47.047  3387  3805 I Finsky:background: [91] DS::IDC: updateWith: <37:RUNNING:0%[0%]>
04-15 12:37:47.047  3387  3805 I Finsky:background: [91] DS::CD: Using Cronet.
04-15 12:37:47.048  1600  1600 D BoundBrokerSvc: onRebind: Intent { act=com.google.android.gms.mdm.LogFmdEnabledBoundService.ACTION_TASK_READY dat=chimera-action:/... xflg=0x4 cmp=com.google.android.gms/.chimera.GmsInternalBoundBrokerService }
04-15 12:37:47.049  4703  4703 I dex2oat64: Large app, accepted running with swap.
04-15 12:37:47.054  3387  3805 I Finsky:background: [91] DS: Current runningDownloadsCount: 0, queuedCount: 1
04-15 12:37:47.054  3387  3805 I Finsky:background: [91] DS: Incremented runningDownloadsCount to: 1
04-15 12:37:47.061  1396  2422 I NetworkScheduler.Stats: (REDACTED) Task %s/%s started execution. cause:%s exec_start_elapsed_seconds: %s
04-15 12:37:47.063  3387  3805 I Finsky:background: [91] DS: DS: onReviveDownload(request_id=37, files_to_download=[com.google.android.partnersetup.apk(size:564144)], context[group_id=com.google.android.partnersetup:3A7FzKKpS1SOmjzw_yBk3A], display_data[invisible=true, title=Google Partner Setup], network_restrictions=ANY_NETWORK status=running, bytes_downloaded=0, total_bytes=564144, retry[count=0, next_retry=n/a])
04-15 12:37:47.063  1600  1600 I GmsThreadNetwork: (REDACTED) [BorderAgentScannerImpl] Sent Border Agent mDNS service query (transactionId = %d)
04-15 12:37:47.070  3387  3522 I Finsky:background: [45] WM::SCH: Logging work initialize for 40-9998
04-15 12:37:47.072  1396  2422 I NetworkScheduler.Stats: (REDACTED) HousekeepingTask %s/%s finished executing. cause:%s result: %s elapsed_millis: %s uptime_millis: %s exec_start_elapsed_seconds: %s
04-15 12:37:47.073  1600  1600 D BoundBrokerSvc: onUnbind: Intent { act=com.google.android.gms.mdm.LogFmdEnabledBoundService.ACTION_TASK_READY dat=chimera-action:/... xflg=0x4 cmp=com.google.android.gms/.chimera.GmsInternalBoundBrokerService }
04-15 12:37:47.077  1174  1301 D IpClient.wlan0: set max DTIM multiplier to 1
04-15 12:37:47.079  3387  3805 I Finsky:background: [91] DSC::L: Update all listeners for download <38:RUNNING:0%[0%]> in group com.google.android.partnersetup:3A7FzKKpS1SOmjzw_yBk3A
04-15 12:37:47.079  3387  3805 I Finsky:background: [91] DSC::L: Updating listener DownloadServiceManagerListener::scq@4bacec3 for download <38:RUNNING:0%[0%]>
04-15 12:37:47.079  3387  3805 I Finsky:background: [91] DSC::L: Updating listener ufu@c5ba340 for download <38:RUNNING:0%[0%]>
04-15 12:37:47.079  3387  3805 I Finsky:background: [91] DSC::L: Updating listener DownloadServiceManagerListener::amzg@6bba5ca for download <38:RUNNING:0%[0%]>
04-15 12:37:47.079  3387  3805 I Finsky:background: [91] DS: Received onProgress request_id=38
04-15 12:37:47.079  3387  3805 I Finsky:background: [91] RM: receive resource status onProgress download_request_id=38, group_id=config.es reason: auto_update isid: 3A7FzKKpS1SOmjzw_yBk3A, status_code=RESOURCE_STATUS_IN_PROGRESS, legacy_status_code=192, size: 0/5516
04-15 12:37:47.082  3387  3805 I Finsky:background: [91] DS::IDC: updateWith: <38:RUNNING:0%[0%]>
04-15 12:37:47.082  3387  3805 I Finsky:background: [91] DS::CD: Using Cronet.
04-15 12:37:47.082  3387  3805 I Finsky:background: [91] DS: Current runningDownloadsCount: 1, queuedCount: 1
04-15 12:37:47.082  3387  3805 I Finsky:background: [91] DS: Incremented runningDownloadsCount to: 2
04-15 12:37:47.083  3387  3548 I Finsky:background: [55] RM: getStatus resourceRequestId=e31c2482-5322-4130-8a45-31d0710fb0d2 requestId=37 package=com.google.android.partnersetup artifact=com.google.android.partnersetup.apk isid=3A7FzKKpS1SOmjzw_yBk3A
04-15 12:37:47.086  3387  3548 I Finsky:background: [55] DSC: reviveDownload(37)
04-15 12:37:47.086  3387  3557 I Finsky:background: [61] RM: getStatus resourceRequestId=e31c2482-5322-4130-8a45-31d0710fb0d2 requestId=37 package=com.google.android.partnersetup artifact=com.google.android.partnersetup.apk isid=3A7FzKKpS1SOmjzw_yBk3A
04-15 12:37:47.086  3387  3557 I Finsky:background: [61] DSC: reviveDownload(37)
04-15 12:37:47.086  3387  3548 I Finsky:background: [55] RM: getStatus resourceRequestId=75b6064f-fbda-472b-a3fe-40350c734a18 requestId=38 package=com.google.android.partnersetup artifact=config.es isid=3A7FzKKpS1SOmjzw_yBk3A
04-15 12:37:47.086  3387  3548 I Finsky:background: [55] DSC: reviveDownload(38)
04-15 12:37:47.086  3387  3559 I Finsky:background: [63] RM: getStatus resourceRequestId=75b6064f-fbda-472b-a3fe-40350c734a18 requestId=38 package=com.google.android.partnersetup artifact=config.es isid=3A7FzKKpS1SOmjzw_yBk3A
04-15 12:37:47.086  3387  3559 I Finsky:background: [63] DSC: reviveDownload(38)
04-15 12:37:47.086  3387  3559 I Finsky:background: [63] DS: reviveDownload(request_id=38)
04-15 12:37:47.086  3387  3559 I Finsky:background: [63] DS: reviveDownload(request_id=38)
04-15 12:37:47.086  3387  3548 I Finsky:background: [55] DS: reviveDownload(request_id=37)
04-15 12:37:47.087  3387  3557 I Finsky:background: [61] DS: reviveDownload(request_id=37)
04-15 12:37:47.087  3387  3805 I Finsky:background: [91] DS: DS: onReviveDownload(request_id=38, files_to_download=[config.es(size:5516)], context[group_id=com.google.android.partnersetup:3A7FzKKpS1SOmjzw_yBk3A], display_data[invisible=true, title=Google Partner Setup], network_restrictions=ANY_NETWORK status=running, bytes_downloaded=0, total_bytes=5516, retry[count=0, next_retry=n/a])
04-15 12:37:47.087  3387  3805 I Finsky:background: [91] DS: DS: onReviveDownload(request_id=38, files_to_download=[config.es(size:5516)], context[group_id=com.google.android.partnersetup:3A7FzKKpS1SOmjzw_yBk3A], display_data[invisible=true, title=Google Partner Setup], network_restrictions=ANY_NETWORK status=running, bytes_downloaded=0, total_bytes=5516, retry[count=0, next_retry=n/a])
04-15 12:37:47.098  3387  3387 I Finsky:background: [2] RF: onProgress request_id=38 isid=3A7FzKKpS1SOmjzw_yBk3A
04-15 12:37:47.098  3387  3387 I Finsky:background: [2] RF: resourceStatus for request_id=38 group=com.google.android.partnersetup artifact=config.es collectedBytes= 0 / 5516
04-15 12:37:47.098  3387  3387 I Finsky:background: [2] RF: Group=com.google.android.partnersetup totalBytesDownloaded= 0 / 596568 for 1 artifacts
04-15 12:37:47.099  1396  2422 I NetworkScheduler.Stats: (REDACTED) Task %s/%s started execution. cause:%s exec_start_elapsed_seconds: %s
04-15 12:37:47.099  3387  3529 I Finsky:background: [48] SCH: Scheduling phonesky job Id: 40-9998, CT: 1776271067003, Constraints: [{ L: 0, D: 86400000, C: CHARGING_NONE, I: IDLE_NONE, N: NET_ANY, B: BATTERY_ANY }, { L: 0, D: 0, C: CHARGING_NONE, I: IDLE_NONE, N: NET_NONE, B: BATTERY_ANY }]
04-15 12:37:47.099  3387  3805 I Finsky:background: [91] DS: DS: onReviveDownload(request_id=37, files_to_download=[com.google.android.partnersetup.apk(size:564144)], context[group_id=com.google.android.partnersetup:3A7FzKKpS1SOmjzw_yBk3A], display_data[invisible=true, title=Google Partner Setup], network_restrictions=ANY_NETWORK status=running, bytes_downloaded=0, total_bytes=564144, retry[count=0, next_retry=n/a])
04-15 12:37:47.100  1600  1600 D BoundBrokerSvc: onRebind: Intent { act=com.google.android.gms.location.fused.logging.HardwareLoggerService.ACTION_TASK_READY dat=chimera-action:/... xflg=0x4 cmp=com.google.android.gms/.chimera.GmsInternalBoundBrokerService }
04-15 12:37:47.106  3387  3552 I ding:background: IncrementDisableThreadFlip blocked for 6.285ms
04-15 12:37:47.107  3387  3805 I Finsky:background: [91] DS: DS: onReviveDownload(request_id=37, files_to_download=[com.google.android.partnersetup.apk(size:564144)], context[group_id=com.google.android.partnersetup:3A7FzKKpS1SOmjzw_yBk3A], display_data[invisible=true, title=Google Partner Setup], network_restrictions=ANY_NETWORK status=running, bytes_downloaded=0, total_bytes=564144, retry[count=0, next_retry=n/a])
04-15 12:37:47.110  1396  1882 I NetworkScheduler.Stats: (REDACTED) HousekeepingTask %s/%s finished executing. cause:%s result: %s elapsed_millis: %s uptime_millis: %s exec_start_elapsed_seconds: %s
04-15 12:37:47.112   805   818 I system_server: Background concurrent mark compact GC freed 13MB AllocSpace bytes, 8(176KB) LOS objects, 41% free, 33MB/57MB, paused 5.014ms,6.900ms total 254.572ms
04-15 12:37:47.112   805   958 E WifiStaIfaceAidlImpl: setDtimMultiplier failed with service-specific exception: android.os.ServiceSpecificException:  (code 4)
04-15 12:37:47.114  3387  3387 I Finsky:background: [2] Updated time lastBroadcast=2026-04-15T16:37:44.865Z current=2026-04-15T16:37:47.114Z
04-15 12:37:47.114  3387  3387 I Finsky:background: [2] bytesCompleted/bytesTotal/ratio = 0 / 596568 / 0.000000
04-15 12:37:47.116  3387  3529 I Finsky:background: [48] SCH: Scheduling system job 10243 to resume after 0 ms
04-15 12:37:47.116  1600  1600 D BoundBrokerSvc: onUnbind: Intent { act=com.google.android.gms.location.fused.logging.HardwareLoggerService.ACTION_TASK_READY dat=chimera-action:/... xflg=0x4 cmp=com.google.android.gms/.chimera.GmsInternalBoundBrokerService }
04-15 12:37:47.117  3387  3387 I Finsky:background: [2] RF: onProgress request_id=37 isid=3A7FzKKpS1SOmjzw_yBk3A
04-15 12:37:47.117  3387  3387 I Finsky:background: [2] RF: resourceStatus for request_id=37 group=com.google.android.partnersetup artifact=com.google.android.partnersetup.apk collectedBytes= 0 / 564144
04-15 12:37:47.117  3387  3387 I Finsky:background: [2] RF: Group=com.google.android.partnersetup totalBytesDownloaded= 0 / 596568 for 2 artifacts
04-15 12:37:47.124  3387  3529 I Finsky:background: [48] SCH: Scheduling system job 10244 to resume after 0 ms
04-15 12:37:47.124  3387  3387 I Finsky:background: [2] RF: Preventing total bytes update to listeners
04-15 12:37:47.125  3387  3548 I Finsky:background: [55] DSC: enqueue()
04-15 12:37:47.125  3387  3529 I Finsky:background: [48] SCH: Resuming system job 10244 from hub.
04-15 12:37:47.127  3387  3559 I Finsky:background: [63] DSC: enqueue()
04-15 12:37:47.129  3387  3532 I Finsky:background: [51] SCH: Resuming system job 10243 from hub.
04-15 12:37:47.131  3387  4428 I Finsky:background: [121] CronetDownloader: onRedirectReceived
04-15 12:37:47.132  3387  3549 I Finsky:background: [56] SCH: Scheduling 0 system job(s)
04-15 12:37:47.133  3387  3387 I Finsky:background: [2] RF: onStart request_id=37 isid=3A7FzKKpS1SOmjzw_yBk3A
04-15 12:37:47.134  3387  3540 I Finsky:background: [52] IV2: onTaskProgress com.google.android.partnersetup[iid:3] [isid:3A7FzKKpS1SOmjzw_yBk3A] status:RESOURCE_FETCH_PROGRESS, size: 0/596568
04-15 12:37:47.134  3387  3805 I Finsky:background: [91] DS: request_id=39 generated with shared preferences
04-15 12:37:47.135  3387  3805 I Finsky:background: [91] DS: enqueue(request_id=39, files_to_download=[config.xxhdpi(size:4941)], context[group_id=com.google.android.partnersetup:3A7FzKKpS1SOmjzw_yBk3A], display_data[invisible=true, title=Google Partner Setup], network_restrictions=ANY_NETWORK
04-15 12:37:47.135  3387  3805 I Finsky:background: [91] DS: request_id=40 generated with shared preferences
04-15 12:37:47.135  3387  3805 I Finsky:background: [91] DS: enqueue(request_id=40, files_to_download=[config.en(size:5178)], context[group_id=com.google.android.partnersetup:3A7FzKKpS1SOmjzw_yBk3A], display_data[invisible=true, title=Google Partner Setup], network_restrictions=ANY_NETWORK
04-15 12:37:47.136  3387  3387 I Finsky:background: [2] RF: Preventing total bytes update to listeners
04-15 12:37:47.136  3387  3556 I Finsky:background: [60] IQ: Notifying installation update. [Package:com.google.android.partnersetup, isid:3A7FzKKpS1SOmjzw_yBk3A] state:DOWNLOADING, status=DOWNLOADING, status_code=0, reason=auto_update, tsc=PT16.808S, attempt=0
04-15 12:37:47.138  3387  3581 I Finsky:background: [65] SCH: Satisfied jobs for 10244 are: 3-34, 3-38, 40-9998
04-15 12:37:47.138  3387  3559 I Finsky:background: [63] DSC: enqueue()
04-15 12:37:47.139  3387  3771 I Finsky:background: [79] SCH: Job 40-9998 starting
04-15 12:37:47.139  3387  3581 I Finsky:background: [65] SCH: Satisfied jobs for 10243 are: 3-34, 3-38, 40-9998
04-15 12:37:47.139  3387  3387 I Finsky:background: [2] WM::SCH: Logging work start for 40-9998
04-15 12:37:47.140  3387  3387 I Finsky:background: [2] DS::IRJ: Running InvisibleRunJob
04-15 12:37:47.145  3387  3805 I Finsky:background: [91] DS: request_id=41 generated with shared preferences
04-15 12:37:47.145  3387  3805 I Finsky:background: [91] DS: enqueue(request_id=41, files_to_download=[com.google.android.partnersetup.dm(size:16789)], context[group_id=com.google.android.partnersetup:3A7FzKKpS1SOmjzw_yBk3A], display_data[invisible=true, title=Google Partner Setup], network_restrictions=ANY_NETWORK
04-15 12:37:47.156  3387  3387 I Finsky:background: [2] PIM: Ignore install package event for: com.google.android.partnersetup, isid: 3A7FzKKpS1SOmjzw_yBk3A
04-15 12:37:47.157  1881  1881 I Finsky  : [2] DL: Data loader session turned off due to Incremental install not requested: com.google.android.partnersetup
04-15 12:37:47.157  1396  1882 I NetworkScheduler.Stats: (REDACTED) Task %s/%s started execution. cause:%s exec_start_elapsed_seconds: %s
04-15 12:37:47.160  1881  1881 I Finsky  : [2] IQ::HLD: if pauseAppUpdates is called now, it must wait for these ongoing installs: [[Package:com.google.android.partnersetup, isid:3A7FzKKpS1SOmjzw_yBk3A] state:DOWNLOADING]
04-15 12:37:47.164  3387  3805 I Finsky:background: [91] DS: enqueue with parallel downloads (request_id=39,groupId=com.google.android.partnersetup:3A7FzKKpS1SOmjzw_yBk3A)
04-15 12:37:47.164  3387  3805 I Finsky:background: [91] DS::CD: download(39)
04-15 12:37:47.164  3387  3805 I Finsky:background: [91] DSC::L: Update all listeners for download <39:QUEUED with WAITING_FOR_START:0%[0%]> in group com.google.android.partnersetup:3A7FzKKpS1SOmjzw_yBk3A
04-15 12:37:47.164  3387  3805 I Finsky:background: [91] DSC::L: Updating listener DownloadServiceManagerListener::scq@4bacec3 for download <39:QUEUED with WAITING_FOR_START:0%[0%]>
04-15 12:37:47.164  3387  3805 I Finsky:background: [91] DSC::L: Updating listener ufu@c5ba340 for download <39:QUEUED with WAITING_FOR_START:0%[0%]>
04-15 12:37:47.164  3387  3805 I Finsky:background: [91] DSC::L: Updating listener DownloadServiceManagerListener::amzg@6bba5ca for download <39:QUEUED with WAITING_FOR_START:0%[0%]>
04-15 12:37:47.164  3387  3805 I Finsky:background: [91] DS::IDC: updateWith: <39:QUEUED with WAITING_FOR_START:0%[0%]>
04-15 12:37:47.166  3387  3559 I Finsky:background: [63] RM: new request resourceRequestId=b16198ef-4584-401a-b9b0-dc541e8c4524 requestId=39 package=com.google.android.partnersetup artifact=config.xxhdpi isid=3A7FzKKpS1SOmjzw_yBk3A
04-15 12:37:47.167  3387  4428 I Finsky:background: [121] CronetDownloader: onRedirectReceived
04-15 12:37:47.179  3387  3805 I Finsky:background: [91] DS: enqueue with parallel downloads (request_id=40,groupId=com.google.android.partnersetup:3A7FzKKpS1SOmjzw_yBk3A)
04-15 12:37:47.179  3387  3805 I Finsky:background: [91] DS::CD: download(40)
04-15 12:37:47.179  3387  3805 I Finsky:background: [91] DSC::L: Update all listeners for download <40:QUEUED with WAITING_FOR_START:0%[0%]> in group com.google.android.partnersetup:3A7FzKKpS1SOmjzw_yBk3A
04-15 12:37:47.180  3387  3805 I Finsky:background: [91] DSC::L: Updating listener DownloadServiceManagerListener::scq@4bacec3 for download <40:QUEUED with WAITING_FOR_START:0%[0%]>
04-15 12:37:47.180  3387  3805 I Finsky:background: [91] DSC::L: Updating listener ufu@c5ba340 for download <40:QUEUED with WAITING_FOR_START:0%[0%]>
04-15 12:37:47.180  3387  3805 I Finsky:background: [91] DSC::L: Updating listener DownloadServiceManagerListener::amzg@6bba5ca for download <40:QUEUED with WAITING_FOR_START:0%[0%]>
04-15 12:37:47.180  3387  3805 I Finsky:background: [91] DS::IDC: updateWith: <40:QUEUED with WAITING_FOR_START:0%[0%]>
04-15 12:37:47.181   805   837 W libbinder.IPCThreadState: Sending oneway calls to frozen process.
04-15 12:37:47.182  3387  3548 I Finsky:background: [55] RM: getStatus resourceRequestId=b16198ef-4584-401a-b9b0-dc541e8c4524 requestId=39 package=com.google.android.partnersetup artifact=config.xxhdpi isid=3A7FzKKpS1SOmjzw_yBk3A
04-15 12:37:47.182  3387  3548 I Finsky:background: [55] DSC: reviveDownload(39)
04-15 12:37:47.182  3387  3548 I Finsky:background: [55] DS: reviveDownload(request_id=39)
04-15 12:37:47.182  1396  2422 I NetworkScheduler.Stats: (REDACTED) HousekeepingTask %s/%s finished executing. cause:%s result: %s elapsed_millis: %s uptime_millis: %s exec_start_elapsed_seconds: %s
04-15 12:37:47.182  3387  3548 I Finsky:background: [55] RM: new request resourceRequestId=74693ac1-6645-4150-bad9-107468c8e39d requestId=40 package=com.google.android.partnersetup artifact=config.en isid=3A7FzKKpS1SOmjzw_yBk3A
04-15 12:37:47.182  3387  3805 I Finsky:background: [91] DS: DS: onReviveDownload(request_id=39, files_to_download=[config.xxhdpi(size:4941)], context[group_id=com.google.android.partnersetup:3A7FzKKpS1SOmjzw_yBk3A], display_data[invisible=true, title=Google Partner Setup], network_restrictions=ANY_NETWORK status=running, bytes_downloaded=0, total_bytes=4941, retry[count=0, next_retry=n/a])
04-15 12:37:47.198  3387  3805 I Finsky:background: [91] DSC::L: Update all listeners for download <39:RUNNING:0%[0%]> in group com.google.android.partnersetup:3A7FzKKpS1SOmjzw_yBk3A
04-15 12:37:47.198  3387  3805 I Finsky:background: [91] DSC::L: Updating listener DownloadServiceManagerListener::scq@4bacec3 for download <39:RUNNING:0%[0%]>
04-15 12:37:47.198  3387  3805 I Finsky:background: [91] DSC::L: Updating listener ufu@c5ba340 for download <39:RUNNING:0%[0%]>
04-15 12:37:47.198  3387  3805 I Finsky:background: [91] DSC::L: Updating listener DownloadServiceManagerListener::amzg@6bba5ca for download <39:RUNNING:0%[0%]>
04-15 12:37:47.198  3387  3805 I Finsky:background: [91] DS: Received onProgress request_id=39
04-15 12:37:47.198  3387  3805 I Finsky:background: [91] RM: receive resource status onProgress download_request_id=39, group_id=config.xxhdpi reason: auto_update isid: 3A7FzKKpS1SOmjzw_yBk3A, status_code=RESOURCE_STATUS_IN_PROGRESS, legacy_status_code=192, size: 0/4941
04-15 12:37:47.198  3387  3805 I Finsky:background: [91] DS::IDC: updateWith: <39:RUNNING:0%[0%]>
04-15 12:37:47.198  3387  3805 I Finsky:background: [91] DS::CD: Using Cronet.
04-15 12:37:47.198  3387  3805 I Finsky:background: [91] DS: Current runningDownloadsCount: 2, queuedCount: 1
04-15 12:37:47.198  3387  3805 I Finsky:background: [91] DS: Incremented runningDownloadsCount to: 3
04-15 12:37:47.200  1600  1600 D BoundBrokerSvc: onRebind: Intent { act=com.google.android.gms.networktransparency.init.NetworkDataUpdateTaskBoundService.ACTION_TASK_READY dat=chimera-action:/... xflg=0x4 cmp=com.google.android.gms/.chimera.GmsInternalBoundBrokerService }
04-15 12:37:47.201  1396  2422 I NetworkScheduler.Stats: (REDACTED) Task %s/%s started execution. cause:%s exec_start_elapsed_seconds: %s
04-15 12:37:47.204  3387  3530 I Finsky:background: [49] RM: getStatus resourceRequestId=b16198ef-4584-401a-b9b0-dc541e8c4524 requestId=39 package=com.google.android.partnersetup artifact=config.xxhdpi isid=3A7FzKKpS1SOmjzw_yBk3A
04-15 12:37:47.204  3387  3530 I Finsky:background: [49] DSC: reviveDownload(39)
04-15 12:37:47.206  3387  3557 I Finsky:background: [61] DS: reviveDownload(request_id=39)
04-15 12:37:47.207  3387  3557 I Finsky:background: [61] RM: getStatus resourceRequestId=74693ac1-6645-4150-bad9-107468c8e39d requestId=40 package=com.google.android.partnersetup artifact=config.en isid=3A7FzKKpS1SOmjzw_yBk3A
04-15 12:37:47.207  3387  3557 I Finsky:background: [61] DSC: reviveDownload(40)
04-15 12:37:47.207  3387  3557 I Finsky:background: [61] DS: reviveDownload(request_id=40)
04-15 12:37:47.207  3387  3805 I Finsky:background: [91] DS: DS: onReviveDownload(request_id=39, files_to_download=[config.xxhdpi(size:4941)], context[group_id=com.google.android.partnersetup:3A7FzKKpS1SOmjzw_yBk3A], display_data[invisible=true, title=Google Partner Setup], network_restrictions=ANY_NETWORK status=running, bytes_downloaded=0, total_bytes=4941, retry[count=0, next_retry=n/a])
04-15 12:37:47.207  3387  3805 I Finsky:background: [91] DS: DS: onReviveDownload(request_id=40, files_to_download=[config.en(size:5178)], context[group_id=com.google.android.partnersetup:3A7FzKKpS1SOmjzw_yBk3A], display_data[invisible=true, title=Google Partner Setup], network_restrictions=ANY_NETWORK status=running, bytes_downloaded=0, total_bytes=5178, retry[count=0, next_retry=n/a])
04-15 12:37:47.209  3387  3387 I Finsky:background: [2] RF: onProgress request_id=39 isid=3A7FzKKpS1SOmjzw_yBk3A
04-15 12:37:47.209  3387  3387 I Finsky:background: [2] RF: resourceStatus for request_id=39 group=com.google.android.partnersetup artifact=config.xxhdpi collectedBytes= 0 / 4941
04-15 12:37:47.209  3387  3387 I Finsky:background: [2] RF: Group=com.google.android.partnersetup totalBytesDownloaded= 0 / 596568 for 3 artifacts
04-15 12:37:47.212  3387  3387 I Finsky:background: [2] RF: Preventing total bytes update to listeners
04-15 12:37:47.228  3387  3805 I Finsky:background: [91] DSC::L: Update all listeners for download <40:RUNNING:0%[0%]> in group com.google.android.partnersetup:3A7FzKKpS1SOmjzw_yBk3A
04-15 12:37:47.229  3387  3805 I Finsky:background: [91] DSC::L: Updating listener DownloadServiceManagerListener::scq@4bacec3 for download <40:RUNNING:0%[0%]>
04-15 12:37:47.229  3387  3805 I Finsky:background: [91] DSC::L: Updating listener ufu@c5ba340 for download <40:RUNNING:0%[0%]>
04-15 12:37:47.229  3387  3805 I Finsky:background: [91] DSC::L: Updating listener DownloadServiceManagerListener::amzg@6bba5ca for download <40:RUNNING:0%[0%]>
04-15 12:37:47.229  3387  3805 I Finsky:background: [91] DS: Received onProgress request_id=40
04-15 12:37:47.229  3387  3805 I Finsky:background: [91] RM: receive resource status onProgress download_request_id=40, group_id=config.en reason: auto_update isid: 3A7FzKKpS1SOmjzw_yBk3A, status_code=RESOURCE_STATUS_IN_PROGRESS, legacy_status_code=192, size: 0/5178
04-15 12:37:47.229  3387  3805 I Finsky:background: [91] DS::IDC: updateWith: <40:RUNNING:0%[0%]>
04-15 12:37:47.232  3387  3805 I Finsky:background: [91] DS::CD: Using Cronet.
04-15 12:37:47.232  3387  3805 I Finsky:background: [91] DS: Current runningDownloadsCount: 3, queuedCount: 1
04-15 12:37:47.233  3387  3530 I Finsky:background: [49] RM: getStatus resourceRequestId=74693ac1-6645-4150-bad9-107468c8e39d requestId=40 package=com.google.android.partnersetup artifact=config.en isid=3A7FzKKpS1SOmjzw_yBk3A
04-15 12:37:47.233  3387  3805 I Finsky:background: [91] DS: Incremented runningDownloadsCount to: 4
04-15 12:37:47.234  3387  3530 I Finsky:background: [49] DSC: reviveDownload(40)
04-15 12:37:47.235  3387  3557 I Finsky:background: [61] DS: reviveDownload(request_id=40)
04-15 12:37:47.239  3387  3805 I Finsky:background: [91] DS: enqueue with parallel downloads (request_id=41,groupId=com.google.android.partnersetup:3A7FzKKpS1SOmjzw_yBk3A)
04-15 12:37:47.239  3387  3805 I Finsky:background: [91] DS::CD: download(41)
04-15 12:37:47.248  3387  3805 I Finsky:background: [91] DSC::L: Update all listeners for download <41:QUEUED with WAITING_FOR_START:0%[0%]> in group com.google.android.partnersetup:3A7FzKKpS1SOmjzw_yBk3A
04-15 12:37:47.248  3387  3805 I Finsky:background: [91] DSC::L: Updating listener DownloadServiceManagerListener::scq@4bacec3 for download <41:QUEUED with WAITING_FOR_START:0%[0%]>
04-15 12:37:47.248  3387  3805 I Finsky:background: [91] DSC::L: Updating listener ufu@c5ba340 for download <41:QUEUED with WAITING_FOR_START:0%[0%]>
04-15 12:37:47.248  3387  3805 I Finsky:background: [91] DSC::L: Updating listener DownloadServiceManagerListener::amzg@6bba5ca for download <41:QUEUED with WAITING_FOR_START:0%[0%]>
04-15 12:37:47.248  3387  3805 I Finsky:background: [91] DS::IDC: updateWith: <41:QUEUED with WAITING_FOR_START:0%[0%]>
04-15 12:37:47.251  3387  3805 I Finsky:background: [91] DS: DS: onReviveDownload(request_id=40, files_to_download=[config.en(size:5178)], context[group_id=com.google.android.partnersetup:3A7FzKKpS1SOmjzw_yBk3A], display_data[invisible=true, title=Google Partner Setup], network_restrictions=ANY_NETWORK status=running, bytes_downloaded=0, total_bytes=5178, retry[count=0, next_retry=n/a])
04-15 12:37:47.253  3387  3548 I Finsky:background: [55] RM: new request resourceRequestId=9584c7cf-990c-4304-a007-7cb0430de92e requestId=41 package=com.google.android.partnersetup artifact=com.google.android.partnersetup.dm isid=3A7FzKKpS1SOmjzw_yBk3A
04-15 12:37:47.255  3387  3387 I Finsky:background: [2] RF: onProgress request_id=40 isid=3A7FzKKpS1SOmjzw_yBk3A
04-15 12:37:47.255  3387  3387 I Finsky:background: [2] RF: resourceStatus for request_id=40 group=com.google.android.partnersetup artifact=config.en collectedBytes= 0 / 5178
04-15 12:37:47.255  3387  3387 I Finsky:background: [2] RF: Group=com.google.android.partnersetup totalBytesDownloaded= 0 / 596568 for 4 artifacts
04-15 12:37:47.258  3387  4428 I Finsky:background: [121] CronetDownloader: onRedirectReceived
04-15 12:37:47.262  3387  3387 I Finsky:background: [2] RF: Preventing total bytes update to listeners
04-15 12:37:47.265  3387  3805 I Finsky:background: [91] DSC::L: Update all listeners for download <41:RUNNING:0%[0%]> in group com.google.android.partnersetup:3A7FzKKpS1SOmjzw_yBk3A
04-15 12:37:47.266  3387  3805 I Finsky:background: [91] DSC::L: Updating listener DownloadServiceManagerListener::scq@4bacec3 for download <41:RUNNING:0%[0%]>
04-15 12:37:47.266  3387  3805 I Finsky:background: [91] DSC::L: Updating listener ufu@c5ba340 for download <41:RUNNING:0%[0%]>
04-15 12:37:47.266  3387  3805 I Finsky:background: [91] DSC::L: Updating listener DownloadServiceManagerListener::amzg@6bba5ca for download <41:RUNNING:0%[0%]>
04-15 12:37:47.266  3387  3805 I Finsky:background: [91] DS: Received onProgress request_id=41
04-15 12:37:47.266  3387  3805 I Finsky:background: [91] RM: receive resource status onProgress download_request_id=41, group_id=com.google.android.partnersetup.dm reason: auto_update isid: 3A7FzKKpS1SOmjzw_yBk3A, status_code=RESOURCE_STATUS_IN_PROGRESS, legacy_status_code=192, size: 0/16789
04-15 12:37:47.267  3387  3805 I Finsky:background: [91] DS::IDC: updateWith: <41:RUNNING:0%[0%]>
04-15 12:37:47.267  3387  3805 I Finsky:background: [91] DS::CD: Using Cronet.
04-15 12:37:47.267  3387  3805 I Finsky:background: [91] DS: Current runningDownloadsCount: 4, queuedCount: 1
04-15 12:37:47.272  3387  3530 I Finsky:background: [49] RM: getStatus resourceRequestId=9584c7cf-990c-4304-a007-7cb0430de92e requestId=41 package=com.google.android.partnersetup artifact=com.google.android.partnersetup.dm isid=3A7FzKKpS1SOmjzw_yBk3A
04-15 12:37:47.272  3387  3530 I Finsky:background: [49] DSC: reviveDownload(41)
04-15 12:37:47.272  3387  3530 I Finsky:background: [49] RM: getStatus resourceRequestId=9584c7cf-990c-4304-a007-7cb0430de92e requestId=41 package=com.google.android.partnersetup artifact=com.google.android.partnersetup.dm isid=3A7FzKKpS1SOmjzw_yBk3A
04-15 12:37:47.272  3387  3530 I Finsky:background: [49] DSC: reviveDownload(41)
04-15 12:37:47.273  3387  3548 I Finsky:background: [55] DS: reviveDownload(request_id=41)
04-15 12:37:47.273  3387  3530 I Finsky:background: [49] DS: reviveDownload(request_id=41)
04-15 12:37:47.273  3387  3805 I Finsky:background: [91] DS: DS: onReviveDownload(request_id=41, files_to_download=[com.google.android.partnersetup.dm(size:16789)], context[group_id=com.google.android.partnersetup:3A7FzKKpS1SOmjzw_yBk3A], display_data[invisible=true, title=Google Partner Setup], network_restrictions=ANY_NETWORK status=running, bytes_downloaded=0, total_bytes=16789, retry[count=0, next_retry=n/a])
